Microchip MPLAB XC8 Compiler V1.33 ()

Linker command line:

--edf=/Applications/microchip/xc8/v1.33/dat/en_msgs.txt -cs \
  -h+dist/default/debug/PIC_firmware.debug.sym \
  --cmf=dist/default/debug/PIC_firmware.debug.cmf -z -Q18F97J94 \
  -o/tmp/cgtAenWCO -Mdist/default/debug/PIC_firmware.debug.map -E1 -ver=XC8 \
  -ASTACK=0A00h-0df9h -pstack=STACK -ACODE=00h-01FFEFh -ACONST=00h-01FFEFh \
  -ASMALLCONST=0E00h-0EFFhx497,01FF00h-01FFEFh \
  -AMEDIUMCONST=0E00h-0FFFFh,010E00h-01FFEFh -ACOMRAM=01h-05Fh \
  -AABS1=00h-0DF9h -ABIGRAM=01h-0DF9h \
  -ARAM=060h-0FFh,0100h-01FFhx12,0D00h-0DF9h -ABANK0=060h-0FFh \
  -ABANK1=0100h-01FFh -ABANK2=0200h-02FFh -ABANK3=0300h-03FFh \
  -ABANK4=0400h-04FFh -ABANK5=0500h-05FFh -ABANK6=0600h-06FFh \
  -ABANK7=0700h-07FFh -ABANK8=0800h-08FFh -ABANK9=0900h-09FFh \
  -ABANK10=0A00h-0AFFh -ABANK11=0B00h-0BFFh -ABANK12=0C00h-0CFFh \
  -ABANK13=0D00h-0DF9h \
  -ASFR=0DFAh-0DFFh,0E00h-0EFFh,0F00h-0F5Fh,0F60h-0FFCh \
  -preset_vec=00h,intcode=08h,intcodelo=018h,powerup,init,end_init \
  -pramtop=0E00h -psmallconst=SMALLCONST -pmediumconst=MEDIUMCONST \
  -pconst=CONST -AFARRAM=00h-00h -ACONFIG=01FFF0h-01FFFFh -pconfig=CONFIG \
  -pjflash_buffer=01FBF8h \
  -prdata=COMRAM,nvrram=COMRAM,nvbit=COMRAM,rbss=COMRAM,rbit=COMRAM \
  -pfarbss=FARRAM,fardata=FARRAM,nvFARRAM=FARRAM \
  -pintsave_regs=BIGRAM,bigbss=BIGRAM,bigdata=BIGRAM -pbss=RAM \
  -pidata=CODE,irdata=CODE,ibigdata=CODE,ifardata=CODE /tmp/cgtz3osfI.obj \
  dist/default/debug/PIC_firmware.debug.obj 

Object code version is 3.11

Machine type is 18F97J94

Call graph: (short form)




                Name                               Link     Load   Length Selector   Space Scale
/tmp/cgtz3osfI.obj
                end_init                             70       70        4        C       0
                reset_vec                             0        0        6        0       0
                config                            1FFF0    1FFF0       10    1FFF0       0
dist/default/debug/PIC_firmware.debug.obj
                intcodelo                            18       18       58        C       0
                intcode                               8        8        C        4       0
                mediumconst                        FEC4     FEC4      13C     7F62       0
                text46                            11652    11652        E     8A7A       0
                intcode_body                      1120E    1120E       66     8000       0
                text43                            11604    11604       12     8A7A       0
                text42                            112CC    112CC       56     8000       0
                text41                            11464    11464       36     8000       0
                text40                            1055A    1055A      1C2     8000       0
                text39                            11322    11322       4A     8000       0
                text38                            113B0    113B0       3E     8000       0
                text37                            10A0C    10A0C      124     8000       0
                text36                            11274    11274       58     8000       0
                text35                            10000    10000      384     8000       0
                text34                            11626    11626       10     8A7A       0
                text33                            11138    11138       6C     8000       0
                text32                            1136C    1136C       44     8000       0
                text31                            11588    11588       22     8A7A       0
                text30                            108BE    108BE      14E     8000       0
                text29                            10C28    10C28       D4     8000       0
                text28                            115C6    115C6       1A     8A7A       0
                text27                            1142A    1142A       3A     8000       0
                text26                            113EE    113EE       3C     8000       0
                text25                            10E72    10E72       88     8000       0
                text24                            11540    11540       26     8A7A       0
                text23                            10384    10384      1D6     8000       0
                text22                            10CFC    10CFC       CA     8000       0
                text21                            115F2    115F2       12     8A7A       0
                text20                            1167E    1167E        2     8A7A       0
                text19                            1149A    1149A       30     8000       0
                text18                            1071C    1071C      1A2     8000       0
                text17                            10DC6    10DC6       AC     8000       0
                text16                            11616    11616       10     8A7A       0
                text15                            1151A    1151A       26     8A7A       0
                text14                            11678    11678        6     8A7A       0
                text13                            11058    11058       72     8000       0
                text12                            10EFA    10EFA       7A     8000       0
                text11                            10FE6    10FE6       72     8000       0
                text10                            10F74    10F74       72     8000       0
                text9                             110CA    110CA       6E     8000       0
                text8                             11566    11566       22     8A7A       0
                text7                             115AA    115AA       1C     8A7A       0
                text6                             11644    11644        E     8A7A       0
                text5                             114F4    114F4       26     8A7A       0
                text4                             11636    11636        E     8A7A       0
                text3                             1166C    1166C        C     8A7A       0
                text2                             11660    11660        C     8A7A       0
                text1                             115E0    115E0       12     8A7A       0
                text0                             10B30    10B30       F8     8000       0
                cstackCOMRAM                          1        1       52        1       1
                cstackBANK0                          60       60       38       60       1
                bssBIGRAM                           280      280      3E8      280       1
                bssBANK2                            200      200       80      200       1
                bssBANK1                            100      100       E4      100       1
                dataBANK0                            C6       C6       29       60       1
                bssBANK0                             98       98       2E       60       1
                bssCOMRAM                            53       53        7        1       1
                cinit                             111A4    111A4       6A     8000       0
                idataBANK0                        114CA    114CA       29     8000       0

TOTAL           Name                               Link     Load   Length     Space
        CLASS   STACK          

        CLASS   CODE           
                end_init                             70       70        4         0
                intcodelo                            18       18       58         0
                intcode                               8        8        C         0
                reset_vec                             0        0        6         0
                text46                            11652    11652        E         0
                intcode_body                      1120E    1120E       66         0
                text43                            11604    11604       12         0
                text42                            112CC    112CC       56         0
                text41                            11464    11464       36         0
                text40                            1055A    1055A      1C2         0
                text39                            11322    11322       4A         0
                text38                            113B0    113B0       3E         0
                text37                            10A0C    10A0C      124         0
                text36                            11274    11274       58         0
                text35                            10000    10000      384         0
                text34                            11626    11626       10         0
                text33                            11138    11138       6C         0
                text32                            1136C    1136C       44         0
                text31                            11588    11588       22         0
                text30                            108BE    108BE      14E         0
                text29                            10C28    10C28       D4         0
                text28                            115C6    115C6       1A         0
                text27                            1142A    1142A       3A         0
                text26                            113EE    113EE       3C         0
                text25                            10E72    10E72       88         0
                text24                            11540    11540       26         0
                text23                            10384    10384      1D6         0
                text22                            10CFC    10CFC       CA         0
                text21                            115F2    115F2       12         0
                text20                            1167E    1167E        2         0
                text19                            1149A    1149A       30         0
                text18                            1071C    1071C      1A2         0
                text17                            10DC6    10DC6       AC         0
                text16                            11616    11616       10         0
                text15                            1151A    1151A       26         0
                text14                            11678    11678        6         0
                text13                            11058    11058       72         0
                text12                            10EFA    10EFA       7A         0
                text11                            10FE6    10FE6       72         0
                text10                            10F74    10F74       72         0
                text9                             110CA    110CA       6E         0
                text8                             11566    11566       22         0
                text7                             115AA    115AA       1C         0
                text6                             11644    11644        E         0
                text5                             114F4    114F4       26         0
                text4                             11636    11636        E         0
                text3                             1166C    1166C        C         0
                text2                             11660    11660        C         0
                text1                             115E0    115E0       12         0
                text0                             10B30    10B30       F8         0
                cinit                             111A4    111A4       6A         0
                idataBANK0                        114CA    114CA       29         0

        CLASS   CONST          

        CLASS   SMALLCONST     

        CLASS   MEDIUMCONST    
                mediumconst                        FEC4     FEC4      13C         0

        CLASS   COMRAM         
                cstackCOMRAM                          1        1       52         1
                bssCOMRAM                            53       53        7         1

        CLASS   ABS1           

        CLASS   BIGRAM         
                bssBIGRAM                           280      280      3E8         1

        CLASS   RAM            

        CLASS   BANK0          
                cstackBANK0                          60       60       38         1
                dataBANK0                            C6       C6       29         1
                bssBANK0                             98       98       2E         1

        CLASS   BANK1          
                bssBANK1                            100      100       E4         1

        CLASS   BANK2          
                bssBANK2                            200      200       80         1

        CLASS   BANK3          

        CLASS   BANK4          

        CLASS   BANK5          

        CLASS   BANK6          

        CLASS   BANK7          

        CLASS   BANK8          

        CLASS   BANK9          

        CLASS   BANK10         

        CLASS   BANK11         

        CLASS   BANK12         

        CLASS   BANK13         

        CLASS   SFR            

        CLASS   FARRAM         

        CLASS   CONFIG         
                config                            1FFF0    1FFF0       10         0

        CLASS   IDLOC          



SEGMENTS        Name                           Load    Length   Top    Selector   Space  Class

                reset_vec                      000000  000006  000006         0       0  CODE    
                cstackCOMRAM                   000001  000059  00005A         1       1  COMRAM  
                intcode                        000008  00000C  000014         4       0  CODE    
                intcodelo                      000018  00005C  000074         C       0  CODE    
                cstackBANK0                    000060  00008F  0000EF        60       1  BANK0   
                bssBANK1                       000100  0000E4  0001E4       100       1  BANK1   
                bssBANK2                       000200  000080  000280       200       1  BANK2   
                bssBIGRAM                      000280  0003E8  000668       280       1  BIGRAM  
                mediumconst                    00FEC4  00013C  010000      7F62       0  MEDIUMCO
                text35                         010000  0014F3  0114F3      8000       0  CODE    
                text5                          0114F4  00018C  011680      8A7A       0  CODE    
                config                         01FFF0  000010  020000     1FFF0       0  CONFIG  


UNUSED ADDRESS RANGES

        Name                Unused          Largest block    Delta
        BANK0            000EF-000FF              11
        BANK1            001E4-001FF              1C
        BANK10           00A00-00AFF             100
        BANK11           00B00-00BFF             100
        BANK12           00C00-00CFF             100
        BANK13           00D00-00DF9              FA
        BANK6            00668-006FF              98
        BANK7            00700-007FF             100
        BANK8            00800-008FF             100
        BANK9            00900-009FF             100
        BIGRAM           0005A-0005F               6
                         000EF-000FF              11
                         001E4-001FF              1C
                         00668-00DF9             792
        CODE             00006-00007               2
                         00014-00017               4
                         00074-0FEC3            FE50
                         114F3-114F3               1
                         11680-1FFEF            E970
        COMRAM           0005A-0005F               6
        CONST            00006-00007               2
                         00014-00017               4
                         00074-0FEC3            FE50
                         114F3-114F3               1
                         11680-1FFEF            E970
        MEDIUMCONST      00E00-0FEC3            F0C4
                         114F3-114F3               1
                         11680-1FFEF            E970
        RAM              000EF-000FF              11
                         001E4-001FF              1C
                         00668-00DF9             100
        SFR              00DFA-00FFC             100
        SMALLCONST       00E00-0FEC3             100
                         114F3-114F3               1
                         11680-1FFEF             100
        STACK            00A00-00DF9             3FA

                                  Symbol Table

?_LCD_printString                       cstackCOMRAM  00022
?___awdiv                               cstackCOMRAM  0000C
?___lwdiv                               cstackCOMRAM  00006
?___lwmod                               cstackCOMRAM  0000D
?___wmul                                cstackCOMRAM  00006
?_millis                                cstackCOMRAM  00006
?_sprintf                               cstackCOMRAM  00012
LCD_placeCursor@address                 cstackCOMRAM  0001E
LCD_placeCursor@x                       cstackCOMRAM  0001D
LCD_placeCursor@y                       cstackCOMRAM  0001A
LCD_printString@aptr                    cstackBANK0   0008D
LCD_printString@i                       cstackBANK0   0008E
LCD_printString@i_591                   cstackBANK0   00090
LCD_printString@input                   cstackCOMRAM  00023
LCD_printString@string                  cstackBANK0   00074
LCD_printString@tempString              cstackBANK0   00060
LCD_printString@tempString_590          cstackBANK0   0008B
LCD_printString@val                     cstackBANK0   00089
LCD_printString@x                       cstackBANK0   00088
LCD_printString@y                       cstackCOMRAM  00022
OpenEPWM1@period                        cstackCOMRAM  00008
OpenEPWM1@timer_source                  cstackCOMRAM  00006
OpenEPWM3@period                        cstackCOMRAM  00008
OpenEPWM3@timer_source                  cstackCOMRAM  00006
PL10                                    text18        108B2
PL12                                    text35        10360
PL14                                    text40        106B0
PL16                                    text40        106C8
PL18                                    text40        106D8
PL2                                     text18        108A6
PL20                                    text40        106EC
PL22                                    text40        106FC
PL24                                    text29        10CF0
PL26                                    text37        10AF6
PL28                                    text37        10B0E
PL30                                    text40        1070A
PL32                                    text22        10DB4
PL34                                    text37        10B26
PL36                                    text23        10536
PL38                                    text35        10378
PL4                                     text35        102AA
PL40                                    text23        10546
PL42                                    text23        10550
PL6                                     text35        1033E
PL8                                     text35        10350
PS2_analog@button                       cstackCOMRAM  00006
PS2_init@i                              cstackCOMRAM  0004E
PS2_init@temp                           cstackCOMRAM  00043
PS2_init@y                              cstackCOMRAM  0004C
PS2_readGamepad@F16091                  dataBANK0     000C6
PS2_readGamepad@dword                   cstackCOMRAM  00032
PS2_readGamepad@dword2                  cstackCOMRAM  00026
PS2_readGamepad@i                       cstackCOMRAM  0003F
PS2_readGamepad@i_2534                  cstackCOMRAM  00041
PS2_readGamepad@temp                    cstackCOMRAM  0003B
PS2_sendCommandString@len               cstackCOMRAM  0001A
PS2_sendCommandString@string            cstackCOMRAM  00020
PS2_sendCommandString@y                 cstackCOMRAM  0001E
PS2_shiftInOut@byte                     cstackCOMRAM  0000C
PS2_shiftInOut@i                        cstackCOMRAM  0000E
PS2_shiftInOut@tmp                      cstackCOMRAM  0000D
RCMode@done                             cstackBANK0   00097
RCMode@left_speed                       cstackBANK0   00092
RCMode@right_speed                      cstackBANK0   00094
RCMode@type                             cstackBANK0   00096
SetDCEPWM1@DCycle                       cstackCOMRAM  0000A
SetDCEPWM1@dutycycle                    cstackCOMRAM  00006
SetDCEPWM3@DCycle                       cstackCOMRAM  0000A
SetDCEPWM3@dutycycle                    cstackCOMRAM  00006
SetOutputEPWM1@eccpmx                   cstackCOMRAM  00008
SetOutputEPWM1@outputconfig             cstackCOMRAM  00009
SetOutputEPWM1@outputmode               cstackCOMRAM  00006
SetOutputEPWM3@eccpmx                   cstackCOMRAM  00008
SetOutputEPWM3@outputconfig             cstackCOMRAM  00009
SetOutputEPWM3@outputmode               cstackCOMRAM  00006
_ADCBUF0                                (abs)         00FC2
_ADCBUF0Hbits                           (abs)         00FC3
_ADCBUF0Lbits                           (abs)         00FC2
_ADCHS0H                                (abs)         00E87
_ADCHS0L                                (abs)         00E86
_ADCON1Hbits                            (abs)         00FC1
_ADCON3L                                (abs)         00E8A
_ADON                                   (abs)         07E0F
_ANCON1                                 (abs)         00E47
_ANCON2                                 (abs)         00E46
_ANCON3                                 (abs)         00E45
_ANSEL10                                (abs)         07232
_ANSEL11                                (abs)         07233
_ANSEL14                                (abs)         07236
_ANSEL16                                (abs)         07228
_ANSEL17                                (abs)         07229
_ANSEL18                                (abs)         0722A
_ANSEL19                                (abs)         0722B
_ANSEL21                                (abs)         0722D
_ANSEL6                                 (abs)         0723E
_ANSEL9                                 (abs)         07231
_BAUDCON1bits                           (abs)         00F67
_BAUDCON2bits                           (abs)         00F31
_BAUDCON3bits                           (abs)         00F2D
_BAUDCON4bits                           (abs)         00EFD
_CCP1CON                                (abs)         00FB9
_CCP3CON                                (abs)         00F49
_CCPR1L                                 (abs)         00FBA
_CCPR3L                                 (abs)         00F4A
_CCPTMRS0                               (abs)         00F36
_CM1CONbits                             (abs)         00F53
_CPEN                                   (abs)         076C7
_DONE                                   (abs)         07E00
_FONA_BUFF                              bssBANK1      00100
_FONA_INDEX                             bssCOMRAM     00053
_GIE                                    (abs)         07F97
_INT1IF                                 (abs)         07F80
_INT3IF                                 (abs)         07F82
_INTCON2bits                            (abs)         00FF1
_INTCON3bits                            (abs)         00FF0
_INTCONbits                             (abs)         00FF2
_IOLOCK                                 (abs)         07B36
_IPEN                                   (abs)         07E87
_LCDA                                   (abs)         076D5
_LCDCONbits                             (abs)         00ED9
_LCDMD                                  (abs)         0778B
_LCD_init4bit                           text18        1071C
_LCD_placeCursor                        text40        1055A
_LCD_printString                        text35        10000
_MEMCONbits                             (abs)         00EE3
_NVCFG0                                 (abs)         0746D
_OpenEPWM1                              text13        11058
_OpenEPWM3                              text12        10EFA
_PADCFG1                                (abs)         00F54
_PADCFG1bits                            (abs)         00F54
_PIR1bits                               (abs)         00F9E
_PIR3bits                               (abs)         00FA4
_PIR6bits                               (abs)         00FA6
_PIXY_BUFF                              bssBIGRAM     00280
_PIXY_INDEX                             bssCOMRAM     00054
_PORTBbits                              (abs)         00F81
_PORTDbits                              (abs)         00F83
_PORTEbits                              (abs)         00F84
_PORTFbits                              (abs)         00F85
_PORTGbits                              (abs)         00F86
_PORTHbits                              (abs)         00F87
_PORTJbits                              (abs)         00F88
_PORTKbits                              (abs)         00EE7
_PORTLbits                              (abs)         00EE4
_PR2                                    (abs)         00FCB
_PR4                                    (abs)         00F05
_PR6                                    (abs)         00F3E
_PR8                                    (abs)         00F3B
_PS2_analog                             text34        11626
_PS2_init                               text29        10C28
_PS2_readGamepad                        text30        108BE
_PS2_readType                           text28        115C6
_PS2_reconfig                           text31        11588
_PS2_sendCommandString                  text32        1136C
_PS2_shiftInOut                         text33        11138
_PS2data                                bssBANK0      00098
_PSPCONbits                             (abs)         00FA7
_PVCFG0                                 (abs)         0746E
_PVCFG1                                 (abs)         0746F
_RC1IE                                  (abs)         07CED
_RC2IE                                  (abs)         07D1D
_RC3IE                                  (abs)         07B0D
_RC4IE                                  (abs)         07B0F
_RCMode                                 text22        10CFC
_RCREG1                                 (abs)         00FAE
_RCREG3                                 (abs)         00F2A
_RCREG4                                 (abs)         00EFA
_RCSTA1bits                             (abs)         00FAB
_RCSTA2bits                             (abs)         00F33
_RCSTA3bits                             (abs)         00F2F
_RCSTA4bits                             (abs)         00EFF
_RD163                                  (abs)         07D8F
_RG0                                    (abs)         07C30
_RG1                                    (abs)         07C31
_RG2                                    (abs)         07C32
_RG3                                    (abs)         07C33
_RG4                                    (abs)         07C34
_RL1                                    (abs)         07721
_RL2                                    (abs)         07722
_RL3                                    (abs)         07723
_RPINR0_1                               (abs)         00E2A
_RPINR26_27                             (abs)         00E37
_RPINR28_29                             (abs)         00E38
_RPINR4_5                               (abs)         00E2C
_RPINR6_7                               (abs)         00E2D
_RPOR10_11                              (abs)         00E17
_RPOR12_13                              (abs)         00E18
_RPOR22_23                              (abs)         00E1D
_RPOR30_31                              (abs)         00E21
_RPOR34_35                              (abs)         00E23
_SAMP                                   (abs)         07E01
_SPBRG1                                 (abs)         00FAF
_SPBRG2                                 (abs)         00F1F
_SPBRG3                                 (abs)         00F2B
_SPBRG4                                 (abs)         00EFB
_SPBRGH1                                (abs)         00F30
_SPBRGH2                                (abs)         00F20
_SPBRGH3                                (abs)         00F2C
_SPBRGH4                                (abs)         00EFC
_SSP1ADD                                (abs)         00FC8
_SSP1BUF                                (abs)         00FC9
_SSP1CON1                               (abs)         00FC6
_SSP1CON1bits                           (abs)         00FC6
_SSP1CON2                               (abs)         00FC5
_SSP1CON2bits                           (abs)         00FC5
_SSP1CON3                               (abs)         00F69
_SSP1STAT                               (abs)         00FC7
_SSP1STATbits                           (abs)         00FC7
_SSP2ADD                                (abs)         00F02
_SSP2BUF                                (abs)         00F03
_SSP2CON1                               (abs)         00F19
_SSP2CON1bits                           (abs)         00F19
_SSP2CON2bits                           (abs)         00F18
_SSP2CON3                               (abs)         00F39
_SSP2STAT                               (abs)         00F1A
_SSP2STATbits                           (abs)         00F1A
_SetDCEPWM1                             text27        1142A
_SetDCEPWM3                             text26        113EE
_SetOutputEPWM1                         text11        10FE6
_SetOutputEPWM3                         text10        10F74
_T0CON                                  (abs)         00FD5
_T2CONbits                              (abs)         00FCA
_T3CKPS0                                (abs)         07D8C
_T3CKPS1                                (abs)         07D8D
_T4CKPS1                                (abs)         07821
_T4CONbits                              (abs)         00F04
_T6CKPS1                                (abs)         079E9
_T6CONbits                              (abs)         00F3D
_T8CONbits                              (abs)         00F3A
_TMR0IE                                 (abs)         07F95
_TMR0IF                                 (abs)         07F92
_TMR0IP                                 (abs)         07F8A
_TMR0L                                  (abs)         00FD6
_TMR3CS0                                (abs)         07D8E
_TMR3CS1                                (abs)         07D8F
_TMR3H                                  (abs)         00FB3
_TMR3IE                                 (abs)         07D01
_TMR3L                                  (abs)         00FB2
_TMR3ON                                 (abs)         07D88
_TMR4ON                                 (abs)         07822
_TMR6ON                                 (abs)         079EA
_TRISBbits                              (abs)         00F93
_TRISCbits                              (abs)         00F94
_TRISDbits                              (abs)         00F95
_TRISE0                                 (abs)         07CB0
_TRISE1                                 (abs)         07CB1
_TRISE2                                 (abs)         07CB2
_TRISE3                                 (abs)         07CB3
_TRISE4                                 (abs)         07CB4
_TRISE5                                 (abs)         07CB5
_TRISE6                                 (abs)         07CB6
_TRISE7                                 (abs)         07CB7
_TRISEbits                              (abs)         00F96
_TRISFbits                              (abs)         00F97
_TRISG7                                 (abs)         07CC7
_TRISGbits                              (abs)         00F98
_TRISH0                                 (abs)         07CC8
_TRISH1                                 (abs)         07CC9
_TRISH2                                 (abs)         07CCA
_TRISH3                                 (abs)         07CCB
_TRISHbits                              (abs)         00F99
_TRISJbits                              (abs)         00F9A
_TRISK1                                 (abs)         07749
_TRISL0                                 (abs)         07730
_TRISLbits                              (abs)         00EE6
_TX1IE                                  (abs)         07CEC
_TX2IE                                  (abs)         07D1C
_TX3IE                                  (abs)         07B0C
_TX4IE                                  (abs)         07B0E
_TXREG1                                 (abs)         00FAD
_TXREG2                                 (abs)         00F1D
_TXREG4                                 (abs)         00EF9
_TXSTA1bits                             (abs)         00FAC
_TXSTA2bits                             (abs)         00F32
_TXSTA3bits                             (abs)         00F2E
_TXSTA4bits                             (abs)         00EFE
_UART4_INDEX                            bssCOMRAM     00055
_UART_init                              text17        10DC6
_USART4_BUFF                            bssBANK1      00132
_USB_BUFF                               bssBIGRAM     00474
_USB_INDEX                              bssCOMRAM     00056
__CFG_ABW$MM                            (abs)         00000
__CFG_BOREN$ON                          (abs)         00000
__CFG_BORV$1                            (abs)         00000
__CFG_BW$16                             (abs)         00000
__CFG_CINASEL$DEFAULT                   (abs)         00000
__CFG_CLKOEN$OFF                        (abs)         00000
__CFG_CP0$OFF                           (abs)         00000
__CFG_DSBITEN$ON                        (abs)         00000
__CFG_DSBOREN$ON                        (abs)         00000
__CFG_DSWDTEN$ON                        (abs)         00000
__CFG_DSWDTOSC$LPRC                     (abs)         00000
__CFG_DSWDTPS$DSWDTPS1F                 (abs)         00000
__CFG_EASHFT$ON                         (abs)         00000
__CFG_FOSC$FRCPLL                       (abs)         00000
__CFG_FSCM$CSDCMD                       (abs)         00000
__CFG_IESO$OFF                          (abs)         00000
__CFG_IOL1WAY$ON                        (abs)         00000
__CFG_LS48MHZ$SYSX2                     (abs)         00000
__CFG_MSSPMSK1$MSK7                     (abs)         00000
__CFG_MSSPMSK2$MSK7                     (abs)         00000
__CFG_PLLDIV$NODIV                      (abs)         00000
__CFG_POSCMD$NONE                       (abs)         00000
__CFG_RETEN$OFF                         (abs)         00000
__CFG_SOSCSEL$DIG                       (abs)         00000
__CFG_STVREN$ON                         (abs)         00000
__CFG_T5GSEL$T5G                        (abs)         00000
__CFG_VBTBOR$ON                         (abs)         00000
__CFG_WAIT$OFF                          (abs)         00000
__CFG_WDTCLK$FRC                        (abs)         00000
__CFG_WDTEN$OFF                         (abs)         00000
__CFG_WDTPS$32768                       (abs)         00000
__CFG_WDTWIN$PS25_0                     (abs)         00000
__CFG_WINDIS$WDTSTD                     (abs)         00000
__CFG_WPCFG$WPCFGDIS                    (abs)         00000
__CFG_WPDIS$WPDIS                       (abs)         00000
__CFG_WPEND$WPENDMEM                    (abs)         00000
__CFG_WPFP$WPFP255                      (abs)         00000
__CFG_WPSA$128                          (abs)         00000
__CFG_XINST$OFF                         (abs)         00000
__HRAM                                  (abs)         00000
__Habs1                                 abs1          00000
__Hbank0                                bank0         00000
__Hbank1                                bank1         00000
__Hbank10                               bank10        00000
__Hbank11                               bank11        00000
__Hbank12                               bank12        00000
__Hbank13                               bank13        00000
__Hbank2                                bank2         00000
__Hbank3                                bank3         00000
__Hbank4                                bank4         00000
__Hbank5                                bank5         00000
__Hbank6                                bank6         00000
__Hbank7                                bank7         00000
__Hbank8                                bank8         00000
__Hbank9                                bank9         00000
__Hbigbss                               bigbss        00000
__Hbigdata                              bigdata       00000
__Hbigram                               bigram        00000
__Hbss                                  bss           00000
__HbssBANK0                             bssBANK0      00000
__HbssBANK1                             bssBANK1      00000
__HbssBANK2                             bssBANK2      00000
__HbssBIGRAM                            bssBIGRAM     00000
__HbssCOMRAM                            bssCOMRAM     00000
__Hcinit                                cinit         00000
__Hclrtext                              clrtext       00000
__Hcomram                               comram        00000
__Hconfig                               config        20000
__Hconst                                const         00000
__HcstackBANK0                          cstackBANK0   00000
__HcstackCOMRAM                         cstackCOMRAM  00000
__Hdata                                 data          00000
__HdataBANK0                            dataBANK0     00000
__Hend_init                             end_init      00074
__Hfarbss                               farbss        00000
__Hfardata                              fardata       00000
__Hibigdata                             ibigdata      00000
__Hidata                                idata         00000
__HidataBANK0                           idataBANK0    00000
__Hidloc                                idloc         00000
__Hifardata                             ifardata      00000
__Hinit                                 init          00070
__Hintcode                              intcode       00014
__Hintcode_body                         intcode_body  00000
__Hintcodelo                            intcodelo     00070
__Hintentry                             intentry      00000
__Hintret                               intret        00000
__Hintsave_regs                         intsave_regs  00000
__Hirdata                               irdata        00000
__Hjflash_buffer                        jflash_buffer 1FBF8
__Hmediumconst                          mediumconst   10000
__HnvFARRAM                             nvFARRAM      00000
__Hnvbit                                nvbit         00000
__Hnvrram                               nvrram        00000
__Hpa_nodes                             pa_nodes      00000
__Hparam                                rparam        00000
__Hpowerup                              powerup       00070
__Hram                                  ram           00000
__Hramtop                               ramtop        00E00
__Hrbit                                 rbit          00000
__Hrbss                                 rbss          00000
__Hrdata                                rdata         00000
__Hreset_vec                            reset_vec     00006
__Hrparam                               rparam        00000
__Hsfr                                  sfr           00000
__Hsmallconst                           smallconst    00000
__Hspace_0                              (abs)         20000
__Hspace_1                              (abs)         00668
__Hspace_2                              (abs)         00000
__Hstack                                stack         00000
__Hstruct                               struct        00000
__Htemp                                 temp          00000
__Htext                                 text          00000
__Htext0                                text0         00000
__Htext1                                text1         00000
__Htext10                               text10        00000
__Htext11                               text11        00000
__Htext12                               text12        00000
__Htext13                               text13        00000
__Htext14                               text14        00000
__Htext15                               text15        00000
__Htext16                               text16        00000
__Htext17                               text17        00000
__Htext18                               text18        00000
__Htext19                               text19        00000
__Htext2                                text2         00000
__Htext20                               text20        00000
__Htext21                               text21        00000
__Htext22                               text22        00000
__Htext23                               text23        00000
__Htext24                               text24        00000
__Htext25                               text25        00000
__Htext26                               text26        00000
__Htext27                               text27        00000
__Htext28                               text28        00000
__Htext29                               text29        00000
__Htext3                                text3         00000
__Htext30                               text30        00000
__Htext31                               text31        00000
__Htext32                               text32        00000
__Htext33                               text33        00000
__Htext34                               text34        00000
__Htext35                               text35        00000
__Htext36                               text36        00000
__Htext37                               text37        00000
__Htext38                               text38        00000
__Htext39                               text39        00000
__Htext4                                text4         00000
__Htext40                               text40        00000
__Htext41                               text41        00000
__Htext42                               text42        00000
__Htext43                               text43        00000
__Htext46                               text46        00000
__Htext5                                text5         00000
__Htext6                                text6         00000
__Htext7                                text7         00000
__Htext8                                text8         00000
__Htext9                                text9         00000
__LRAM                                  (abs)         00001
__Labs1                                 abs1          00000
__Lbank0                                bank0         00000
__Lbank1                                bank1         00000
__Lbank10                               bank10        00000
__Lbank11                               bank11        00000
__Lbank12                               bank12        00000
__Lbank13                               bank13        00000
__Lbank2                                bank2         00000
__Lbank3                                bank3         00000
__Lbank4                                bank4         00000
__Lbank5                                bank5         00000
__Lbank6                                bank6         00000
__Lbank7                                bank7         00000
__Lbank8                                bank8         00000
__Lbank9                                bank9         00000
__Lbigbss                               bigbss        00000
__Lbigdata                              bigdata       00000
__Lbigram                               bigram        00000
__Lbss                                  bss           00000
__LbssBANK0                             bssBANK0      00000
__LbssBANK1                             bssBANK1      00000
__LbssBANK2                             bssBANK2      00000
__LbssBIGRAM                            bssBIGRAM     00000
__LbssCOMRAM                            bssCOMRAM     00000
__Lcinit                                cinit         00000
__Lclrtext                              clrtext       00000
__Lcomram                               comram        00000
__Lconfig                               config        1FFF0
__Lconst                                const         00000
__LcstackBANK0                          cstackBANK0   00000
__LcstackCOMRAM                         cstackCOMRAM  00000
__Ldata                                 data          00000
__LdataBANK0                            dataBANK0     00000
__Lend_init                             end_init      00070
__Lfarbss                               farbss        00000
__Lfardata                              fardata       00000
__Libigdata                             ibigdata      00000
__Lidata                                idata         00000
__LidataBANK0                           idataBANK0    00000
__Lidloc                                idloc         00000
__Lifardata                             ifardata      00000
__Linit                                 init          00070
__Lintcode                              intcode       00008
__Lintcode_body                         intcode_body  00000
__Lintcodelo                            intcodelo     00018
__Lintentry                             intentry      00000
__Lintret                               intret        00000
__Lintsave_regs                         intsave_regs  00000
__Lirdata                               irdata        00000
__Ljflash_buffer                        jflash_buffer 1FBF8
__Lmediumconst                          mediumconst   0FEC4
__LnvFARRAM                             nvFARRAM      00000
__Lnvbit                                nvbit         00000
__Lnvrram                               nvrram        00000
__Lpa_nodes                             pa_nodes      00000
__Lparam                                rparam        00000
__Lpowerup                              powerup       00070
__Lram                                  ram           00000
__Lramtop                               ramtop        00E00
__Lrbit                                 rbit          00000
__Lrbss                                 rbss          00000
__Lrdata                                rdata         00000
__Lreset_vec                            reset_vec     00000
__Lrparam                               rparam        00000
__Lsfr                                  sfr           00000
__Lsmallconst                           smallconst    00000
__Lspace_0                              (abs)         00000
__Lspace_1                              (abs)         00000
__Lspace_2                              (abs)         00000
__Lstack                                stack         00000
__Lstruct                               struct        00000
__Ltemp                                 temp          00000
__Ltext                                 text          00000
__Ltext0                                text0         00000
__Ltext1                                text1         00000
__Ltext10                               text10        00000
__Ltext11                               text11        00000
__Ltext12                               text12        00000
__Ltext13                               text13        00000
__Ltext14                               text14        00000
__Ltext15                               text15        00000
__Ltext16                               text16        00000
__Ltext17                               text17        00000
__Ltext18                               text18        00000
__Ltext19                               text19        00000
__Ltext2                                text2         00000
__Ltext20                               text20        00000
__Ltext21                               text21        00000
__Ltext22                               text22        00000
__Ltext23                               text23        00000
__Ltext24                               text24        00000
__Ltext25                               text25        00000
__Ltext26                               text26        00000
__Ltext27                               text27        00000
__Ltext28                               text28        00000
__Ltext29                               text29        00000
__Ltext3                                text3         00000
__Ltext30                               text30        00000
__Ltext31                               text31        00000
__Ltext32                               text32        00000
__Ltext33                               text33        00000
__Ltext34                               text34        00000
__Ltext35                               text35        00000
__Ltext36                               text36        00000
__Ltext37                               text37        00000
__Ltext38                               text38        00000
__Ltext39                               text39        00000
__Ltext4                                text4         00000
__Ltext40                               text40        00000
__Ltext41                               text41        00000
__Ltext42                               text42        00000
__Ltext43                               text43        00000
__Ltext46                               text46        00000
__Ltext5                                text5         00000
__Ltext6                                text6         00000
__Ltext7                                text7         00000
__Ltext8                                text8         00000
__Ltext9                                text9         00000
__S0                                    (abs)         20000
__S1                                    (abs)         00668
__S2                                    (abs)         00000
___awdiv                                text25        10E72
___awdiv@counter                        cstackCOMRAM  00010
___awdiv@dividend                       cstackCOMRAM  0000C
___awdiv@divisor                        cstackCOMRAM  0000E
___awdiv@quotient                       cstackCOMRAM  00012
___awdiv@sign                           cstackCOMRAM  00011
___extmem_base                          (abs)         20000
___inthi_sp                             stack         00000
___intlo_sp                             stack         00000
___lwdiv                                text39        11322
___lwdiv@counter                        cstackCOMRAM  0000A
___lwdiv@dividend                       cstackCOMRAM  00006
___lwdiv@divisor                        cstackCOMRAM  00008
___lwdiv@quotient                       cstackCOMRAM  0000B
___lwmod                                text38        113B0
___lwmod@counter                        cstackCOMRAM  00011
___lwmod@dividend                       cstackCOMRAM  0000D
___lwmod@divisor                        cstackCOMRAM  0000F
___sp                                   stack         00000
___wmul                                 text24        11540
___wmul@multiplicand                    cstackCOMRAM  00008
___wmul@multiplier                      cstackCOMRAM  00006
___wmul@product                         cstackCOMRAM  0000A
__accesstop                             (abs)         00060
__activetblptr                          (abs)         00003
__end_ofPL10                            text18        108BE
__end_ofPL12                            text35        10378
__end_ofPL14                            text40        106C8
__end_ofPL16                            text40        106D8
__end_ofPL18                            text40        106EC
__end_ofPL2                             text18        108B2
__end_ofPL20                            text40        106FC
__end_ofPL22                            text40        1070A
__end_ofPL24                            text29        10CFC
__end_ofPL26                            text37        10B0E
__end_ofPL28                            text37        10B26
__end_ofPL30                            text40        1071C
__end_ofPL32                            text22        10DC6
__end_ofPL34                            text37        10B30
__end_ofPL36                            text23        10546
__end_ofPL38                            text35        10384
__end_ofPL4                             text35        1033E
__end_ofPL40                            text23        10550
__end_ofPL42                            text23        1055A
__end_ofPL6                             text35        10350
__end_ofPL8                             text35        10360
__end_of_LCD_init4bit                   text18        108A6
__end_of_LCD_placeCursor                text40        106B0
__end_of_LCD_printString                text35        102AA
__end_of_OpenEPWM1                      text13        110CA
__end_of_OpenEPWM3                      text12        10F74
__end_of_PS2_analog                     text34        11636
__end_of_PS2_init                       text29        10CF0
__end_of_PS2_readGamepad                text30        10A0C
__end_of_PS2_readType                   text28        115E0
__end_of_PS2_reconfig                   text31        115AA
__end_of_PS2_sendCommandString          text32        113B0
__end_of_PS2_shiftInOut                 text33        111A4
__end_of_RCMode                         text22        10DB4
__end_of_SetDCEPWM1                     text27        11464
__end_of_SetDCEPWM3                     text26        1142A
__end_of_SetOutputEPWM1                 text11        11058
__end_of_SetOutputEPWM3                 text10        10FE6
__end_of_UART_init                      text17        10E72
__end_of___awdiv                        text25        10EFA
__end_of___lwdiv                        text39        1136C
__end_of___lwmod                        text38        113EE
__end_of___wmul                         text24        11566
__end_of__initialization                cinit         11208
__end_of__stringdata                    mediumconst   0FFFE
__end_of_clearMillis                    text16        11626
__end_of_communicationInterruptHandler  intcode_body  11274
__end_of_competitionMode                text21        11604
__end_of_debug                          text20        11680
__end_of_delay_init                     text19        114CA
__end_of_delay_ms                       text42        11322
__end_of_delay_us                       text41        1149A
__end_of_dpowers                        mediumconst   0FECF
__end_of_encoderInterrupt               intcodelo     00070
__end_of_encoders_init                  text15        11540
__end_of_fft_init                       text14        1167E
__end_of_init                           text7         115C6
__end_of_main                           text0         10C28
__end_of_millis                         text43        11616
__end_of_motorDrive_init                text9         11138
__end_of_motorDrive_setSpeeds           text23        10536
__end_of_selfTest                       text5         1151A
__end_of_settings_auto                  text4         11644
__end_of_settings_init                  text8         11588
__end_of_settings_readButton            text6         11652
__end_of_settings_selfTest              text3         11678
__end_of_settings_wander                text2         1166C
__end_of_sprintf                        text37        10AF6
__end_of_strcat                         text36        112CC
__end_of_tickMillis                     text46        11660
__end_of_wanderMode                     text1         115F2
__end_ofatan@coeff_a                    mediumconst   0FEE1
__end_ofatan@coeff_b                    mediumconst   0FEF0
__initialization                        cinit         111A4
__mediumconst                           mediumconst   0FEC4
__pbssBANK0                             bssBANK0      00098
__pbssBANK1                             bssBANK1      00100
__pbssBANK2                             bssBANK2      00200
__pbssBIGRAM                            bssBIGRAM     00280
__pbssCOMRAM                            bssCOMRAM     00053
__pcinit                                cinit         111A4
__pcstackBANK0                          cstackBANK0   00060
__pcstackCOMRAM                         cstackCOMRAM  00001
__pdataBANK0                            dataBANK0     000C6
__pidataBANK0                           idataBANK0    114CA
__pintcode                              intcode       00008
__pintcode_body                         intcode_body  1120E
__pintcodelo                            intcodelo     00018
__pmediumconst                          mediumconst   0FEC4
__ptext0                                text0         10B30
__ptext1                                text1         115E0
__ptext10                               text10        10F74
__ptext11                               text11        10FE6
__ptext12                               text12        10EFA
__ptext13                               text13        11058
__ptext14                               text14        11678
__ptext15                               text15        1151A
__ptext16                               text16        11616
__ptext17                               text17        10DC6
__ptext18                               text18        1071C
__ptext19                               text19        1149A
__ptext2                                text2         11660
__ptext20                               text20        1167E
__ptext21                               text21        115F2
__ptext22                               text22        10CFC
__ptext23                               text23        10384
__ptext24                               text24        11540
__ptext25                               text25        10E72
__ptext26                               text26        113EE
__ptext27                               text27        1142A
__ptext28                               text28        115C6
__ptext29                               text29        10C28
__ptext3                                text3         1166C
__ptext30                               text30        108BE
__ptext31                               text31        11588
__ptext32                               text32        1136C
__ptext33                               text33        11138
__ptext34                               text34        11626
__ptext35                               text35        10000
__ptext36                               text36        11274
__ptext37                               text37        10A0C
__ptext38                               text38        113B0
__ptext39                               text39        11322
__ptext4                                text4         11636
__ptext40                               text40        1055A
__ptext41                               text41        11464
__ptext42                               text42        112CC
__ptext43                               text43        11604
__ptext46                               text46        11652
__ptext5                                text5         114F4
__ptext6                                text6         11644
__ptext7                                text7         115AA
__ptext8                                text8         11566
__ptext9                                text9         110CA
__ramtop                                ramtop        00E00
__size_of_LCD_init4bit                  (abs)         00000
__size_of_LCD_placeCursor               (abs)         00000
__size_of_LCD_printString               (abs)         00000
__size_of_OpenEPWM1                     (abs)         00000
__size_of_OpenEPWM3                     (abs)         00000
__size_of_PS2_analog                    (abs)         00000
__size_of_PS2_init                      (abs)         00000
__size_of_PS2_readGamepad               (abs)         00000
__size_of_PS2_readType                  (abs)         00000
__size_of_PS2_reconfig                  (abs)         00000
__size_of_PS2_sendCommandString         (abs)         00000
__size_of_PS2_shiftInOut                (abs)         00000
__size_of_RCMode                        (abs)         00000
__size_of_SetDCEPWM1                    (abs)         00000
__size_of_SetDCEPWM3                    (abs)         00000
__size_of_SetOutputEPWM1                (abs)         00000
__size_of_SetOutputEPWM3                (abs)         00000
__size_of_UART_init                     (abs)         00000
__size_of___awdiv                       (abs)         00000
__size_of___lwdiv                       (abs)         00000
__size_of___lwmod                       (abs)         00000
__size_of___wmul                        (abs)         00000
__size_of_clearMillis                   (abs)         00000
__size_of_communicationInterruptHandler (abs)         00000
__size_of_competitionMode               (abs)         00000
__size_of_debug                         (abs)         00000
__size_of_delay_init                    (abs)         00000
__size_of_delay_ms                      (abs)         00000
__size_of_delay_us                      (abs)         00000
__size_of_encoderInterrupt              (abs)         00000
__size_of_encoders_init                 (abs)         00000
__size_of_fft_init                      (abs)         00000
__size_of_init                          (abs)         00000
__size_of_main                          (abs)         00000
__size_of_millis                        (abs)         00000
__size_of_motorDrive_init               (abs)         00000
__size_of_motorDrive_setSpeeds          (abs)         00000
__size_of_selfTest                      (abs)         00000
__size_of_settings_auto                 (abs)         00000
__size_of_settings_init                 (abs)         00000
__size_of_settings_readButton           (abs)         00000
__size_of_settings_selfTest             (abs)         00000
__size_of_settings_wander               (abs)         00000
__size_of_sprintf                       (abs)         00000
__size_of_strcat                        (abs)         00000
__size_of_tickMillis                    (abs)         00000
__size_of_wanderMode                    (abs)         00000
__smallconst                            smallconst    00000
__stringdata                            mediumconst   0FEF0
_buttons                                bssBANK0      000BD
_clearMillis                            text16        11616
_communicationInterruptHandler          intcode       00008
_competitionMode                        text21        115F2
_config                                 bssBANK0      000C5
_controller_type                        bssCOMRAM     00057
_debug                                  text20        1167E
_delay_init                             text19        1149A
_delay_ms                               text42        112CC
_delay_us                               text41        11464
_dpowers                                mediumconst   0FEC5
_encoderInterrupt                       intcodelo     00018
_encoders_init                          text15        1151A
_enter_config                           dataBANK0     000EA
_exit_config                            dataBANK0     000D8
_fft_init                               text14        11678
_imaginaryNumbers                       bssBANK1      00164
_init                                   text7         115AA
_last_buttons                           bssBANK0      000BF
_last_read                              bssBANK0      000AD
_left_count                             bssBANK0      000B1
_main                                   text0         10B30
_millis                                 text43        11604
_millisCount                            bssBANK0      000B5
_mode                                   bssCOMRAM     00058
_motorDrive_init                        text9         110CA
_motorDrive_setSpeeds                   text23        10384
_motorDrive_setSpeeds$2402              cstackCOMRAM  0001B
_motorDrive_setSpeeds$2403              cstackCOMRAM  0001D
_motorDrive_setSpeeds$2404              cstackCOMRAM  0001F
_motorDrive_setSpeeds$2405              cstackCOMRAM  00021
_motorDrive_setSpeeds$2406              cstackCOMRAM  00023
_motorDrive_setSpeeds$2407              cstackCOMRAM  00025
_motorDrive_setSpeeds$2408              cstackCOMRAM  00027
_read_delay                             bssCOMRAM     00059
_realNumbers                            bssBANK2      00200
_right_count                            bssBANK0      000B9
_selfTest                               text5         114F4
_set_mode                               dataBANK0     000E1
_settings_auto                          text4         11636
_settings_init                          text8         11566
_settings_readButton                    text6         11644
_settings_selfTest                      text3         1166C
_settings_wander                        text2         11660
_spbrg                                  bssBANK0      000C1
_sprintf                                text37        10A0C
_strcat                                 text36        11274
_tickMillis                             text46        11652
_type_read                              dataBANK0     000CF
_wanderMode                             text1         115E0
delay_init@config                       bssBANK0      000C3
delay_ms@time                           cstackCOMRAM  00016
delay_ms@x                              cstackCOMRAM  0000A
delay_us@x                              cstackCOMRAM  00006
end_of_initialization                   cinit         11208
int_func                                intcode_body  1120E
intlevel0                               text          00000
intlevel1                               text          00000
intlevel2                               text          00000
intlevel3                               text          00000
main@mode                               cstackCOMRAM  00052
motorDrive_setSpeeds@lSpeed             cstackCOMRAM  00029
motorDrive_setSpeeds@rSpeed             cstackCOMRAM  00014
motorDrive_setSpeeds@templ              cstackCOMRAM  00017
motorDrive_setSpeeds@tempr              cstackCOMRAM  00019
settings_auto@t                         cstackCOMRAM  00006
settings_readButton@t                   cstackCOMRAM  00006
settings_selfTest@t                     cstackCOMRAM  00006
settings_wander@t                       cstackCOMRAM  00006
sprintf@_val                            cstackCOMRAM  0001B
sprintf@ap                              cstackCOMRAM  00018
sprintf@c                               cstackCOMRAM  00021
sprintf@f                               cstackCOMRAM  00012
sprintf@flag                            cstackCOMRAM  00019
sprintf@prec                            cstackCOMRAM  0001A
sprintf@sp                              cstackCOMRAM  00020
stackhi                                 (abs)         00DF9
stacklo                                 (abs)         00A00
start                                   init          00070
start_initialization                    cinit         111A4
strcat@cp                               cstackCOMRAM  0000A
strcat@from                             cstackCOMRAM  00008
strcat@to                               cstackCOMRAM  00006


FUNCTION INFORMATION:

 *************** function _main *****************
 Defined at:
		line 108 in file "main.c"
 Parameters:    Size  Location     Type
		None
 Auto vars:     Size  Location     Type
  mode            1   81[COMRAM] unsigned char 
 Return value:  Size  Location     Type
		None               void
 Registers used:
		wreg, fsr0l, fsr0h, fsr1l, fsr1h, fsr2l, fsr2h, status,2, status,0, tblptrl, tblptrh, tblptru, prodl, prodh, cstack
 Tracked objects:
		On entry : 
		On exit  : 
		Unchanged: 
 Data sizes:     COMRAM   BANK0   BANK1   BANK2   BANK3   BANK4   BANK5   BANK6   BANK7   BANK8   BANK9  BANK10  BANK11  BANK12  BANK13
      Params:         0       0       0       0       0       0       0       0       0       0       0       0       0       0       0
      Locals:         1       0       0       0       0       0       0       0       0       0       0       0       0       0       0
      Temps:          2       0       0       0       0       0       0       0       0       0       0       0       0       0       0
      Totals:         3       0       0       0       0       0       0       0       0       0       0       0       0       0       0
Total ram usage:        3 bytes
 Hardware stack levels required when called:   10
 This function calls:
		_LCD_printString
		_RCMode
		_competitionMode
		_debug
		_delay_ms
		_init
		_selfTest
		_settings_auto
		_settings_readButton
		_settings_selfTest
		_settings_wander
		_wanderMode
 This function is called by:
		Startup code after reset
 This function uses a non-reentrant model


 *************** function _wanderMode *****************
 Defined at:
		line 59 in file "main.c"
 Parameters:    Size  Location     Type
		None
 Auto vars:     Size  Location     Type
		None
 Return value:  Size  Location     Type
		None               void
 Registers used:
		wreg, fsr0l, fsr0h, fsr2l, fsr2h, status,2, status,0, tblptrl, tblptrh, tblptru, prodl, prodh, cstack
 Tracked objects:
		On entry : 
		On exit  : 
		Unchanged: 
 Data sizes:     COMRAM   BANK0   BANK1   BANK2   BANK3   BANK4   BANK5   BANK6   BANK7   BANK8   BANK9  BANK10  BANK11  BANK12  BANK13
      Params:         0       0       0       0       0       0       0       0       0       0       0       0       0       0       0
      Locals:         0       0       0       0       0       0       0       0       0       0       0       0       0       0       0
      Temps:          0       0       0       0       0       0       0       0       0       0       0       0       0       0       0
      Totals:         0       0       0       0       0       0       0       0       0       0       0       0       0       0       0
Total ram usage:        0 bytes
 Hardware stack levels used:    1
 Hardware stack levels required when called:    7
 This function calls:
		_LCD_printString
 This function is called by:
		_main
 This function uses a non-reentrant model


 *************** function _settings_wander *****************
 Defined at:
		line 80 in file "settings.c"
 Parameters:    Size  Location     Type
		None
 Auto vars:     Size  Location     Type
  t               1    5[COMRAM] unsigned char 
 Return value:  Size  Location     Type
                  1    wreg      unsigned char 
 Registers used:
		wreg, status,2
 Tracked objects:
		On entry : 
		On exit  : 
		Unchanged: 
 Data sizes:     COMRAM   BANK0   BANK1   BANK2   BANK3   BANK4   BANK5   BANK6   BANK7   BANK8   BANK9  BANK10  BANK11  BANK12  BANK13
      Params:         0       0       0       0       0       0       0       0       0       0       0       0       0       0       0
      Locals:         1       0       0       0       0       0       0       0       0       0       0       0       0       0       0
      Temps:          0       0       0       0       0       0       0       0       0       0       0       0       0       0       0
      Totals:         1       0       0       0       0       0       0       0       0       0       0       0       0       0       0
Total ram usage:        1 bytes
 Hardware stack levels used:    1
 Hardware stack levels required when called:    3
 This function calls:
		Nothing
 This function is called by:
		_main
 This function uses a non-reentrant model


 *************** function _settings_selfTest *****************
 Defined at:
		line 94 in file "settings.c"
 Parameters:    Size  Location     Type
		None
 Auto vars:     Size  Location     Type
  t               1    5[COMRAM] unsigned char 
 Return value:  Size  Location     Type
                  1    wreg      unsigned char 
 Registers used:
		wreg, status,2
 Tracked objects:
		On entry : 
		On exit  : 
		Unchanged: 
 Data sizes:     COMRAM   BANK0   BANK1   BANK2   BANK3   BANK4   BANK5   BANK6   BANK7   BANK8   BANK9  BANK10  BANK11  BANK12  BANK13
      Params:         0       0       0       0       0       0       0       0       0       0       0       0       0       0       0
      Locals:         1       0       0       0       0       0       0       0       0       0       0       0       0       0       0
      Temps:          0       0       0       0       0       0       0       0       0       0       0       0       0       0       0
      Totals:         1       0       0       0       0       0       0       0       0       0       0       0       0       0       0
Total ram usage:        1 bytes
 Hardware stack levels used:    1
 Hardware stack levels required when called:    3
 This function calls:
		Nothing
 This function is called by:
		_main
 This function uses a non-reentrant model


 *************** function _settings_auto *****************
 Defined at:
		line 66 in file "settings.c"
 Parameters:    Size  Location     Type
		None
 Auto vars:     Size  Location     Type
  t               1    5[COMRAM] unsigned char 
 Return value:  Size  Location     Type
                  1    wreg      unsigned char 
 Registers used:
		wreg, status,2
 Tracked objects:
		On entry : 
		On exit  : 
		Unchanged: 
 Data sizes:     COMRAM   BANK0   BANK1   BANK2   BANK3   BANK4   BANK5   BANK6   BANK7   BANK8   BANK9  BANK10  BANK11  BANK12  BANK13
      Params:         0       0       0       0       0       0       0       0       0       0       0       0       0       0       0
      Locals:         1       0       0       0       0       0       0       0       0       0       0       0       0       0       0
      Temps:          0       0       0       0       0       0       0       0       0       0       0       0       0       0       0
      Totals:         1       0       0       0       0       0       0       0       0       0       0       0       0       0       0
Total ram usage:        1 bytes
 Hardware stack levels used:    1
 Hardware stack levels required when called:    3
 This function calls:
		Nothing
 This function is called by:
		_main
 This function uses a non-reentrant model


 *************** function _selfTest *****************
 Defined at:
		line 49 in file "main.c"
 Parameters:    Size  Location     Type
		None
 Auto vars:     Size  Location     Type
		None
 Return value:  Size  Location     Type
		None               void
 Registers used:
		wreg, fsr0l, fsr0h, fsr2l, fsr2h, status,2, status,0, tblptrl, tblptrh, tblptru, prodl, prodh, cstack
 Tracked objects:
		On entry : 
		On exit  : 
		Unchanged: 
 Data sizes:     COMRAM   BANK0   BANK1   BANK2   BANK3   BANK4   BANK5   BANK6   BANK7   BANK8   BANK9  BANK10  BANK11  BANK12  BANK13
      Params:         0       0       0       0       0       0       0       0       0       0       0       0       0       0       0
      Locals:         0       0       0       0       0       0       0       0       0       0       0       0       0       0       0
      Temps:          1       0       0       0       0       0       0       0       0       0       0       0       0       0       0
      Totals:         1       0       0       0       0       0       0       0       0       0       0       0       0       0       0
Total ram usage:        1 bytes
 Hardware stack levels used:    1
 Hardware stack levels required when called:    7
 This function calls:
		_LCD_printString
		_settings_readButton
 This function is called by:
		_main
 This function uses a non-reentrant model


 *************** function _settings_readButton *****************
 Defined at:
		line 45 in file "settings.c"
 Parameters:    Size  Location     Type
		None
 Auto vars:     Size  Location     Type
  t               1    5[COMRAM] unsigned char 
 Return value:  Size  Location     Type
                  1    wreg      unsigned char 
 Registers used:
		wreg, status,2
 Tracked objects:
		On entry : 
		On exit  : 
		Unchanged: 
 Data sizes:     COMRAM   BANK0   BANK1   BANK2   BANK3   BANK4   BANK5   BANK6   BANK7   BANK8   BANK9  BANK10  BANK11  BANK12  BANK13
      Params:         0       0       0       0       0       0       0       0       0       0       0       0       0       0       0
      Locals:         1       0       0       0       0       0       0       0       0       0       0       0       0       0       0
      Temps:          0       0       0       0       0       0       0       0       0       0       0       0       0       0       0
      Totals:         1       0       0       0       0       0       0       0       0       0       0       0       0       0       0
Total ram usage:        1 bytes
 Hardware stack levels used:    1
 Hardware stack levels required when called:    3
 This function calls:
		Nothing
 This function is called by:
		_selfTest
		_main
 This function uses a non-reentrant model


 *************** function _init *****************
 Defined at:
		line 30 in file "main.c"
 Parameters:    Size  Location     Type
		None
 Auto vars:     Size  Location     Type
		None
 Return value:  Size  Location     Type
		None               void
 Registers used:
		wreg, status,2, status,0, tblptrl, tblptrh, tblptru, prodl, prodh, cstack
 Tracked objects:
		On entry : 
		On exit  : 
		Unchanged: 
 Data sizes:     COMRAM   BANK0   BANK1   BANK2   BANK3   BANK4   BANK5   BANK6   BANK7   BANK8   BANK9  BANK10  BANK11  BANK12  BANK13
      Params:         0       0       0       0       0       0       0       0       0       0       0       0       0       0       0
      Locals:         0       0       0       0       0       0       0       0       0       0       0       0       0       0       0
      Temps:          0       0       0       0       0       0       0       0       0       0       0       0       0       0       0
      Totals:         0       0       0       0       0       0       0       0       0       0       0       0       0       0       0
Total ram usage:        0 bytes
 Hardware stack levels used:    1
 Hardware stack levels required when called:    8
 This function calls:
		_LCD_init4bit
		_UART_init
		_clearMillis
		_encoders_init
		_fft_init
		_motorDrive_init
		_settings_init
 This function is called by:
		_main
 This function uses a non-reentrant model


 *************** function _settings_init *****************
 Defined at:
		line 16 in file "settings.c"
 Parameters:    Size  Location     Type
		None
 Auto vars:     Size  Location     Type
		None
 Return value:  Size  Location     Type
		None               void
 Registers used:
		wreg, status,2
 Tracked objects:
		On entry : 
		On exit  : 
		Unchanged: 
 Data sizes:     COMRAM   BANK0   BANK1   BANK2   BANK3   BANK4   BANK5   BANK6   BANK7   BANK8   BANK9  BANK10  BANK11  BANK12  BANK13
      Params:         0       0       0       0       0       0       0       0       0       0       0       0       0       0       0
      Locals:         0       0       0       0       0       0       0       0       0       0       0       0       0       0       0
[...]
  f               2   17[COMRAM] PTR const unsigned char 
		 -> STR_16(3), STR_2(3), 
 Auto vars:     Size  Location     Type
  sp              1   31[COMRAM] PTR unsigned char 
		 -> UART_transmitString@tempString(20), LCD_printString@tempString(20), 
  _val            5   26[COMRAM] struct .
  c               1   32[COMRAM] char 
  prec            1   25[COMRAM] char 
  flag            1   24[COMRAM] unsigned char 
  ap              1   23[COMRAM] PTR void [1]
		 -> ?_sprintf(2), 
 Return value:  Size  Location     Type
                  2   17[COMRAM] int 
 Registers used:
		wreg, fsr2l, fsr2h, status,2, status,0, tblptrl, tblptrh, tblptru, prodl, prodh, cstack
 Tracked objects:
		On entry : 
		On exit  : 
		Unchanged: 
 Data sizes:     COMRAM   BANK0   BANK1   BANK2   BANK3   BANK4   BANK5   BANK6   BANK7   BANK8   BANK9  BANK10  BANK11  BANK12  BANK13
      Params:         4       0       0       0       0       0       0       0       0       0       0       0       0       0       0
      Locals:        10       0       0       0       0       0       0       0       0       0       0       0       0       0       0
      Temps:          2       0       0       0       0       0       0       0       0       0       0       0       0       0       0
      Totals:        16       0       0       0       0       0       0       0       0       0       0       0       0       0       0
Total ram usage:       16 bytes
 Hardware stack levels used:    1
 Hardware stack levels required when called:    4
 This function calls:
		___lwdiv
		___lwmod
 This function is called by:
		_LCD_printString
 This function uses a non-reentrant model


 *************** function ___lwmod *****************
 Defined at:
		line 8 in file "/Applications/microchip/xc8/v1.33/sources/common/lwmod.c"
 Parameters:    Size  Location     Type
  dividend        2   12[COMRAM] unsigned int 
  divisor         2   14[COMRAM] unsigned int 
 Auto vars:     Size  Location     Type
  counter         1   16[COMRAM] unsigned char 
 Return value:  Size  Location     Type
                  2   12[COMRAM] unsigned int 
 Registers used:
		wreg, status,2, status,0
 Tracked objects:
		On entry : 
		On exit  : 
		Unchanged: 
 Data sizes:     COMRAM   BANK0   BANK1   BANK2   BANK3   BANK4   BANK5   BANK6   BANK7   BANK8   BANK9  BANK10  BANK11  BANK12  BANK13
      Params:         4       0       0       0       0       0       0       0       0       0       0       0       0       0       0
      Locals:         1       0       0       0       0       0       0       0       0       0       0       0       0       0       0
      Temps:          0       0       0       0       0       0       0       0       0       0       0       0       0       0       0
      Totals:         5       0       0       0       0       0       0       0       0       0       0       0       0       0       0
Total ram usage:        5 bytes
 Hardware stack levels used:    1
 Hardware stack levels required when called:    3
 This function calls:
		Nothing
 This function is called by:
		_sprintf
 This function uses a non-reentrant model


 *************** function ___lwdiv *****************
 Defined at:
		line 8 in file "/Applications/microchip/xc8/v1.33/sources/common/lwdiv.c"
 Parameters:    Size  Location     Type
  dividend        2    5[COMRAM] unsigned int 
  divisor         2    7[COMRAM] unsigned int 
 Auto vars:     Size  Location     Type
  quotient        2   10[COMRAM] unsigned int 
  counter         1    9[COMRAM] unsigned char 
 Return value:  Size  Location     Type
                  2    5[COMRAM] unsigned int 
 Registers used:
		wreg, status,2, status,0
 Tracked objects:
		On entry : 
		On exit  : 
		Unchanged: 
 Data sizes:     COMRAM   BANK0   BANK1   BANK2   BANK3   BANK4   BANK5   BANK6   BANK7   BANK8   BANK9  BANK10  BANK11  BANK12  BANK13
      Params:         4       0       0       0       0       0       0       0       0       0       0       0       0       0       0
      Locals:         3       0       0       0       0       0       0       0       0       0       0       0       0       0       0
      Temps:          0       0       0       0       0       0       0       0       0       0       0       0       0       0       0
      Totals:         7       0       0       0       0       0       0       0       0       0       0       0       0       0       0
Total ram usage:        7 bytes
 Hardware stack levels used:    1
 Hardware stack levels required when called:    3
 This function calls:
		Nothing
 This function is called by:
		_sprintf
 This function uses a non-reentrant model


 *************** function _LCD_placeCursor *****************
 Defined at:
		line 279 in file "LCD.c"
 Parameters:    Size  Location     Type
  x               1    wreg     unsigned char 
  y               1   25[COMRAM] unsigned char 
 Auto vars:     Size  Location     Type
  x               1   28[COMRAM] unsigned char 
  address         1   29[COMRAM] unsigned char 
 Return value:  Size  Location     Type
		None               void
 Registers used:
		wreg, status,2, status,0, prodl, prodh, cstack
 Tracked objects:
		On entry : 
		On exit  : 
		Unchanged: 
 Data sizes:     COMRAM   BANK0   BANK1   BANK2   BANK3   BANK4   BANK5   BANK6   BANK7   BANK8   BANK9  BANK10  BANK11  BANK12  BANK13
      Params:         1       0       0       0       0       0       0       0       0       0       0       0       0       0       0
      Locals:         2       0       0       0       0       0       0       0       0       0       0       0       0       0       0
      Temps:          2       0       0       0       0       0       0       0       0       0       0       0       0       0       0
      Totals:         5       0       0       0       0       0       0       0       0       0       0       0       0       0       0
Total ram usage:        5 bytes
 Hardware stack levels used:    1
 Hardware stack levels required when called:    5
 This function calls:
		_delay_ms
		_delay_us
 This function is called by:
		_LCD_printString
 This function uses a non-reentrant model


 *************** function _delay_us *****************
 Defined at:
		line 51 in file "delays.c"
 Parameters:    Size  Location     Type
  x               4    5[COMRAM] long 
 Auto vars:     Size  Location     Type
		None
 Return value:  Size  Location     Type
		None               void
 Registers used:
		wreg, status,2, status,0
 Tracked objects:
		On entry : 
		On exit  : 
		Unchanged: 
 Data sizes:     COMRAM   BANK0   BANK1   BANK2   BANK3   BANK4   BANK5   BANK6   BANK7   BANK8   BANK9  BANK10  BANK11  BANK12  BANK13
      Params:         4       0       0       0       0       0       0       0       0       0       0       0       0       0       0
      Locals:         0       0       0       0       0       0       0       0       0       0       0       0       0       0       0
      Temps:          0       0       0       0       0       0       0       0       0       0       0       0       0       0       0
      Totals:         4       0       0       0       0       0       0       0       0       0       0       0       0       0       0
Total ram usage:        4 bytes
 Hardware stack levels used:    1
 Hardware stack levels required when called:    3
 This function calls:
		Nothing
 This function is called by:
		_LCD_init4bit
		_LCD_placeCursor
		_LCD_printString
		_fft_init
		_PS2_init
		_PS2_readGamepad
		_PS2_shiftInOut
 This function uses a non-reentrant model


 *************** function _delay_ms *****************
 Defined at:
		line 62 in file "delays.c"
 Parameters:    Size  Location     Type
  x               4    9[COMRAM] long 
 Auto vars:     Size  Location     Type
  time            4   21[COMRAM] unsigned long 
 Return value:  Size  Location     Type
		None               void
 Registers used:
		wreg, status,2, status,0, cstack
 Tracked objects:
		On entry : 
		On exit  : 
		Unchanged: 
 Data sizes:     COMRAM   BANK0   BANK1   BANK2   BANK3   BANK4   BANK5   BANK6   BANK7   BANK8   BANK9  BANK10  BANK11  BANK12  BANK13
      Params:         4       0       0       0       0       0       0       0       0       0       0       0       0       0       0
      Locals:         4       0       0       0       0       0       0       0       0       0       0       0       0       0       0
      Temps:          8       0       0       0       0       0       0       0       0       0       0       0       0       0       0
      Totals:        16       0       0       0       0       0       0       0       0       0       0       0       0       0       0
Total ram usage:       16 bytes
 Hardware stack levels used:    1
 Hardware stack levels required when called:    4
 This function calls:
		_millis
 This function is called by:
		_LCD_init4bit
		_LCD_placeCursor
		_LCD_printString
		_RCMode
		_main
		_PS2_readGamepad
		_PS2_sendCommandString
 This function uses a non-reentrant model


 *************** function _millis *****************
 Defined at:
		line 110 in file "delays.c"
 Parameters:    Size  Location     Type
		None
 Auto vars:     Size  Location     Type
		None
 Return value:  Size  Location     Type
                  4    5[COMRAM] unsigned long 
 Registers used:
		None
 Tracked objects:
		On entry : 
		On exit  : 
		Unchanged: 
 Data sizes:     COMRAM   BANK0   BANK1   BANK2   BANK3   BANK4   BANK5   BANK6   BANK7   BANK8   BANK9  BANK10  BANK11  BANK12  BANK13
      Params:         4       0       0       0       0       0       0       0       0       0       0       0       0       0       0
      Locals:         0       0       0       0       0       0       0       0       0       0       0       0       0       0       0
      Temps:          0       0       0       0       0       0       0       0       0       0       0       0       0       0       0
      Totals:         4       0       0       0       0       0       0       0       0       0       0       0       0       0       0
Total ram usage:        4 bytes
 Hardware stack levels used:    1
 Hardware stack levels required when called:    3
 This function calls:
		Nothing
 This function is called by:
		_delay_ms
		_PS2_readGamepad
 This function uses a non-reentrant model


 *************** function _encoderInterrupt *****************
 Defined at:
		line 40 in file "encoders.c"
 Parameters:    Size  Location     Type
		None
 Auto vars:     Size  Location     Type
		None
 Return value:  Size  Location     Type
		None               void
 Registers used:
		wreg, status,2, status,0
 Tracked objects:
		On entry : 
		On exit  : 
		Unchanged: 
 Data sizes:     COMRAM   BANK0   BANK1   BANK2   BANK3   BANK4   BANK5   BANK6   BANK7   BANK8   BANK9  BANK10  BANK11  BANK12  BANK13
      Params:         0       0       0       0       0       0       0       0       0       0       0       0       0       0       0
      Locals:         0       0       0       0       0       0       0       0       0       0       0       0       0       0       0
      Temps:          3       0       0       0       0       0       0       0       0       0       0       0       0       0       0
      Totals:         3       0       0       0       0       0       0       0       0       0       0       0       0       0       0
Total ram usage:        3 bytes
 Hardware stack levels used:    1
 Hardware stack levels required when called:    2
 This function calls:
		Nothing
 This function is called by:
		Interrupt level 1
 This function uses a non-reentrant model


 *************** function _communicationInterruptHandler *****************
 Defined at:
		line 203 in file "main.c"
 Parameters:    Size  Location     Type
		None
 Auto vars:     Size  Location     Type
		None
 Return value:  Size  Location     Type
		None               void
 Registers used:
		wreg, fsr2l, fsr2h, status,2, status,0, cstack
 Tracked objects:
		On entry : 
		On exit  : 
		Unchanged: 
 Data sizes:     COMRAM   BANK0   BANK1   BANK2   BANK3   BANK4   BANK5   BANK6   BANK7   BANK8   BANK9  BANK10  BANK11  BANK12  BANK13
      Params:         0       0       0       0       0       0       0       0       0       0       0       0       0       0       0
      Locals:         0       0       0       0       0       0       0       0       0       0       0       0       0       0       0
      Temps:          2       0       0       0       0       0       0       0       0       0       0       0       0       0       0
      Totals:         2       0       0       0       0       0       0       0       0       0       0       0       0       0       0
Total ram usage:        2 bytes
 Hardware stack levels used:    1
 Hardware stack levels required when called:    1
 This function calls:
		_tickMillis
 This function is called by:
		Interrupt level 2
 This function uses a non-reentrant model


 *************** function _tickMillis *****************
 Defined at:
		line 121 in file "delays.c"
 Parameters:    Size  Location     Type
		None
 Auto vars:     Size  Location     Type
		None
 Return value:  Size  Location     Type
		None               void
 Registers used:
		wreg, status,2, status,0
 Tracked objects:
		On entry : 
		On exit  : 
		Unchanged: 
 Data sizes:     COMRAM   BANK0   BANK1   BANK2   BANK3   BANK4   BANK5   BANK6   BANK7   BANK8   BANK9  BANK10  BANK11  BANK12  BANK13
      Params:         0       0       0       0       0       0       0       0       0       0       0       0       0       0       0
      Locals:         0       0       0       0       0       0       0       0       0       0       0       0       0       0       0
      Temps:          0       0       0       0       0       0       0       0       0       0       0       0       0       0       0
      Totals:         0       0       0       0       0       0       0       0       0       0       0       0       0       0       0
Total ram usage:        0 bytes
 Hardware stack levels used:    1
 This function calls:
		Nothing
 This function is called by:
		_communicationInterruptHandler
 This function uses a non-reentrant model



MODULE INFORMATION

Module		Function		Class		Link	Load	Size
/Applications/microchip/xc8/v1.33/sources/pic18/plib/PWM/ew3open.c
		_OpenEPWM3     		CODE           	10EFA	0000	122

/Applications/microchip/xc8/v1.33/sources/pic18/plib/PWM/ew3open.c estimated size: 122

UART.c
		_UART_init     		CODE           	10DC6	0000	172

UART.c estimated size: 172

settings.c
		_settings_init 		CODE           	11566	0000	34
		_settings_auto 		CODE           	11636	0000	14
		_settings_selfT		CODE           	1166C	0000	12
		_settings_readB		CODE           	11644	0000	14
		_settings_wande		CODE           	11660	0000	12

settings.c estimated size: 86

/Applications/microchip/xc8/v1.33/sources/common/doprnt.c
		_sprintf       		CODE           	10A0C	0000	234

/Applications/microchip/xc8/v1.33/sources/common/doprnt.c estimated size: 234

/Applications/microchip/xc8/v1.33/sources/common/lwdiv.c
		___lwdiv       		CODE           	11322	0000	74

/Applications/microchip/xc8/v1.33/sources/common/lwdiv.c estimated size: 74

/Applications/microchip/xc8/v1.33/sources/common/awdiv.c
		___awdiv       		CODE           	10E72	0000	136

/Applications/microchip/xc8/v1.33/sources/common/awdiv.c estimated size: 136

/Applications/microchip/xc8/v1.33/sources/common/Umul16.c
		___wmul        		CODE           	11540	0000	38

/Applications/microchip/xc8/v1.33/sources/common/Umul16.c estimated size: 38

/Applications/microchip/xc8/v1.33/sources/pic18/plib/PWM/ew3setdc.c
		_SetDCEPWM3    		CODE           	113EE	0000	60

/Applications/microchip/xc8/v1.33/sources/pic18/plib/PWM/ew3setdc.c estimated size: 60

/Applications/microchip/xc8/v1.33/sources/pic18/plib/PWM/ew1setoc.c
		_SetOutputEPWM1		CODE           	10FE6	0000	114

/Applications/microchip/xc8/v1.33/sources/pic18/plib/PWM/ew1setoc.c estimated size: 114

PS2.c
		_PS2_shiftInOut		CODE           	11138	0000	108
		_PS2_init      		CODE           	10C28	0000	200
		_PS2_readType  		CODE           	115C6	0000	26
		_PS2_analog    		CODE           	11626	0000	16
		_PS2_reconfig  		CODE           	11588	0000	34
		_PS2_sendComman		CODE           	1136C	0000	68
		_PS2_readGamepa		CODE           	108BE	0000	334

PS2.c estimated size: 786

motorDrive.c
		_motorDrive_set		CODE           	10384	0000	434
		_motorDrive_ini		CODE           	110CA	0000	110

motorDrive.c estimated size: 544

encoders.c
		_encoders_init 		CODE           	1151A	0000	38
		_encoderInterru		CODE           	0018	0000	88

encoders.c estimated size: 126

delays.c
		_delay_init    		CODE           	1149A	0000	48
		_millis        		CODE           	11604	0000	18
		_delay_us      		CODE           	11464	0000	54
		_clearMillis   		CODE           	11616	0000	16
		_tickMillis    		CODE           	11652	0000	14
		_delay_ms      		CODE           	112CC	0000	86

delays.c estimated size: 236

/Applications/microchip/xc8/v1.33/sources/common/strcat.c
		_strcat        		CODE           	11274	0000	88

/Applications/microchip/xc8/v1.33/sources/common/strcat.c estimated size: 88

shared
		PL12           		CODE           	10360	0000	24
		PL8            		CODE           	10350	0000	16
		PL22           		CODE           	106FC	0000	14
		PL32           		CODE           	10DB4	0000	18
		PL42           		CODE           	10550	0000	10
		PL14           		CODE           	106B0	0000	24
		PL24           		CODE           	10CF0	0000	12
		PL34           		CODE           	10B26	0000	10
		__stringdata   		MEDIUMCONST    	FEF0	0000	270
		PL16           		CODE           	106C8	0000	16
		PL26           		CODE           	10AF6	0000	24
		PL36           		CODE           	10536	0000	16
		_dpowers       		MEDIUMCONST    	FEC5	0000	10
		PL18           		CODE           	106D8	0000	20
		PL28           		CODE           	10B0E	0000	24
		PL38           		CODE           	10378	0000	12
		atan@coeff_a   		MEDIUMCONST    	0000	0000	65249
		atan@coeff_b   		MEDIUMCONST    	0000	0000	65264
		__initializatio		CODE           	111A4	0000	100
		PL2            		CODE           	108A6	0000	12
		PL10           		CODE           	108B2	0000	12
		PL4            		CODE           	102AA	0000	148
		PL20           		CODE           	106EC	0000	16
		PL30           		CODE           	1070A	0000	18
		PL6            		CODE           	1033E	0000	18
		PL40           		CODE           	10546	0000	10

shared estimated size: 131367

/Applications/microchip/xc8/v1.33/sources/pic18/plib/PWM/ew1open.c
		_OpenEPWM1     		CODE           	11058	0000	114

/Applications/microchip/xc8/v1.33/sources/pic18/plib/PWM/ew1open.c estimated size: 114

fft.c
		_fft_init      		CODE           	11678	0000	6

fft.c estimated size: 6

/Applications/microchip/xc8/v1.33/sources/pic18/plib/PWM/ew3setoc.c
		_SetOutputEPWM3		CODE           	10F74	0000	114

/Applications/microchip/xc8/v1.33/sources/pic18/plib/PWM/ew3setoc.c estimated size: 114

/Applications/microchip/xc8/v1.33/sources/common/lwmod.c
		___lwmod       		CODE           	113B0	0000	62

/Applications/microchip/xc8/v1.33/sources/common/lwmod.c estimated size: 62

/Applications/microchip/xc8/v1.33/sources/pic18/plib/PWM/ew1setdc.c
		_SetDCEPWM1    		CODE           	1142A	0000	58

/Applications/microchip/xc8/v1.33/sources/pic18/plib/PWM/ew1setdc.c estimated size: 58

main.c
		_init          		CODE           	115AA	0000	28
		_RCMode        		CODE           	10CFC	0000	184
		_selfTest      		CODE           	114F4	0000	38
		_communicationI		CODE           	0008	0000	70252
		_main          		CODE           	10B30	0000	248
		_debug         		CODE           	1167E	0000	2
		_wanderMode    		CODE           	115E0	0000	18
		_competitionMod		CODE           	115F2	0000	18

main.c estimated size: 70788

LCD.c
		_LCD_placeCurso		CODE           	1055A	0000	342
		_LCD_init4bit  		CODE           	1071C	0000	394
		_LCD_printStrin		CODE           	10000	0000	682

LCD.c estimated size: 1418

