Microchip MPLAB XC8 Compiler V1.34 ()

Linker command line:

--edf=C:\Program Files (x86)\Microchip\xc8\v1.34\dat\en_msgs.txt -cs \
  -h+dist/default/production\PIC_firmware.production.sym \
  --cmf=dist/default/production\PIC_firmware.production.cmf -z -Q18F97J94 \
  -oC:\Users\Tyler\AppData\Local\Temp\s40k.6 \
  -Mdist/default/production/PIC_firmware.production.map -E1 -ver=XC8 \
  -ASTACK=07B0h-0df9h -pstack=STACK -ACODE=00h-01FFEFh -ACONST=00h-01FFEFh \
  -ASMALLCONST=0E00h-0EFFhx497,01FF00h-01FFEFh \
  -AMEDIUMCONST=0E00h-0FFFFh,010E00h-01FFEFh -ACOMRAM=01h-05Fh \
  -AABS1=00h-0DF9h -ABIGRAM=01h-0DF9h \
  -ARAM=060h-0FFh,0100h-01FFhx12,0D00h-0DF9h -ABANK0=060h-0FFh \
  -ABANK1=0100h-01FFh -ABANK2=0200h-02FFh -ABANK3=0300h-03FFh \
  -ABANK4=0400h-04FFh -ABANK5=0500h-05FFh -ABANK6=0600h-06FFh \
  -ABANK7=0700h-07FFh -ABANK8=0800h-08FFh -ABANK9=0900h-09FFh \
  -ABANK10=0A00h-0AFFh -ABANK11=0B00h-0BFFh -ABANK12=0C00h-0CFFh \
  -ABANK13=0D00h-0DF9h \
  -ASFR=0DFAh-0DFFh,0E00h-0EFFh,0F00h-0F5Fh,0F60h-0FFFh \
  -preset_vec=00h,intcode=08h,intcodelo=018h,powerup,init,end_init \
  -pramtop=0E00h -psmallconst=SMALLCONST -pmediumconst=MEDIUMCONST \
  -pconst=CONST -AFARRAM=00h-00h -ACONFIG=01FFF0h-01FFFFh -pconfig=CONFIG \
  -pjflash_buffer=01FBF8h \
  -prdata=COMRAM,nvrram=COMRAM,nvbit=COMRAM,rbss=COMRAM,rbit=COMRAM \
  -pfarbss=FARRAM,fardata=FARRAM,nvFARRAM=FARRAM \
  -pintsave_regs=BIGRAM,bigbss=BIGRAM,bigdata=BIGRAM -pbss=RAM \
  -pidata=CODE,irdata=CODE,ibigdata=CODE,ifardata=CODE -prparam=COMRAM \
  C:\Users\Tyler\AppData\Local\Temp\s40k.obj \
  dist/default/production\PIC_firmware.production.obj 

Object code version is 3.11

Machine type is 18F97J94

Call graph: (short form)




                Name                               Link     Load   Length Selector   Space Scale
C:\Users\Tyler\AppData\Local\Temp\s40k.obj
                end_init                             F6       F6        4        C       0
                reset_vec                             0        0        4        0       0
                config                            1FFF0    1FFF0       10    1FFF0       0
dist/default/production\PIC_firmware.production.obj
                intcodelo                            18       18       DE        C       0
                intcode                               8        8       10        4       0
                mediumconst                        F914     F914      6EC     7C8A       0
                text40                            1212A    1212A       10     906D       0
                intcode_body                      113BC    113BC       D0     8000       0
                text37                            12118    12118       12     906D       0
                text36                            117E2    117E2       94     8000       0
                text35                            11F18    11F18       3E     8000       0
                text34                            10A26    10A26      35A     8000       0
                text33                            11A9E    11A9E       82     8000       0
                text32                            11C88    11C88       6C     8000       0
                text31                            1102C    1102C      1B6     8000       0
                text30                            11CF4    11CF4       66     8000       0
                text29                            10000    10000      6C4     8000       0
                text28                            11ED6    11ED6       42     8000       0
                text27                            11FC4    11FC4       36     8000       0
                text26                            11F8E    11F8E       36     8000       0
                text25                            11D5A    11D5A       54     8000       0
                text24                            1174E    1174E       94     8000       0
                text23                            11C16    11C16       72     8000       0
                text22                            11DAE    11DAE       50     8000       0
                text21                            11A1C    11A1C       82     8000       0
                text20                            11B9C    11B9C       7A     8000       0
                text19                            1148C    1148C       BA     8000       0
                text18                            11DFE    11DFE       4C     8000       0
                text17                            11FFA    11FFA       32     8000       0
                text16                            106C4    106C4      362     8000       0
                text15                            111E2    111E2      10A     8000       0
                text14                            12100    12100       18     906D       0
                text13                            12086    12086       2A     8000       0
                text12                            11998    11998       84     8000       0
                text11                            11876    11876       92     8000       0
                text10                            116A8    116A8       A6     8000       0
                text9                             115FA    115FA       AE     8000       0
                text8                             11E92    11E92       44     8000       0
                text7                             11E4A    11E4A       48     8000       0
                text6                             112EC    112EC       D0     8000       0
                text5                             11F56    11F56       38     8000       0
                text4                             10D80    10D80      2AC     8000       0
                text3                             11908    11908       90     8000       0
                text2                             1202C    1202C       2E     8000       0
                text1                             120DA    120DA       26     906D       0
                text0                             11B20    11B20       7C     8000       0
                cstackCOMRAM                          1        1       1F        1       1
                cstackBANK0                          60       60       2D       60       1
                cstackBANK2                         2B2      2B2       33      200       1
                bssBIGRAM                           3C8      3C8      3E8      3C8       1
                bssBANK3                            300      300       C8      300       1
                bssBANK2                            200      200       B2      200       1
                dataBANK1                           1C6      1C6       29      100       1
                bssBANK1                            100      100       C6      100       1
                dataBANK0                            8D       8D       2C       60       1
                bssBANK0                             B9       B9       25       60       1
                dataCOMRAM                           3E       3E        3        1       1
                bssCOMRAM                            20       20       1E        1       1
                cinit                             11546    11546       B4     8000       0
                idataBANK1                        120B0    120B0       29     8000       0
                idataBANK0                        1205A    1205A       2C     8000       0
                idataCOMRAM                       1213A    1213A        3     906D       0

TOTAL           Name                               Link     Load   Length     Space
        CLASS   STACK          

        CLASS   CODE           
                end_init                             F6       F6        4         0
                intcodelo                            18       18       DE         0
                intcode                               8        8       10         0
                reset_vec                             0        0        4         0
                text40                            1212A    1212A       10         0
                intcode_body                      113BC    113BC       D0         0
                text37                            12118    12118       12         0
                text36                            117E2    117E2       94         0
                text35                            11F18    11F18       3E         0
                text34                            10A26    10A26      35A         0
                text33                            11A9E    11A9E       82         0
                text32                            11C88    11C88       6C         0
                text31                            1102C    1102C      1B6         0
                text30                            11CF4    11CF4       66         0
                text29                            10000    10000      6C4         0
                text28                            11ED6    11ED6       42         0
                text27                            11FC4    11FC4       36         0
                text26                            11F8E    11F8E       36         0
                text25                            11D5A    11D5A       54         0
                text24                            1174E    1174E       94         0
                text23                            11C16    11C16       72         0
                text22                            11DAE    11DAE       50         0
                text21                            11A1C    11A1C       82         0
                text20                            11B9C    11B9C       7A         0
                text19                            1148C    1148C       BA         0
                text18                            11DFE    11DFE       4C         0
                text17                            11FFA    11FFA       32         0
                text16                            106C4    106C4      362         0
                text15                            111E2    111E2      10A         0
                text14                            12100    12100       18         0
                text13                            12086    12086       2A         0
                text12                            11998    11998       84         0
                text11                            11876    11876       92         0
                text10                            116A8    116A8       A6         0
                text9                             115FA    115FA       AE         0
                text8                             11E92    11E92       44         0
                text7                             11E4A    11E4A       48         0
                text6                             112EC    112EC       D0         0
                text5                             11F56    11F56       38         0
                text4                             10D80    10D80      2AC         0
                text3                             11908    11908       90         0
                text2                             1202C    1202C       2E         0
                text1                             120DA    120DA       26         0
                text0                             11B20    11B20       7C         0
                cinit                             11546    11546       B4         0
                idataBANK1                        120B0    120B0       29         0
                idataBANK0                        1205A    1205A       2C         0
                idataCOMRAM                       1213A    1213A        3         0

        CLASS   CONST          

        CLASS   SMALLCONST     

        CLASS   MEDIUMCONST    
                mediumconst                        F914     F914      6EC         0

        CLASS   COMRAM         
                cstackCOMRAM                          1        1       1F         1
                dataCOMRAM                           3E       3E        3         1
                bssCOMRAM                            20       20       1E         1

        CLASS   ABS1           

        CLASS   BIGRAM         
                bssBIGRAM                           3C8      3C8      3E8         1

        CLASS   RAM            

        CLASS   BANK0          
                cstackBANK0                          60       60       2D         1
                dataBANK0                            8D       8D       2C         1
                bssBANK0                             B9       B9       25         1

        CLASS   BANK1          
                dataBANK1                           1C6      1C6       29         1
                bssBANK1                            100      100       C6         1

        CLASS   BANK2          
                cstackBANK2                         2B2      2B2       33         1
                bssBANK2                            200      200       B2         1

        CLASS   BANK3          
                bssBANK3                            300      300       C8         1

        CLASS   BANK4          

        CLASS   BANK5          

        CLASS   BANK6          

        CLASS   BANK7          

        CLASS   BANK8          

        CLASS   BANK9          

        CLASS   BANK10         

        CLASS   BANK11         

        CLASS   BANK12         

        CLASS   BANK13         

        CLASS   SFR            

        CLASS   FARRAM         

        CLASS   CONFIG         
                config                            1FFF0    1FFF0       10         0

        CLASS   IDLOC          



SEGMENTS        Name                           Load    Length   Top    Selector   Space  Class

                reset_vec                      000000  000004  000004         0       0  CODE    
                cstackCOMRAM                   000001  000040  000041         1       1  COMRAM  
                intcode                        000008  000010  000018         4       0  CODE    
                intcodelo                      000018  0000E2  0000FA         C       0  CODE    
                cstackBANK0                    000060  00007E  0000DE        60       1  BANK0   
                bssBANK1                       000100  0000EF  0001EF       100       1  BANK1   
                bssBANK2                       000200  0000E5  0002E5       200       1  BANK2   
                bssBANK3                       000300  0000C8  0003C8       300       1  BANK3   
                bssBIGRAM                      0003C8  0003E8  0007B0       3C8       1  BIGRAM  
                mediumconst                    00F914  0006EC  010000      7C8A       0  MEDIUMCO
                text29                         010000  0020D9  0120D9      8000       0  CODE    
                text1                          0120DA  000063  01213D      906D       0  CODE    
                config                         01FFF0  000010  020000     1FFF0       0  CONFIG  


UNUSED ADDRESS RANGES

        Name                Unused          Largest block    Delta
        BANK0            000DE-000FF              22
        BANK1            001EF-001FF              11
        BANK10           00A00-00AFF             100
        BANK11           00B00-00BFF             100
        BANK12           00C00-00CFF             100
        BANK13           00D00-00DF9              FA
        BANK2            002E5-002FF              1B
        BANK7            007B0-007FF              50
        BANK8            00800-008FF             100
        BANK9            00900-009FF             100
        BIGRAM           00041-0005F              1F
                         000DE-000FF              22
                         001EF-001FF              11
                         002E5-002FF              1B
                         007B0-00DF9             64A
        CODE             00004-00007               4
                         000FA-0F913            F81A
                         120D9-120D9               1
                         1213D-1FFEF            DEB3
        COMRAM           00041-0005F              1F
        CONST            00004-00007               4
                         000FA-0F913            F81A
                         120D9-120D9               1
                         1213D-1FFEF            DEB3
        MEDIUMCONST      00E00-0F913            EB14
                         120D9-120D9               1
                         1213D-1FFEF            DEB3
        RAM              000DE-000FF              22
                         001EF-001FF              11
                         002E5-002FF              1B
                         007B0-00DF9             100
        SFR              00DFA-00FFF             100
        SMALLCONST       00E00-0F913             100
                         120D9-120D9               1
                         1213D-1FFEF             100
        STACK            007B0-00DF9             64A

                                  Symbol Table

?_LCD_printString                       cstackBANK0   0007B
?___awdiv                               cstackBANK0   00066
?___lmul                                cstackBANK0   00060
?___lwdiv                               cstackBANK0   00060
?___lwmod                               cstackBANK0   00067
?___wmul                                cstackBANK0   00060
?_millis                                cstackBANK0   00060
?_sprintf                               cstackBANK0   0006C
FONA_CheckStrength@F16408               dataBANK1     001C6
FONA_init@F16396                        dataBANK1     001DB
I2C_close@channel                       cstackBANK0   00062
I2C_init@channel                        cstackBANK0   00060
I2C_open@channel                        cstackBANK0   00062
I2C_read@channel                        cstackBANK0   00062
I2C_read@dataRetAdr                     cstackBANK0   00060
I2C_read@retVal                         cstackBANK0   00063
I2C_wait@channel                        cstackBANK0   00061
I2C_write@channel                       cstackBANK0   00063
I2C_write@data                          cstackBANK0   00062
I2C_writeRegister@channel               cstackBANK0   00067
I2C_writeRegister@data                  cstackBANK0   00066
I2C_writeRegister@retVal                cstackBANK0   00068
I2C_writeRegister@slaveAdr              cstackBANK0   00064
I2C_writeRegister@startRegAdr           cstackBANK0   00065
LCD_placeCursor@address                 cstackBANK0   0007A
LCD_placeCursor@x                       cstackBANK0   00079
LCD_placeCursor@y                       cstackBANK0   00074
LCD_printString@F16347                  bssBANK1      00132
LCD_printString@aptr                    cstackBANK2   002DD
LCD_printString@i                       cstackBANK2   002E1
LCD_printString@i_591                   cstackBANK2   002E3
LCD_printString@input                   cstackBANK0   0007C
LCD_printString@string                  cstackBANK2   002C6
LCD_printString@tempString              cstackBANK2   002B2
LCD_printString@tempString_590          cstackBANK2   002DF
LCD_printString@val                     cstackBANK2   002DB
LCD_printString@x                       cstackBANK2   002DA
LCD_printString@y                       cstackBANK0   0007B
LCD_printVal@F16365                     dataCOMRAM    0003E
OpenEPWM1@period                        cstackBANK0   00062
OpenEPWM1@timer_source                  cstackBANK0   00060
OpenEPWM3@period                        cstackBANK0   00062
OpenEPWM3@timer_source                  cstackBANK0   00060
PS2_readGamepad@F16091                  dataBANK0     0008D
PS2_readGamepad@F16093                  bssBANK0      000CE
SetDCEPWM1@DCycle                       cstackBANK0   00064
SetDCEPWM1@dutycycle                    cstackBANK0   00060
SetDCEPWM3@DCycle                       cstackBANK0   00064
SetDCEPWM3@dutycycle                    cstackBANK0   00060
SetOutputEPWM1@eccpmx                   cstackBANK0   00061
SetOutputEPWM1@outputconfig             cstackBANK0   00062
SetOutputEPWM1@outputmode               cstackBANK0   00060
SetOutputEPWM3@eccpmx                   cstackBANK0   00061
SetOutputEPWM3@outputconfig             cstackBANK0   00062
SetOutputEPWM3@outputmode               cstackBANK0   00060
UART_transmitString@F16323              bssBANK3      00300
_ADCBUF0                                (abs)         00FC2
_ADCBUF0Hbits                           (abs)         00FC3
_ADCBUF0Lbits                           (abs)         00FC2
_ADCHS0H                                (abs)         00E87
_ADCHS0L                                (abs)         00E86
_ADCON1Hbits                            (abs)         00FC1
_ADCON3L                                (abs)         00E8A
_ADON                                   (abs)         07E0F
_ANCON1                                 (abs)         00E47
_ANCON2                                 (abs)         00E46
_ANCON3                                 (abs)         00E45
_ANSEL10                                (abs)         07232
_ANSEL11                                (abs)         07233
_ANSEL14                                (abs)         07236
_ANSEL16                                (abs)         07228
_ANSEL17                                (abs)         07229
_ANSEL18                                (abs)         0722A
_ANSEL19                                (abs)         0722B
_ANSEL21                                (abs)         0722D
_ANSEL6                                 (abs)         0723E
_ANSEL9                                 (abs)         07231
_BAUDCON1bits                           (abs)         00F67
_BAUDCON2bits                           (abs)         00F31
_BAUDCON3bits                           (abs)         00F2D
_BAUDCON4bits                           (abs)         00EFD
_CCP1CON                                (abs)         00FB9
_CCP3CON                                (abs)         00F49
_CCPR1L                                 (abs)         00FBA
_CCPR3L                                 (abs)         00F4A
_CCPTMRS0                               (abs)         00F36
_CM1CONbits                             (abs)         00F53
_CPEN                                   (abs)         076C7
_DONE                                   (abs)         07E00
_FONA_BUFF                              bssBANK1      00100
_FONA_INDEX                             bssCOMRAM     00036
_GIE                                    (abs)         07F97
_I2C_close                              text27        11FC4
_I2C_init                               text18        11DFE
_I2C_open                               text26        11F8E
_I2C_read                               text22        11DAE
_I2C_wait                               text28        11ED6
_I2C_write                              text25        11D5A
_I2C_writeRegister                      text24        1174E
_INT1IF                                 (abs)         07F80
_INT3IF                                 (abs)         07F82
_INTCON2bits                            (abs)         00FF1
_INTCON3bits                            (abs)         00FF0
_INTCONbits                             (abs)         00FF2
_IOLOCK                                 (abs)         07B36
_IPEN                                   (abs)         07E87
_LATDbits                               (abs)         00F8C
_LCDA                                   (abs)         076D5
_LCDCONbits                             (abs)         00ED9
_LCDMD                                  (abs)         0778B
_LCD_init4bit                           text16        106C4
_LCD_placeCursor                        text34        10A26
_LCD_printString                        text29        10000
_MEMCONbits                             (abs)         00EE3
_NVCFG0                                 (abs)         0746D
_OpenEPWM1                              text12        11998
_OpenEPWM3                              text11        11876
_PADCFG1                                (abs)         00F54
_PADCFG1bits                            (abs)         00F54
_PIR1bits                               (abs)         00F9E
_PIR3bits                               (abs)         00FA4
_PIR6bits                               (abs)         00FA6
_PIXY_BUFF                              bssBIGRAM     003C8
_PIXY_INDEX                             bssCOMRAM     00037
_PORTBbits                              (abs)         00F81
_PORTDbits                              (abs)         00F83
_PORTEbits                              (abs)         00F84
_PORTFbits                              (abs)         00F85
_PORTGbits                              (abs)         00F86
_PORTHbits                              (abs)         00F87
_PORTJbits                              (abs)         00F88
_PORTKbits                              (abs)         00EE7
_PORTLbits                              (abs)         00EE4
_PR2                                    (abs)         00FCB
_PR4                                    (abs)         00F05
_PR6                                    (abs)         00F3E
_PR8                                    (abs)         00F3B
_PS2data                                bssBANK0      000B9
_PSPCONbits                             (abs)         00FA7
_PVCFG0                                 (abs)         0746E
_PVCFG1                                 (abs)         0746F
_RC1IE                                  (abs)         07CED
_RC2IE                                  (abs)         07D1D
_RC3IE                                  (abs)         07B0D
_RC4IE                                  (abs)         07B0F
_RCREG1                                 (abs)         00FAE
_RCREG3                                 (abs)         00F2A
_RCREG4                                 (abs)         00EFA
_RCSTA1bits                             (abs)         00FAB
_RCSTA2bits                             (abs)         00F33
_RCSTA3bits                             (abs)         00F2F
_RCSTA4bits                             (abs)         00EFF
_RD163                                  (abs)         07D8F
_RG0                                    (abs)         07C30
_RG1                                    (abs)         07C31
_RG2                                    (abs)         07C32
_RG3                                    (abs)         07C33
_RG4                                    (abs)         07C34
_RL1                                    (abs)         07721
_RL2                                    (abs)         07722
_RL3                                    (abs)         07723
_RPINR0_1                               (abs)         00E2A
_RPINR26_27                             (abs)         00E37
_RPINR28_29                             (abs)         00E38
_RPINR4_5                               (abs)         00E2C
_RPINR6_7                               (abs)         00E2D
_RPOR10_11                              (abs)         00E17
_RPOR12_13                              (abs)         00E18
_RPOR22_23                              (abs)         00E1D
_RPOR30_31                              (abs)         00E21
_RPOR34_35                              (abs)         00E23
_SAMP                                   (abs)         07E01
_SPBRG1                                 (abs)         00FAF
_SPBRG2                                 (abs)         00F1F
_SPBRG3                                 (abs)         00F2B
_SPBRG4                                 (abs)         00EFB
_SPBRGH1                                (abs)         00F30
_SPBRGH2                                (abs)         00F20
_SPBRGH3                                (abs)         00F2C
_SPBRGH4                                (abs)         00EFC
_SSP1ADD                                (abs)         00FC8
_SSP1BUF                                (abs)         00FC9
_SSP1CON1                               (abs)         00FC6
_SSP1CON1bits                           (abs)         00FC6
_SSP1CON2                               (abs)         00FC5
_SSP1CON2bits                           (abs)         00FC5
_SSP1CON3                               (abs)         00F69
_SSP1STAT                               (abs)         00FC7
_SSP1STATbits                           (abs)         00FC7
_SSP2ADD                                (abs)         00F02
_SSP2BUF                                (abs)         00F03
_SSP2CON1                               (abs)         00F19
_SSP2CON1bits                           (abs)         00F19
_SSP2CON2                               (abs)         00F18
_SSP2CON2bits                           (abs)         00F18
_SSP2CON3                               (abs)         00F39
_SSP2STAT                               (abs)         00F1A
_SSP2STATbits                           (abs)         00F1A
_SetDCEPWM1                             text8         11E92
_SetDCEPWM3                             text7         11E4A
_SetOutputEPWM1                         text10        116A8
_SetOutputEPWM3                         text9         115FA
_SineWave                               mediumconst   0F915
_T0CON                                  (abs)         00FD5
_T2CONbits                              (abs)         00FCA
_T3CKPS0                                (abs)         07D8C
_T3CKPS1                                (abs)         07D8D
_T4CKPS1                                (abs)         07821
_T4CONbits                              (abs)         00F04
_T6CKPS1                                (abs)         079E9
_T6CONbits                              (abs)         00F3D
_T8CONbits                              (abs)         00F3A
_TMR0IE                                 (abs)         07F95
_TMR0IF                                 (abs)         07F92
_TMR0IP                                 (abs)         07F8A
_TMR0L                                  (abs)         00FD6
_TMR3CS0                                (abs)         07D8E
_TMR3CS1                                (abs)         07D8F
_TMR3H                                  (abs)         00FB3
_TMR3IE                                 (abs)         07D01
_TMR3L                                  (abs)         00FB2
_TMR3ON                                 (abs)         07D88
_TMR4ON                                 (abs)         07822
_TMR6ON                                 (abs)         079EA
_TRISBbits                              (abs)         00F93
_TRISCbits                              (abs)         00F94
_TRISDbits                              (abs)         00F95
_TRISE0                                 (abs)         07CB0
_TRISE1                                 (abs)         07CB1
_TRISE2                                 (abs)         07CB2
_TRISE3                                 (abs)         07CB3
_TRISE4                                 (abs)         07CB4
_TRISE5                                 (abs)         07CB5
_TRISE6                                 (abs)         07CB6
_TRISE7                                 (abs)         07CB7
_TRISEbits                              (abs)         00F96
_TRISFbits                              (abs)         00F97
_TRISG7                                 (abs)         07CC7
_TRISGbits                              (abs)         00F98
_TRISH0                                 (abs)         07CC8
_TRISH1                                 (abs)         07CC9
_TRISH2                                 (abs)         07CCA
_TRISH3                                 (abs)         07CCB
_TRISHbits                              (abs)         00F99
_TRISJbits                              (abs)         00F9A
_TRISK1                                 (abs)         07749
_TRISL0                                 (abs)         07730
_TRISLbits                              (abs)         00EE6
_TX1IE                                  (abs)         07CEC
_TX2IE                                  (abs)         07D1C
_TX3IE                                  (abs)         07B0C
_TX4IE                                  (abs)         07B0E
_TXREG1                                 (abs)         00FAD
_TXREG2                                 (abs)         00F1D
_TXREG4                                 (abs)         00EF9
_TXSTA1bits                             (abs)         00FAC
_TXSTA2bits                             (abs)         00F32
_TXSTA3bits                             (abs)         00F2E
_TXSTA4bits                             (abs)         00EFE
_UART4_INDEX                            bssCOMRAM     00038
_UART_init                              text15        111E2
_USART4_BUFF                            bssBANK2      00200
_USB_BUFF                               bssBIGRAM     005BC
_USB_INDEX                              bssCOMRAM     00039
__CFG_ABW$MM                            (abs)         00000
__CFG_BOREN$ON                          (abs)         00000
__CFG_BORV$1                            (abs)         00000
__CFG_BW$16                             (abs)         00000
__CFG_CINASEL$DEFAULT                   (abs)         00000
__CFG_CLKOEN$OFF                        (abs)         00000
__CFG_CP0$OFF                           (abs)         00000
__CFG_DSBITEN$ON                        (abs)         00000
__CFG_DSBOREN$ON                        (abs)         00000
__CFG_DSWDTEN$ON                        (abs)         00000
__CFG_DSWDTOSC$LPRC                     (abs)         00000
__CFG_DSWDTPS$DSWDTPS1F                 (abs)         00000
__CFG_EASHFT$ON                         (abs)         00000
__CFG_FOSC$FRCPLL                       (abs)         00000
__CFG_FSCM$CSDCMD                       (abs)         00000
__CFG_IESO$OFF                          (abs)         00000
__CFG_IOL1WAY$ON                        (abs)         00000
__CFG_LS48MHZ$SYSX2                     (abs)         00000
__CFG_MSSPMSK1$MSK7                     (abs)         00000
__CFG_MSSPMSK2$MSK7                     (abs)         00000
__CFG_PLLDIV$NODIV                      (abs)         00000
__CFG_POSCMD$NONE                       (abs)         00000
__CFG_RETEN$OFF                         (abs)         00000
__CFG_SOSCSEL$DIG                       (abs)         00000
__CFG_STVREN$ON                         (abs)         00000
__CFG_T5GSEL$T5G                        (abs)         00000
__CFG_VBTBOR$ON                         (abs)         00000
__CFG_WAIT$OFF                          (abs)         00000
__CFG_WDTCLK$FRC                        (abs)         00000
__CFG_WDTEN$OFF                         (abs)         00000
__CFG_WDTPS$32768                       (abs)         00000
__CFG_WDTWIN$PS25_0                     (abs)         00000
__CFG_WINDIS$WDTSTD                     (abs)         00000
__CFG_WPCFG$WPCFGDIS                    (abs)         00000
__CFG_WPDIS$WPDIS                       (abs)         00000
__CFG_WPEND$WPENDMEM                    (abs)         00000
__CFG_WPFP$WPFP255                      (abs)         00000
__CFG_WPSA$128                          (abs)         00000
__CFG_XINST$OFF                         (abs)         00000
__HRAM                                  (abs)         00000
__Habs1                                 abs1          00000
__Hbank0                                bank0         00000
__Hbank1                                bank1         00000
__Hbank10                               bank10        00000
__Hbank11                               bank11        00000
__Hbank12                               bank12        00000
__Hbank13                               bank13        00000
__Hbank2                                bank2         00000
__Hbank3                                bank3         00000
__Hbank4                                bank4         00000
__Hbank5                                bank5         00000
__Hbank6                                bank6         00000
__Hbank7                                bank7         00000
__Hbank8                                bank8         00000
__Hbank9                                bank9         00000
__Hbigbss                               bigbss        00000
__Hbigdata                              bigdata       00000
__Hbigram                               bigram        00000
__Hbss                                  bss           00000
__HbssBANK0                             bssBANK0      00000
__HbssBANK1                             bssBANK1      00000
__HbssBANK2                             bssBANK2      00000
__HbssBANK3                             bssBANK3      00000
__HbssBIGRAM                            bssBIGRAM     00000
__HbssCOMRAM                            bssCOMRAM     00000
__Hcinit                                cinit         00000
__Hclrtext                              clrtext       00000
__Hcomram                               comram        00000
__Hconfig                               config        20000
__Hconst                                const         00000
__HcstackBANK0                          cstackBANK0   00000
__HcstackBANK2                          cstackBANK2   00000
__HcstackCOMRAM                         cstackCOMRAM  00000
__Hdata                                 data          00000
__HdataBANK0                            dataBANK0     00000
__HdataBANK1                            dataBANK1     00000
__HdataCOMRAM                           dataCOMRAM    00000
__Hend_init                             end_init      000FA
__Hfarbss                               farbss        00000
__Hfardata                              fardata       00000
__Hibigdata                             ibigdata      00000
__Hidata                                idata         00000
__HidataBANK0                           idataBANK0    00000
__HidataBANK1                           idataBANK1    00000
__HidataCOMRAM                          idataCOMRAM   00000
__Hidloc                                idloc         00000
__Hifardata                             ifardata      00000
__Hinit                                 init          000F6
__Hintcode                              intcode       00018
__Hintcode_body                         intcode_body  00000
__Hintcodelo                            intcodelo     000F6
__Hintentry                             intentry      00000
__Hintret                               intret        00000
__Hintsave_regs                         intsave_regs  00000
__Hirdata                               irdata        00000
__Hjflash_buffer                        jflash_buffer 1FBF8
__Hmediumconst                          mediumconst   10000
__HnvFARRAM                             nvFARRAM      00000
__Hnvbit                                nvbit         00000
__Hnvrram                               nvrram        00000
__Hparam                                rparam        00000
__Hpowerup                              powerup       000F6
__Hram                                  ram           00000
__Hramtop                               ramtop        00E00
__Hrbit                                 rbit          00000
__Hrbss                                 rbss          00000
__Hrdata                                rdata         00000
__Hreset_vec                            reset_vec     00004
__Hrparam                               rparam        00000
__Hsfr                                  sfr           00000
__Hsmallconst                           smallconst    00000
__Hspace_0                              (abs)         20000
__Hspace_1                              (abs)         007B0
__Hspace_2                              (abs)         00000
__Hstack                                stack         00000
__Hstruct                               struct        00000
__Htemp                                 temp          00000
__Htext                                 text          00000
__Htext0                                text0         00000
__Htext1                                text1         00000
__Htext10                               text10        00000
__Htext11                               text11        00000
__Htext12                               text12        00000
__Htext13                               text13        00000
__Htext14                               text14        00000
__Htext15                               text15        00000
__Htext16                               text16        00000
__Htext17                               text17        00000
__Htext18                               text18        00000
__Htext19                               text19        00000
__Htext2                                text2         00000
__Htext20                               text20        00000
__Htext21                               text21        00000
__Htext22                               text22        00000
__Htext23                               text23        00000
__Htext24                               text24        00000
__Htext25                               text25        00000
__Htext26                               text26        00000
__Htext27                               text27        00000
__Htext28                               text28        00000
__Htext29                               text29        00000
__Htext3                                text3         00000
__Htext30                               text30        00000
__Htext31                               text31        00000
__Htext32                               text32        00000
__Htext33                               text33        00000
__Htext34                               text34        00000
__Htext35                               text35        00000
__Htext36                               text36        00000
__Htext37                               text37        00000
__Htext4                                text4         00000
__Htext40                               text40        00000
__Htext5                                text5         00000
__Htext6                                text6         00000
__Htext7                                text7         00000
__Htext8                                text8         00000
__Htext9                                text9         00000
__LRAM                                  (abs)         00001
__Labs1                                 abs1          00000
__Lbank0                                bank0         00000
__Lbank1                                bank1         00000
__Lbank10                               bank10        00000
__Lbank11                               bank11        00000
__Lbank12                               bank12        00000
__Lbank13                               bank13        00000
__Lbank2                                bank2         00000
__Lbank3                                bank3         00000
__Lbank4                                bank4         00000
__Lbank5                                bank5         00000
__Lbank6                                bank6         00000
__Lbank7                                bank7         00000
__Lbank8                                bank8         00000
__Lbank9                                bank9         00000
__Lbigbss                               bigbss        00000
__Lbigdata                              bigdata       00000
__Lbigram                               bigram        00000
__Lbss                                  bss           00000
__LbssBANK0                             bssBANK0      00000
__LbssBANK1                             bssBANK1      00000
__LbssBANK2                             bssBANK2      00000
__LbssBANK3                             bssBANK3      00000
__LbssBIGRAM                            bssBIGRAM     00000
__LbssCOMRAM                            bssCOMRAM     00000
__Lcinit                                cinit         00000
__Lclrtext                              clrtext       00000
__Lcomram                               comram        00000
__Lconfig                               config        1FFF0
__Lconst                                const         00000
__LcstackBANK0                          cstackBANK0   00000
__LcstackBANK2                          cstackBANK2   00000
__LcstackCOMRAM                         cstackCOMRAM  00000
__Ldata                                 data          00000
__LdataBANK0                            dataBANK0     00000
__LdataBANK1                            dataBANK1     00000
__LdataCOMRAM                           dataCOMRAM    00000
__Lend_init                             end_init      000F6
__Lfarbss                               farbss        00000
__Lfardata                              fardata       00000
__Libigdata                             ibigdata      00000
__Lidata                                idata         00000
__LidataBANK0                           idataBANK0    00000
__LidataBANK1                           idataBANK1    00000
__LidataCOMRAM                          idataCOMRAM   00000
__Lidloc                                idloc         00000
__Lifardata                             ifardata      00000
__Linit                                 init          000F6
__Lintcode                              intcode       00008
__Lintcode_body                         intcode_body  00000
__Lintcodelo                            intcodelo     00018
__Lintentry                             intentry      00000
__Lintret                               intret        00000
__Lintsave_regs                         intsave_regs  00000
__Lirdata                               irdata        00000
__Ljflash_buffer                        jflash_buffer 1FBF8
__Lmediumconst                          mediumconst   0F914
__LnvFARRAM                             nvFARRAM      00000
__Lnvbit                                nvbit         00000
__Lnvrram                               nvrram        00000
__Lparam                                rparam        00000
__Lpowerup                              powerup       000F6
__Lram                                  ram           00000
__Lramtop                               ramtop        00E00
__Lrbit                                 rbit          00000
__Lrbss                                 rbss          00000
__Lrdata                                rdata         00000
__Lreset_vec                            reset_vec     00000
__Lrparam                               rparam        00000
__Lsfr                                  sfr           00000
__Lsmallconst                           smallconst    00000
__Lspace_0                              (abs)         00000
__Lspace_1                              (abs)         00000
__Lspace_2                              (abs)         00000
__Lstack                                stack         00000
__Lstruct                               struct        00000
__Ltemp                                 temp          00000
__Ltext                                 text          00000
__Ltext0                                text0         00000
__Ltext1                                text1         00000
__Ltext10                               text10        00000
__Ltext11                               text11        00000
__Ltext12                               text12        00000
__Ltext13                               text13        00000
__Ltext14                               text14        00000
__Ltext15                               text15        00000
__Ltext16                               text16        00000
__Ltext17                               text17        00000
__Ltext18                               text18        00000
__Ltext19                               text19        00000
__Ltext2                                text2         00000
__Ltext20                               text20        00000
__Ltext21                               text21        00000
__Ltext22                               text22        00000
__Ltext23                               text23        00000
__Ltext24                               text24        00000
__Ltext25                               text25        00000
__Ltext26                               text26        00000
__Ltext27                               text27        00000
__Ltext28                               text28        00000
__Ltext29                               text29        00000
__Ltext3                                text3         00000
__Ltext30                               text30        00000
__Ltext31                               text31        00000
__Ltext32                               text32        00000
__Ltext33                               text33        00000
__Ltext34                               text34        00000
__Ltext35                               text35        00000
__Ltext36                               text36        00000
__Ltext37                               text37        00000
__Ltext4                                text4         00000
__Ltext40                               text40        00000
__Ltext5                                text5         00000
__Ltext6                                text6         00000
__Ltext7                                text7         00000
__Ltext8                                text8         00000
__Ltext9                                text9         00000
__S0                                    (abs)         20000
__S1                                    (abs)         007B0
__S2                                    (abs)         00000
___awdiv                                text6         112EC
___awdiv@counter                        cstackBANK0   0006A
___awdiv@dividend                       cstackBANK0   00066
___awdiv@divisor                        cstackBANK0   00068
___awdiv@quotient                       cstackBANK0   0006C
___awdiv@sign                           cstackBANK0   0006B
___extmem_base                          (abs)         20000
___inthi_sp                             stack         00000
___intlo_sp                             stack         00000
___lmul                                 text20        11B9C
___lmul@multiplicand                    cstackBANK0   00064
___lmul@multiplier                      cstackBANK0   00060
___lmul@product                         cstackBANK0   00068
___lwdiv                                text33        11A9E
___lwdiv@counter                        cstackBANK0   00064
___lwdiv@dividend                       cstackBANK0   00060
___lwdiv@divisor                        cstackBANK0   00062
___lwdiv@quotient                       cstackBANK0   00065
___lwmod                                text32        11C88
___lwmod@counter                        cstackBANK0   0006B
___lwmod@dividend                       cstackBANK0   00067
___lwmod@divisor                        cstackBANK0   00069
___param_bank                           (abs)         00010
___rparam_used                          (abs)         00001
___sp                                   stack         00000
___wmul                                 text5         11F56
___wmul@multiplicand                    cstackBANK0   00062
___wmul@multiplier                      cstackBANK0   00060
___wmul@product                         cstackBANK0   00064
__accesstop                             (abs)         00060
__activetblptr                          (abs)         00003
__end_of_I2C_close                      text27        11FFA
__end_of_I2C_init                       text18        11E4A
__end_of_I2C_open                       text26        11FC4
__end_of_I2C_read                       text22        11DFE
__end_of_I2C_wait                       text28        11F18
__end_of_I2C_write                      text25        11DAE
__end_of_I2C_writeRegister              text24        117E2
__end_of_LCD_init4bit                   text16        10A26
__end_of_LCD_placeCursor                text34        10D80
__end_of_LCD_printString                text29        106C4
__end_of_OpenEPWM1                      text12        11A1C
__end_of_OpenEPWM3                      text11        11908
__end_of_SetDCEPWM1                     text8         11ED6
__end_of_SetDCEPWM3                     text7         11E92
__end_of_SetOutputEPWM1                 text10        1174E
__end_of_SetOutputEPWM3                 text9         116A8
__end_of_SineWave                       mediumconst   0FF15
__end_of_UART_init                      text15        112EC
__end_of___awdiv                        text6         113BC
__end_of___lmul                         text20        11C16
__end_of___lwdiv                        text33        11B20
__end_of___lwmod                        text32        11CF4
__end_of___wmul                         text5         11F8E
__end_of__initialization                cinit         115F4
__end_of_clearMillis                    text14        12118
__end_of_communicationInterruptHandler  intcode_body  1148C
__end_of_compass_mainBoardInit          text23        11C88
__end_of_compass_mainRead               text21        11A9E
__end_of_delay_init                     text17        1202C
__end_of_delay_ms                       text36        11876
__end_of_delay_s                        text19        11546
__end_of_delay_us                       text35        11F56
__end_of_dpowers                        mediumconst   0FF1F
__end_of_encoderInterrupt               intcodelo     000F6
__end_of_encoders_init                  text13        120B0
__end_of_init                           text1         12100
__end_of_main                           text0         11B9C
__end_of_millis                         text37        1212A
__end_of_motorDrive_init                text3         11998
__end_of_motorDrive_setSpeeds           text4         1102C
__end_of_settings_init                  text2         1205A
__end_of_sprintf                        text31        111E2
__end_of_strcat                         text30        11D5A
__end_of_tickMillis                     text40        1213A
__end_ofatan@coeff_a                    mediumconst   0FF31
__end_ofatan@coeff_b                    mediumconst   0FF40
__initialization                        cinit         11546
__mediumconst                           mediumconst   0F914
__pbssBANK0                             bssBANK0      000B9
__pbssBANK1                             bssBANK1      00100
__pbssBANK2                             bssBANK2      00200
__pbssBANK3                             bssBANK3      00300
__pbssBIGRAM                            bssBIGRAM     003C8
__pbssCOMRAM                            bssCOMRAM     00020
__pcinit                                cinit         11546
__pcstackBANK0                          cstackBANK0   00060
__pcstackBANK2                          cstackBANK2   002B2
__pcstackCOMRAM                         cstackCOMRAM  00001
__pdataBANK0                            dataBANK0     0008D
__pdataBANK1                            dataBANK1     001C6
__pdataCOMRAM                           dataCOMRAM    0003E
__pidataBANK0                           idataBANK0    1205A
__pidataBANK1                           idataBANK1    120B0
__pidataCOMRAM                          idataCOMRAM   1213A
__pintcode                              intcode       00008
__pintcode_body                         intcode_body  113BC
__pintcodelo                            intcodelo     00018
__pmediumconst                          mediumconst   0F914
__ptext0                                text0         11B20
__ptext1                                text1         120DA
__ptext10                               text10        116A8
__ptext11                               text11        11876
__ptext12                               text12        11998
__ptext13                               text13        12086
__ptext14                               text14        12100
__ptext15                               text15        111E2
__ptext16                               text16        106C4
__ptext17                               text17        11FFA
__ptext18                               text18        11DFE
__ptext19                               text19        1148C
__ptext2                                text2         1202C
__ptext20                               text20        11B9C
__ptext21                               text21        11A1C
__ptext22                               text22        11DAE
__ptext23                               text23        11C16
__ptext24                               text24        1174E
__ptext25                               text25        11D5A
__ptext26                               text26        11F8E
__ptext27                               text27        11FC4
__ptext28                               text28        11ED6
__ptext29                               text29        10000
__ptext3                                text3         11908
__ptext30                               text30        11CF4
__ptext31                               text31        1102C
__ptext32                               text32        11C88
__ptext33                               text33        11A9E
__ptext34                               text34        10A26
__ptext35                               text35        11F18
__ptext36                               text36        117E2
__ptext37                               text37        12118
__ptext4                                text4         10D80
__ptext40                               text40        1212A
__ptext5                                text5         11F56
__ptext6                                text6         112EC
__ptext7                                text7         11E4A
__ptext8                                text8         11E92
__ptext9                                text9         115FA
__ramtop                                ramtop        00E00
__size_of_I2C_close                     (abs)         00000
__size_of_I2C_init                      (abs)         00000
__size_of_I2C_open                      (abs)         00000
__size_of_I2C_read                      (abs)         00000
__size_of_I2C_wait                      (abs)         00000
__size_of_I2C_write                     (abs)         00000
__size_of_I2C_writeRegister             (abs)         00000
__size_of_LCD_init4bit                  (abs)         00000
__size_of_LCD_placeCursor               (abs)         00000
__size_of_LCD_printString               (abs)         00000
__size_of_OpenEPWM1                     (abs)         00000
__size_of_OpenEPWM3                     (abs)         00000
__size_of_SetDCEPWM1                    (abs)         00000
__size_of_SetDCEPWM3                    (abs)         00000
__size_of_SetOutputEPWM1                (abs)         00000
__size_of_SetOutputEPWM3                (abs)         00000
__size_of_UART_init                     (abs)         00000
__size_of___awdiv                       (abs)         00000
__size_of___lmul                        (abs)         00000
__size_of___lwdiv                       (abs)         00000
__size_of___lwmod                       (abs)         00000
__size_of___wmul                        (abs)         00000
__size_of_clearMillis                   (abs)         00000
__size_of_communicationInterruptHandler (abs)         00000
__size_of_compass_mainBoardInit         (abs)         00000
__size_of_compass_mainRead              (abs)         00000
__size_of_delay_init                    (abs)         00000
__size_of_delay_ms                      (abs)         00000
__size_of_delay_s                       (abs)         00000
__size_of_delay_us                      (abs)         00000
__size_of_encoderInterrupt              (abs)         00000
__size_of_encoders_init                 (abs)         00000
__size_of_init                          (abs)         00000
__size_of_main                          (abs)         00000
__size_of_millis                        (abs)         00000
__size_of_motorDrive_init               (abs)         00000
__size_of_motorDrive_setSpeeds          (abs)         00000
__size_of_settings_init                 (abs)         00000
__size_of_sprintf                       (abs)         00000
__size_of_strcat                        (abs)         00000
__size_of_tickMillis                    (abs)         00000
__smallconst                            smallconst    00000
_buttons                                bssCOMRAM     0002C
_clearMillis                            text14        12100
_communicationInterruptHandler          intcode       00008
_compass_mainBoardInit                  text23        11C16
_compass_mainRead                       text21        11A1C
_config                                 bssCOMRAM     0003A
_controller_type                        bssCOMRAM     0003B
_delay_init                             text17        11FFA
_delay_ms                               text36        117E2
_delay_s                                text19        1148C
_delay_us                               text35        11F18
_dpowers                                mediumconst   0FF15
_encoderInterrupt                       intcodelo     00018
_encoders_init                          text13        12086
_enter_config                           dataBANK0     000B4
_errno                                  bssCOMRAM     0002E
_exit_config                            dataBANK0     000A2
_imaginaryNumbers                       bssBANK2      00232
_init                                   text1         120DA
_last_buttons                           bssCOMRAM     00030
_last_read                              bssCOMRAM     00020
_left_count                             bssCOMRAM     00024
_main                                   text0         11B20
_millis                                 text37        12118
_millisCount                            bssBANK0      000DA
_mode                                   bssCOMRAM     0003C
_motorDrive_init                        text3         11908
_motorDrive_setSpeeds                   text4         10D80
_motorDrive_setSpeeds$2395              cstackBANK0   00077
_motorDrive_setSpeeds$2396              cstackBANK0   00079
_motorDrive_setSpeeds$2397              cstackBANK0   0007B
_motorDrive_setSpeeds$2398              cstackBANK0   0007D
_motorDrive_setSpeeds$2399              cstackBANK0   0007F
_motorDrive_setSpeeds$2400              cstackBANK0   00081
_motorDrive_setSpeeds$2401              cstackBANK0   00083
_read_delay                             bssCOMRAM     0003D
_realNumbers                            bssBANK1      00146
_right_count                            bssCOMRAM     00028
_set_mode                               dataBANK0     000AB
_settings_init                          text2         1202C
_spbrg                                  bssCOMRAM     00032
_sprintf                                text31        1102C
_strcat                                 text30        11CF4
_tickMillis                             text40        1212A
_type_read                              dataBANK0     00096
compass_mainBoardInit@data              cstackBANK0   00069
compass_mainBoardInit@retVal            cstackBANK0   0006A
compass_mainRead@positionData           cstackBANK0   00064
compass_mainRead@retVal                 cstackBANK0   00068
compass_mainRead@x                      cstackBANK0   00069
compass_pixyInit@F16151                 dataBANK0     0009F
delay_init@config                       bssCOMRAM     00034
delay_ms@time                           cstackBANK0   00070
delay_ms@x                              cstackBANK0   00064
delay_s@time                            cstackBANK0   00078
delay_s@x                               cstackBANK0   0006C
delay_us@x                              cstackBANK0   00060
end_of_initialization                   cinit         115F4
int_func                                intcode_body  113BC
intlevel0                               text          00000
intlevel1                               text          00000
intlevel2                               text          00000
intlevel3                               text          00000
main@positionData                       cstackBANK0   00086
main@retVal                             cstackBANK0   0008C
motorDrive_setSpeeds@lSpeed             cstackBANK0   00085
motorDrive_setSpeeds@rSpeed             cstackBANK0   0006E
motorDrive_setSpeeds@templ              cstackBANK0   00073
motorDrive_setSpeeds@tempr              cstackBANK0   00075
sprintf@ap                              cstackBANK0   00073
sprintf@c                               cstackBANK0   00079
sprintf@f                               cstackBANK0   0006E
sprintf@flag                            cstackBANK0   00075
sprintf@prec                            cstackBANK0   00076
sprintf@sp                              cstackBANK0   0006C
sprintf@val                             cstackBANK0   00077
stackhi                                 (abs)         00DF9
stacklo                                 (abs)         007B0
start                                   init          000F6
start_initialization                    cinit         11546
strcat@cp                               cstackBANK0   00064
strcat@from                             cstackBANK0   00062
strcat@to                               cstackBANK0   00060


FUNCTION INFORMATION:

 *************** function _main *****************
 Defined at:
		line 109 in file "main.c"
 Parameters:    Size  Location     Type
		None
 Auto vars:     Size  Location     Type
  positionData    6   38[BANK0 ] unsigned char [6]
  retVal          1   44[BANK0 ] char 
 Return value:  Size  Location     Type
		None               void
 Registers used:
		wreg, fsr0l, fsr0h, fsr1l, fsr1h, fsr2l, fsr2h, status,2, status,0, tblptrl, tblptrh, tblptru, prodl, prodh, cstack
 Tracked objects:
		On entry : 
		On exit  : 
		Unchanged: 
 Data sizes:     COMRAM   BANK0   BANK1   BANK2   BANK3   BANK4   BANK5   BANK6   BANK7   BANK8   BANK9  BANK10  BANK11  BANK12  BANK13
      Params:         0       0       0       0       0       0       0       0       0       0       0       0       0       0       0
      Locals:         0       7       0       0       0       0       0       0       0       0       0       0       0       0       0
      Temps:          0       0       0       0       0       0       0       0       0       0       0       0       0       0       0
      Totals:         0       7       0       0       0       0       0       0       0       0       0       0       0       0       0
Total ram usage:        7 bytes
 Hardware stack levels required when called:    7
 This function calls:
		_LCD_printString
		_compass_mainBoardInit
		_compass_mainRead
		_delay_s
		_init
 This function is called by:
		Startup code after reset
 This function uses a non-reentrant model


 *************** function _init *****************
 Defined at:
		line 31 in file "main.c"
 Parameters:    Size  Location     Type
		None
 Auto vars:     Size  Location     Type
		None
 Return value:  Size  Location     Type
		None               void
 Registers used:
		wreg, status,2, status,0, tblptrl, tblptrh, tblptru, prodl, prodh, cstack
 Tracked objects:
		On entry : 
		On exit  : 
		Unchanged: 
 Data sizes:     COMRAM   BANK0   BANK1   BANK2   BANK3   BANK4   BANK5   BANK6   BANK7   BANK8   BANK9  BANK10  BANK11  BANK12  BANK13
      Params:         0       0       0       0       0       0       0       0       0       0       0       0       0       0       0
      Locals:         0       0       0       0       0       0       0       0       0       0       0       0       0       0       0
      Temps:          0       0       0       0       0       0       0       0       0       0       0       0       0       0       0
      Totals:         0       0       0       0       0       0       0       0       0       0       0       0       0       0       0
Total ram usage:        0 bytes
 Hardware stack levels used:    1
 Hardware stack levels required when called:    6
 This function calls:
		_I2C_init
		_LCD_init4bit
		_UART_init
		_clearMillis
		_encoders_init
		_motorDrive_init
		_settings_init
 This function is called by:
		_main
 This function uses a non-reentrant model


 *************** function _settings_init *****************
 Defined at:
		line 16 in file "settings.c"
 Parameters:    Size  Location     Type
		None
 Auto vars:     Size  Location     Type
		None
 Return value:  Size  Location     Type
		None               void
 Registers used:
		wreg, status,2
 Tracked objects:
		On entry : 
		On exit  : 
		Unchanged: 
 Data sizes:     COMRAM   BANK0   BANK1   BANK2   BANK3   BANK4   BANK5   BANK6   BANK7   BANK8   BANK9  BANK10  BANK11  BANK12  BANK13
      Params:         0       0       0       0       0       0       0       0       0       0       0       0       0       0       0
      Locals:         0       0       0       0       0       0       0       0       0       0       0       0       0       0       0
      Temps:          0       0       0       0       0       0       0       0       0       0       0       0       0       0       0
      Totals:         0       0       0       0       0       0       0       0       0       0       0       0       0       0       0
Total ram usage:        0 bytes
 Hardware stack levels used:    1
 Hardware stack levels required when called:    3
 This function calls:
		Nothing
 This function is called by:
		_init
 This function uses a non-reentrant model


 *************** function _motorDrive_init *****************
 Defined at:
		line 15 in file "motorDrive.c"
 Parameters:    Size  Location     Type
		None
 Auto vars:     Size  Location     Type
		None
 Return value:  Size  Location     Type
		None               void
 Registers used:
		wreg, status,2, status,0, tblptrl, tblptrh, tblptru, prodl, prodh, cstack
 Tracked objects:
		On entry : 
		On exit  : 
		Unchanged: 
 Data sizes:     COMRAM   BANK0   BANK1   BANK2   BANK3   BANK4   BANK5   BANK6   BANK7   BANK8   BANK9  BANK10  BANK11  BANK12  BANK13
      Params:         0       0       0       0       0       0       0       0       0       0       0       0       0       0       0
      Locals:         0       0       0       0       0       0       0       0       0       0       0       0       0       0       0
      Temps:          0       0       0       0       0       0       0       0       0       0       0       0       0       0       0
      Totals:         0       0       0       0       0       0       0       0       0       0       0       0       0       0       0
Total ram usage:        0 bytes
 Hardware stack levels used:    1
 Hardware stack levels required when called:    5
 This function calls:
		_OpenEPWM1
		_OpenEPWM3
		_SetDCEPWM1
		_SetDCEPWM3
		_SetOutputEPWM1
		_SetOutputEPWM3
		_motorDrive_setSpeeds
 This function is called by:
		_init
 This function uses a non-reentrant model


 *************** function _motorDrive_setSpeeds *****************
 Defined at:
		line 68 in file "motorDrive.c"
 Parameters:    Size  Location     Type
  lSpeed          1    wreg     char 
  rSpeed          1   14[BANK0 ] char 
 Auto vars:     Size  Location     Type
  lSpeed          1   37[BANK0 ] char 
  tempr           2   21[BANK0 ] int 
  templ           2   19[BANK0 ] int 
 Return value:  Size  Location     Type
		None               void
 Registers used:
		wreg, status,2, status,0, prodl, prodh, cstack
 Tracked objects:
		On entry : 
		On exit  : 
		Unchanged: 
 Data sizes:     COMRAM   BANK0   BANK1   BANK2   BANK3   BANK4   BANK5   BANK6   BANK7   BANK8   BANK9  BANK10  BANK11  BANK12  BANK13
      Params:         0       1       0       0       0       0       0       0       0       0       0       0       0       0       0
      Locals:         0      19       0       0       0       0       0       0       0       0       0       0       0       0       0
      Temps:          0       4       0       0       0       0       0       0       0       0       0       0       0       0       0
      Totals:         0      24       0       0       0       0       0       0       0       0       0       0       0       0       0
Total ram usage:       24 bytes
 Hardware stack levels used:    1
 Hardware stack levels required when called:    4
 This function calls:
		_SetDCEPWM1
		_SetDCEPWM3
		___awdiv
		___wmul
 This function is called by:
		_motorDrive_init
		_RCMode
 This function uses a non-reentrant model


 *************** function ___wmul *****************
 Defined at:
		line 15 in file "C:\Program Files (x86)\Microchip\xc8\v1.34\sources\common\Umul16.c"
 Parameters:    Size  Location     Type
  multiplier      2    0[BANK0 ] unsigned int 
  multiplicand    2    2[BANK0 ] unsigned int 
 Auto vars:     Size  Location     Type
  product         2    4[BANK0 ] unsigned int 
 Return value:  Size  Location     Type
                  2    0[BANK0 ] unsigned int 
 Registers used:
		wreg, status,2, status,0, prodl, prodh
 Tracked objects:
		On entry : 
		On exit  : 
		Unchanged: 
 Data sizes:     COMRAM   BANK0   BANK1   BANK2   BANK3   BANK4   BANK5   BANK6   BANK7   BANK8   BANK9  BANK10  BANK11  BANK12  BANK13
      Params:         0       4       0       0       0       0       0       0       0       0       0       0       0       0       0
      Locals:         0       2       0       0       0       0       0       0       0       0       0       0       0       0       0
      Temps:          0       0       0       0       0       0       0       0       0       0       0       0       0       0       0
      Totals:         0       6       0       0       0       0       0       0       0       0       0       0       0       0       0
Total ram usage:        6 bytes
 Hardware stack levels used:    1
 Hardware stack levels required when called:    3
 This function calls:
		Nothing
 This function is called by:
		_motorDrive_setSpeeds
		_fft_execute
 This function uses a non-reentrant model


 *************** function ___awdiv *****************
 Defined at:
		line 8 in file "C:\Program Files (x86)\Microchip\xc8\v1.34\sources\common\awdiv.c"
 Parameters:    Size  Location     Type
  dividend        2    6[BANK0 ] int 
  divisor         2    8[BANK0 ] int 
 Auto vars:     Size  Location     Type
  quotient        2   12[BANK0 ] int 
  sign            1   11[BANK0 ] unsigned char 
  counter         1   10[BANK0 ] unsigned char 
 Return value:  Size  Location     Type
                  2    6[BANK0 ] int 
 Registers used:
		wreg, status,2, status,0
 Tracked objects:
		On entry : 
		On exit  : 
		Unchanged: 
 Data sizes:     COMRAM   BANK0   BANK1   BANK2   BANK3   BANK4   BANK5   BANK6   BANK7   BANK8   BANK9  BANK10  BANK11  BANK12  BANK13
      Params:         0       4       0       0       0       0       0       0       0       0       0       0       0       0       0
      Locals:         0       4       0       0       0       0       0       0       0       0       0       0       0       0       0
      Temps:          0       0       0       0       0       0       0       0       0       0       0       0       0       0       0
      Totals:         0       8       0       0       0       0       0       0       0       0       0       0       0       0       0
Total ram usage:        8 bytes
 Hardware stack levels used:    1
 Hardware stack levels required when called:    3
 This function calls:
		Nothing
 This function is called by:
		_motorDrive_setSpeeds
		_RCMode
		_compass_cart2polar
 This function uses a non-reentrant model


 *************** function _SetDCEPWM3 *****************
 Defined at:
		line 16 in file "C:\Program Files (x86)\Microchip\xc8\v1.34\sources\pic18\plib\PWM\ew3setdc.c"
 Parameters:    Size  Location     Type
  dutycycle       2    0[BANK0 ] unsigned int 
 Auto vars:     Size  Location     Type
  DCycle          2    4[BANK0 ] struct PWMDC
 Return value:  Size  Location     Type
		None               void
 Registers used:
		wreg, status,2, status,0
 Tracked objects:
		On entry : 
		On exit  : 
		Unchanged: 
 Data sizes:     COMRAM   BANK0   BANK1   BANK2   BANK3   BANK4   BANK5   BANK6   BANK7   BANK8   BANK9  BANK10  BANK11  BANK12  BANK13
      Params:         0       2       0       0       0       0       0       0       0       0       0       0       0       0       0
      Locals:         0       2       0       0       0       0       0       0       0       0       0       0       0       0       0
      Temps:          0       2       0       0       0       0       0       0       0       0       0       0       0       0       0
      Totals:         0       6       0       0       0       0       0       0       0       0       0       0       0       0       0
Total ram usage:        6 bytes
 Hardware stack levels used:    1
 Hardware stack levels required when called:    3
 This function calls:
		Nothing
 This function is called by:
		_motorDrive_init
		_motorDrive_setSpeeds
 This function uses a non-reentrant model


 *************** function _SetDCEPWM1 *****************
 Defined at:
		line 32 in file "C:\Program Files (x86)\Microchip\xc8\v1.34\sources\pic18\plib\PWM\ew1setdc.c"
 Parameters:    Size  Location     Type
  dutycycle       2    0[BANK0 ] unsigned int 
 Auto vars:     Size  Location     Type
  DCycle          2    4[BANK0 ] struct PWMDC
 Return value:  Size  Location     Type
		None               void
 Registers used:
		wreg, status,2, status,0
 Tracked objects:
		On entry : 
		On exit  : 
		Unchanged: 
 Data sizes:     COMRAM   BANK0   BANK1   BANK2   BANK3   BANK4   BANK5   BANK6   BANK7   BANK8   BANK9  BANK10  BANK11  BANK12  BANK13
      Params:         0       2       0       0       0       0       0       0       0       0       0       0       0       0       0
      Locals:         0       2       0       0       0       0       0       0       0       0       0       0       0       0       0
      Temps:          0       2       0       0       0       0       0       0       0       0       0       0       0       0       0
      Totals:         0       6       0       0       0       0       0       0       0       0       0       0       0       0       0
Total ram usage:        6 bytes
 Hardware stack levels used:    1
 Hardware stack levels required when called:    3
 This function calls:
		Nothing
 This function is called by:
		_motorDrive_init
		_motorDrive_setSpeeds
 This function uses a non-reentrant model


 *************** function _SetOutputEPWM3 *****************
 Defined at:
		line 17 in file "C:\Program Files (x86)\Microchip\xc8\v1.34\sources\pic18\plib\PWM\ew3setoc.c"
 Parameters:    Size  Location     Type
  outputconfig    1    wreg     unsigned char 
  outputmode      1    0[BANK0 ] unsigned char 
 Auto vars:     Size  Location     Type
  outputconfig    1    2[BANK0 ] unsigned char 
  eccpmx          1    1[BANK0 ] unsigned char 
 Return value:  Size  Location     Type
		None               void
 Registers used:
		wreg, status,2, status,0, tblptrl, tblptrh, tblptru
 Tracked objects:
		On entry : 
		On exit  : 
		Unchanged: 
 Data sizes:     COMRAM   BANK0   BANK1   BANK2   BANK3   BANK4   BANK5   BANK6   BANK7   BANK8   BANK9  BANK10  BANK11  BANK12  BANK13
      Params:         0       1       0       0       0       0       0       0       0       0       0       0       0       0       0
      Locals:         0       2       0       0       0       0       0       0       0       0       0       0       0       0       0
      Temps:          0       0       0       0       0       0       0       0       0       0       0       0       0       0       0
[...]
      Totals:         0       6       0       0       0       0       0       0       0       0       0       0       0       0       0
Total ram usage:        6 bytes
 Hardware stack levels used:    1
 Hardware stack levels required when called:    3
 This function calls:
		Nothing
 This function is called by:
		_LCD_printString
		_UART_transmitString
 This function uses a non-reentrant model


 *************** function _sprintf *****************
 Defined at:
		line 492 in file "C:\Program Files (x86)\Microchip\xc8\v1.34\sources\common\doprnt.c"
 Parameters:    Size  Location     Type
  sp              2   12[BANK0 ] PTR unsigned char 
		 -> UART_transmitString@tempString(20), LCD_printString@tempString(20), 
  f               2   14[BANK0 ] PTR const unsigned char 
		 -> STR_11(3), STR_2(3), 
 Auto vars:     Size  Location     Type
  tmpval          4    0        struct .
  cp              3    0        PTR const unsigned char 
  val             2   23[BANK0 ] unsigned int 
  ap              2   19[BANK0 ] PTR void [1]
		 -> ?_sprintf(2), 
  len             2    0        unsigned int 
  c               1   25[BANK0 ] char 
  prec            1   22[BANK0 ] char 
  flag            1   21[BANK0 ] unsigned char 
 Return value:  Size  Location     Type
                  2   12[BANK0 ] int 
 Registers used:
		wreg, fsr2l, fsr2h, status,2, status,0, tblptrl, tblptrh, tblptru, prodl, prodh, cstack
 Tracked objects:
		On entry : 
		On exit  : 
		Unchanged: 
 Data sizes:     COMRAM   BANK0   BANK1   BANK2   BANK3   BANK4   BANK5   BANK6   BANK7   BANK8   BANK9  BANK10  BANK11  BANK12  BANK13
      Params:         0       6       0       0       0       0       0       0       0       0       0       0       0       0       0
      Locals:         0       7       0       0       0       0       0       0       0       0       0       0       0       0       0
      Temps:          0       1       0       0       0       0       0       0       0       0       0       0       0       0       0
      Totals:         0      14       0       0       0       0       0       0       0       0       0       0       0       0       0
Total ram usage:       14 bytes
 Hardware stack levels used:    1
 Hardware stack levels required when called:    4
 This function calls:
		___lwdiv
		___lwmod
 This function is called by:
		_LCD_printString
		_UART_transmitString
 This function uses a non-reentrant model


 *************** function ___lwmod *****************
 Defined at:
		line 8 in file "C:\Program Files (x86)\Microchip\xc8\v1.34\sources\common\lwmod.c"
 Parameters:    Size  Location     Type
  dividend        2    7[BANK0 ] unsigned int 
  divisor         2    9[BANK0 ] unsigned int 
 Auto vars:     Size  Location     Type
  counter         1   11[BANK0 ] unsigned char 
 Return value:  Size  Location     Type
                  2    7[BANK0 ] unsigned int 
 Registers used:
		wreg, status,2, status,0
 Tracked objects:
		On entry : 
		On exit  : 
		Unchanged: 
 Data sizes:     COMRAM   BANK0   BANK1   BANK2   BANK3   BANK4   BANK5   BANK6   BANK7   BANK8   BANK9  BANK10  BANK11  BANK12  BANK13
      Params:         0       4       0       0       0       0       0       0       0       0       0       0       0       0       0
      Locals:         0       1       0       0       0       0       0       0       0       0       0       0       0       0       0
      Temps:          0       0       0       0       0       0       0       0       0       0       0       0       0       0       0
      Totals:         0       5       0       0       0       0       0       0       0       0       0       0       0       0       0
Total ram usage:        5 bytes
 Hardware stack levels used:    1
 Hardware stack levels required when called:    3
 This function calls:
		Nothing
 This function is called by:
		_sprintf
 This function uses a non-reentrant model


 *************** function ___lwdiv *****************
 Defined at:
		line 8 in file "C:\Program Files (x86)\Microchip\xc8\v1.34\sources\common\lwdiv.c"
 Parameters:    Size  Location     Type
  dividend        2    0[BANK0 ] unsigned int 
  divisor         2    2[BANK0 ] unsigned int 
 Auto vars:     Size  Location     Type
  quotient        2    5[BANK0 ] unsigned int 
  counter         1    4[BANK0 ] unsigned char 
 Return value:  Size  Location     Type
                  2    0[BANK0 ] unsigned int 
 Registers used:
		wreg, status,2, status,0
 Tracked objects:
		On entry : 
		On exit  : 
		Unchanged: 
 Data sizes:     COMRAM   BANK0   BANK1   BANK2   BANK3   BANK4   BANK5   BANK6   BANK7   BANK8   BANK9  BANK10  BANK11  BANK12  BANK13
      Params:         0       4       0       0       0       0       0       0       0       0       0       0       0       0       0
      Locals:         0       3       0       0       0       0       0       0       0       0       0       0       0       0       0
      Temps:          0       0       0       0       0       0       0       0       0       0       0       0       0       0       0
      Totals:         0       7       0       0       0       0       0       0       0       0       0       0       0       0       0
Total ram usage:        7 bytes
 Hardware stack levels used:    1
 Hardware stack levels required when called:    3
 This function calls:
		Nothing
 This function is called by:
		_sprintf
 This function uses a non-reentrant model


 *************** function _LCD_placeCursor *****************
 Defined at:
		line 280 in file "LCD.c"
 Parameters:    Size  Location     Type
  x               1    wreg     unsigned char 
  y               1   20[BANK0 ] unsigned char 
 Auto vars:     Size  Location     Type
  x               1   25[BANK0 ] unsigned char 
  address         1   26[BANK0 ] unsigned char 
 Return value:  Size  Location     Type
		None               void
 Registers used:
		wreg, status,2, status,0, prodl, prodh, cstack
 Tracked objects:
		On entry : 
		On exit  : 
		Unchanged: 
 Data sizes:     COMRAM   BANK0   BANK1   BANK2   BANK3   BANK4   BANK5   BANK6   BANK7   BANK8   BANK9  BANK10  BANK11  BANK12  BANK13
      Params:         0       1       0       0       0       0       0       0       0       0       0       0       0       0       0
      Locals:         0       2       0       0       0       0       0       0       0       0       0       0       0       0       0
      Temps:          0       4       0       0       0       0       0       0       0       0       0       0       0       0       0
      Totals:         0       7       0       0       0       0       0       0       0       0       0       0       0       0       0
Total ram usage:        7 bytes
 Hardware stack levels used:    1
 Hardware stack levels required when called:    5
 This function calls:
		_delay_ms
		_delay_us
 This function is called by:
		_LCD_printString
 This function uses a non-reentrant model


 *************** function _delay_us *****************
 Defined at:
		line 51 in file "delays.c"
 Parameters:    Size  Location     Type
  x               4    0[BANK0 ] long 
 Auto vars:     Size  Location     Type
		None
 Return value:  Size  Location     Type
		None               void
 Registers used:
		wreg, status,2, status,0
 Tracked objects:
		On entry : 
		On exit  : 
		Unchanged: 
 Data sizes:     COMRAM   BANK0   BANK1   BANK2   BANK3   BANK4   BANK5   BANK6   BANK7   BANK8   BANK9  BANK10  BANK11  BANK12  BANK13
      Params:         0       4       0       0       0       0       0       0       0       0       0       0       0       0       0
      Locals:         0       0       0       0       0       0       0       0       0       0       0       0       0       0       0
      Temps:          0       0       0       0       0       0       0       0       0       0       0       0       0       0       0
      Totals:         0       4       0       0       0       0       0       0       0       0       0       0       0       0       0
Total ram usage:        4 bytes
 Hardware stack levels used:    1
 Hardware stack levels required when called:    3
 This function calls:
		Nothing
 This function is called by:
		_LCD_init4bit
		_LCD_placeCursor
		_LCD_printString
		_LCD_init8bit
		_LCD_clearDisplay
		_fft_init
		_PS2_init
		_PS2_readGamepad
		_PS2_shiftInOut
 This function uses a non-reentrant model


 *************** function _delay_ms *****************
 Defined at:
		line 62 in file "delays.c"
 Parameters:    Size  Location     Type
  x               4    4[BANK0 ] long 
 Auto vars:     Size  Location     Type
  time            4   16[BANK0 ] unsigned long 
 Return value:  Size  Location     Type
		None               void
 Registers used:
		wreg, status,2, status,0, cstack
 Tracked objects:
		On entry : 
		On exit  : 
		Unchanged: 
 Data sizes:     COMRAM   BANK0   BANK1   BANK2   BANK3   BANK4   BANK5   BANK6   BANK7   BANK8   BANK9  BANK10  BANK11  BANK12  BANK13
      Params:         0       4       0       0       0       0       0       0       0       0       0       0       0       0       0
      Locals:         0       4       0       0       0       0       0       0       0       0       0       0       0       0       0
      Temps:          0       8       0       0       0       0       0       0       0       0       0       0       0       0       0
      Totals:         0      16       0       0       0       0       0       0       0       0       0       0       0       0       0
Total ram usage:       16 bytes
 Hardware stack levels used:    1
 Hardware stack levels required when called:    4
 This function calls:
		_millis
 This function is called by:
		_LCD_init4bit
		_LCD_placeCursor
		_LCD_printString
		_LCD_init8bit
		_RCMode
		_FONA_init
		_FONA_Text
		_FONA_CheckStrength
		_PS2_readGamepad
		_PS2_sendCommandString
 This function uses a non-reentrant model


 *************** function _millis *****************
 Defined at:
		line 110 in file "delays.c"
 Parameters:    Size  Location     Type
		None
 Auto vars:     Size  Location     Type
		None
 Return value:  Size  Location     Type
                  4    0[BANK0 ] unsigned long 
 Registers used:
		None
 Tracked objects:
		On entry : 
		On exit  : 
		Unchanged: 
 Data sizes:     COMRAM   BANK0   BANK1   BANK2   BANK3   BANK4   BANK5   BANK6   BANK7   BANK8   BANK9  BANK10  BANK11  BANK12  BANK13
      Params:         0       4       0       0       0       0       0       0       0       0       0       0       0       0       0
      Locals:         0       0       0       0       0       0       0       0       0       0       0       0       0       0       0
      Temps:          0       0       0       0       0       0       0       0       0       0       0       0       0       0       0
      Totals:         0       4       0       0       0       0       0       0       0       0       0       0       0       0       0
Total ram usage:        4 bytes
 Hardware stack levels used:    1
 Hardware stack levels required when called:    3
 This function calls:
		Nothing
 This function is called by:
		_delay_ms
		_delay_s
		_PS2_readGamepad
 This function uses a non-reentrant model


 *************** function _encoderInterrupt *****************
 Defined at:
		line 40 in file "encoders.c"
 Parameters:    Size  Location     Type
		None
 Auto vars:     Size  Location     Type
		None
 Return value:  Size  Location     Type
		None               void
 Registers used:
		wreg, status,2, status,0
 Tracked objects:
		On entry : 
		On exit  : 
		Unchanged: 
 Data sizes:     COMRAM   BANK0   BANK1   BANK2   BANK3   BANK4   BANK5   BANK6   BANK7   BANK8   BANK9  BANK10  BANK11  BANK12  BANK13
      Params:         0       0       0       0       0       0       0       0       0       0       0       0       0       0       0
      Locals:         0       0       0       0       0       0       0       0       0       0       0       0       0       0       0
      Temps:         17       0       0       0       0       0       0       0       0       0       0       0       0       0       0
      Totals:        17       0       0       0       0       0       0       0       0       0       0       0       0       0       0
Total ram usage:       17 bytes
 Hardware stack levels used:    1
 Hardware stack levels required when called:    2
 This function calls:
		Nothing
 This function is called by:
		Interrupt level 1
 This function uses a non-reentrant model


 *************** function _communicationInterruptHandler *****************
 Defined at:
		line 216 in file "main.c"
 Parameters:    Size  Location     Type
		None
 Auto vars:     Size  Location     Type
		None
 Return value:  Size  Location     Type
		None               void
 Registers used:
		wreg, fsr2l, fsr2h, status,2, status,0, prodl, prodh, cstack
 Tracked objects:
		On entry : 
		On exit  : 
		Unchanged: 
 Data sizes:     COMRAM   BANK0   BANK1   BANK2   BANK3   BANK4   BANK5   BANK6   BANK7   BANK8   BANK9  BANK10  BANK11  BANK12  BANK13
      Params:         0       0       0       0       0       0       0       0       0       0       0       0       0       0       0
      Locals:         0       0       0       0       0       0       0       0       0       0       0       0       0       0       0
      Temps:         14       0       0       0       0       0       0       0       0       0       0       0       0       0       0
      Totals:        14       0       0       0       0       0       0       0       0       0       0       0       0       0       0
Total ram usage:       14 bytes
 Hardware stack levels used:    1
 Hardware stack levels required when called:    1
 This function calls:
		_tickMillis
 This function is called by:
		Interrupt level 2
 This function uses a non-reentrant model


 *************** function _tickMillis *****************
 Defined at:
		line 121 in file "delays.c"
 Parameters:    Size  Location     Type
		None
 Auto vars:     Size  Location     Type
		None
 Return value:  Size  Location     Type
		None               void
 Registers used:
		wreg, status,2, status,0
 Tracked objects:
		On entry : 
		On exit  : 
		Unchanged: 
 Data sizes:     COMRAM   BANK0   BANK1   BANK2   BANK3   BANK4   BANK5   BANK6   BANK7   BANK8   BANK9  BANK10  BANK11  BANK12  BANK13
      Params:         0       0       0       0       0       0       0       0       0       0       0       0       0       0       0
      Locals:         0       0       0       0       0       0       0       0       0       0       0       0       0       0       0
      Temps:          0       0       0       0       0       0       0       0       0       0       0       0       0       0       0
      Totals:         0       0       0       0       0       0       0       0       0       0       0       0       0       0       0
Total ram usage:        0 bytes
 Hardware stack levels used:    1
 This function calls:
		Nothing
 This function is called by:
		_communicationInterruptHandler
 This function uses a non-reentrant model



MODULE INFORMATION

Module		Function		Class		Link	Load	Size
C:\Program Files (x86)\Microchip\xc8\v1.34\sources\pic18\plib\PWM\ew3setoc.c
		_SetOutputEPWM3		CODE           	115FA	0000	175

C:\Program Files (x86)\Microchip\xc8\v1.34\sources\pic18\plib\PWM\ew3setoc.c estimated size: 175

UART.c
		_UART_init     		CODE           	111E2	0000	267

UART.c estimated size: 267

C:\Program Files (x86)\Microchip\xc8\v1.34\sources\pic18\plib\PWM\ew3open.c
		_OpenEPWM3     		CODE           	11876	0000	147

C:\Program Files (x86)\Microchip\xc8\v1.34\sources\pic18\plib\PWM\ew3open.c estimated size: 147

C:\Program Files (x86)\Microchip\xc8\v1.34\sources\pic18\plib\PWM\ew1setdc.c
		_SetDCEPWM1    		CODE           	11E92	0000	69

C:\Program Files (x86)\Microchip\xc8\v1.34\sources\pic18\plib\PWM\ew1setdc.c estimated size: 69

settings.c
		_settings_init 		CODE           	1202C	0000	47

settings.c estimated size: 47

C:\Program Files (x86)\Microchip\xc8\v1.34\sources\common\Umul32.c
		___lmul        		CODE           	11B9C	0000	123

C:\Program Files (x86)\Microchip\xc8\v1.34\sources\common\Umul32.c estimated size: 123

I2C.c
		_I2C_wait      		CODE           	11ED6	0000	67
		_I2C_read      		CODE           	11DAE	0000	81
		_I2C_open      		CODE           	11F8E	0000	55
		_I2C_init      		CODE           	11DFE	0000	77
		_I2C_writeRegis		CODE           	1174E	0000	149
		_I2C_close     		CODE           	11FC4	0000	55
		_I2C_write     		CODE           	11D5A	0000	85

I2C.c estimated size: 569

C:\Program Files (x86)\Microchip\xc8\v1.34\sources\common\lwmod.c
		___lwmod       		CODE           	11C88	0000	109

C:\Program Files (x86)\Microchip\xc8\v1.34\sources\common\lwmod.c estimated size: 109

C:\Program Files (x86)\Microchip\xc8\v1.34\sources\common\strcat.c
		_strcat        		CODE           	11CF4	0000	103

C:\Program Files (x86)\Microchip\xc8\v1.34\sources\common\strcat.c estimated size: 103

motorDrive.c
		_motorDrive_set		CODE           	10D80	0000	685
		_motorDrive_ini		CODE           	11908	0000	145

motorDrive.c estimated size: 830

encoders.c
		_encoders_init 		CODE           	12086	0000	43
		_encoderInterru		CODE           	0018	0000	223

encoders.c estimated size: 266

delays.c
		_delay_init    		CODE           	11FFA	0000	51
		_millis        		CODE           	12118	0000	19
		_delay_us      		CODE           	11F18	0000	63
		_clearMillis   		CODE           	12100	0000	25
		_tickMillis    		CODE           	1212A	0000	17
		_delay_ms      		CODE           	117E2	0000	149
		_delay_s       		CODE           	1148C	0000	187

delays.c estimated size: 511

C:\Program Files (x86)\Microchip\xc8\v1.34\sources\pic18\plib\PWM\ew3setdc.c
		_SetDCEPWM3    		CODE           	11E4A	0000	73

C:\Program Files (x86)\Microchip\xc8\v1.34\sources\pic18\plib\PWM\ew3setdc.c estimated size: 73

C:\Program Files (x86)\Microchip\xc8\v1.34\sources\pic18\plib\PWM\ew1setoc.c
		_SetOutputEPWM1		CODE           	116A8	0000	167

C:\Program Files (x86)\Microchip\xc8\v1.34\sources\pic18\plib\PWM\ew1setoc.c estimated size: 167

compass.c
		_compass_mainRe		CODE           	11A1C	0000	131
		_compass_mainBo		CODE           	11C16	0000	115

compass.c estimated size: 246

shared
		_SineWave      		MEDIUMCONST    	F915	0000	1537
		_dpowers       		MEDIUMCONST    	FF15	0000	11
		atan@coeff_a   		MEDIUMCONST    	0000	0000	0
		atan@coeff_b   		MEDIUMCONST    	0000	0000	0
		__initializatio		CODE           	11546	0000	175

shared estimated size: 1723

C:\Program Files (x86)\Microchip\xc8\v1.34\sources\common\lwdiv.c
		___lwdiv       		CODE           	11A9E	0000	131

C:\Program Files (x86)\Microchip\xc8\v1.34\sources\common\lwdiv.c estimated size: 131

C:\Program Files (x86)\Microchip\xc8\v1.34\sources\common\awdiv.c
		___awdiv       		CODE           	112EC	0000	209

C:\Program Files (x86)\Microchip\xc8\v1.34\sources\common\awdiv.c estimated size: 209

C:\Program Files (x86)\Microchip\xc8\v1.34\sources\pic18\plib\PWM\ew1open.c
		_OpenEPWM1     		CODE           	11998	0000	133

C:\Program Files (x86)\Microchip\xc8\v1.34\sources\pic18\plib\PWM\ew1open.c estimated size: 133

C:\Program Files (x86)\Microchip\xc8\v1.34\sources\common\doprnt.c
		_sprintf       		CODE           	1102C	0000	439

C:\Program Files (x86)\Microchip\xc8\v1.34\sources\common\doprnt.c estimated size: 439

main.c
		_init          		CODE           	120DA	0000	39
		_communicationI		CODE           	0008	0000	225
		_main          		CODE           	11B20	0000	125

main.c estimated size: 389

C:\Program Files (x86)\Microchip\xc8\v1.34\sources\common\Umul16.c
		___wmul        		CODE           	11F56	0000	57

C:\Program Files (x86)\Microchip\xc8\v1.34\sources\common\Umul16.c estimated size: 57

LCD.c
		_LCD_placeCurso		CODE           	10A26	0000	859
		_LCD_init4bit  		CODE           	106C4	0000	867
		_LCD_printStrin		CODE           	10000	0000	1733

LCD.c estimated size: 3459

