Microchip MPLAB XC8 Compiler V1.34 ()

Linker command line:

--edf=C:\Program Files (x86)\Microchip\xc8\v1.34\dat\en_msgs.txt -cs \
  -h+dist/default/production\PIC_firmware.production.sym \
  --cmf=dist/default/production\PIC_firmware.production.cmf -z -Q18F97J94 \
  -oC:\Users\Tyler\AppData\Local\Temp\s584.6 \
  -Mdist/default/production/PIC_firmware.production.map -E1 -ver=XC8 \
  -ASTACK=07B0h-0df9h -pstack=STACK -ACODE=00h-01FFEFh -ACONST=00h-01FFEFh \
  -ASMALLCONST=0E00h-0EFFhx497,01FF00h-01FFEFh \
  -AMEDIUMCONST=0E00h-0FFFFh,010E00h-01FFEFh -ACOMRAM=01h-05Fh \
  -AABS1=00h-0DF9h -ABIGRAM=01h-0DF9h \
  -ARAM=060h-0FFh,0100h-01FFhx12,0D00h-0DF9h -ABANK0=060h-0FFh \
  -ABANK1=0100h-01FFh -ABANK2=0200h-02FFh -ABANK3=0300h-03FFh \
  -ABANK4=0400h-04FFh -ABANK5=0500h-05FFh -ABANK6=0600h-06FFh \
  -ABANK7=0700h-07FFh -ABANK8=0800h-08FFh -ABANK9=0900h-09FFh \
  -ABANK10=0A00h-0AFFh -ABANK11=0B00h-0BFFh -ABANK12=0C00h-0CFFh \
  -ABANK13=0D00h-0DF9h \
  -ASFR=0DFAh-0DFFh,0E00h-0EFFh,0F00h-0F5Fh,0F60h-0FFFh \
  -preset_vec=00h,intcode=08h,intcodelo=018h,powerup,init,end_init \
  -pramtop=0E00h -psmallconst=SMALLCONST -pmediumconst=MEDIUMCONST \
  -pconst=CONST -AFARRAM=00h-00h -ACONFIG=01FFF0h-01FFFFh -pconfig=CONFIG \
  -pjflash_buffer=01FBF8h \
  -prdata=COMRAM,nvrram=COMRAM,nvbit=COMRAM,rbss=COMRAM,rbit=COMRAM \
  -pfarbss=FARRAM,fardata=FARRAM,nvFARRAM=FARRAM \
  -pintsave_regs=BIGRAM,bigbss=BIGRAM,bigdata=BIGRAM -pbss=RAM \
  -pidata=CODE,irdata=CODE,ibigdata=CODE,ifardata=CODE -prparam=COMRAM \
  C:\Users\Tyler\AppData\Local\Temp\s584.obj \
  dist/default/production\PIC_firmware.production.obj 

Object code version is 3.11

Machine type is 18F97J94

Call graph: (short form)




                Name                               Link     Load   Length Selector   Space Scale
C:\Users\Tyler\AppData\Local\Temp\s584.obj
                end_init                             F6       F6        4        C       0
                reset_vec                             0        0        4        0       0
                config                            1FFF0    1FFF0       10    1FFF0       0
dist/default/production\PIC_firmware.production.obj
                intcodelo                            18       18       DE        C       0
                intcode                               8        8       10        4       0
                mediumconst                        F8D2     F8D2      72E     7C69       0
                text46                            12434    12434        E     8000       0
                intcode_body                      119B0    119B0       D0     8000       0
                text43                            123E6    123E6       12     8000       0
                text42                            11C5E    11C5E       8C     8000       0
                text41                            1225E    1225E       32     8000       0
                text40                            106A0    106A0      34E     8000       0
                text39                            11FD8    11FD8       68     8000       0
                text38                            12040    12040       66     8000       0
                text37                            111F4    111F4      1B4     8000       0
                text36                            120A6    120A6       60     8000       0
                text35                            10000    10000      6A0     8000       0
                text34                            123B8    123B8       18     8000       0
                text33                            11B34    11B34       9C     8000       0
                text32                            11EFA    11EFA       70     8000       0
                text31                            12106    12106       44     8000       0
                text30                            10FBA    10FBA      23A     8000       0
                text29                            113A8    113A8      17A     8000       0
                text28                            121C2    121C2       36     8000       0
                text27                            12188    12188       3A     8000       0
                text26                            1214A    1214A       3E     8000       0
                text25                            118E0    118E0       D0     8000       0
                text24                            1233A    1233A       28     8000       0
                text23                            10D20    10D20      29A     8000       0
                text22                            11696    11696      140     8000       0
                text21                            1239C    1239C       1C     8000       0
                text20                            12446    12446        2     9223       0
                text19                            1222C    1222C       32     8000       0
                text18                            109EE    109EE      332     8000       0
                text17                            117D6    117D6      10A     8000       0
                text16                            123D0    123D0       16     8000       0
                text15                            122BE    122BE       2A     8000       0
                text14                            11F6A    11F6A       6E     8000       0
                text13                            11E7C    11E7C       7E     8000       0
                text12                            11CEA    11CEA       88     8000       0
                text11                            11D72    11D72       86     8000       0
                text10                            11BD0    11BD0       8E     8000       0
                text9                             11DF8    11DF8       84     8000       0
                text8                             12290    12290       2E     8000       0
                text7                             12362    12362       1E     8000       0
                text6                             12408    12408       10     8000       0
                text5                             121F8    121F8       34     8000       0
                text4                             123F8    123F8       10     8000       0
                text3                             12426    12426        E     8000       0
                text2                             12418    12418        E     8000       0
                text1                             12380    12380       1C     8000       0
                text0                             11522    11522      174     8000       0
                cstackCOMRAM                          1        1       25        1       1
                cstackBANK0                          60       60       4C       60       1
                cstackBANK1                         1EF      1EF        7      100       1
                cstackBANK2                         2B2      2B2       33      200       1
                bssBIGRAM                           3C8      3C8      3E8      3C8       1
                bssBANK3                            300      300       C8      300       1
                bssBANK2                            200      200       B2      200       1
                dataBANK1                           1C6      1C6       29      100       1
                bssBANK1                            100      100       C6      100       1
                dataBANK0                            D7       D7       29       60       1
                bssBANK0                             AC       AC       2B       60       1
                dataCOMRAM                           3E       3E        3        1       1
                bssCOMRAM                            26       26       18        1       1
                cinit                             11A80    11A80       B4     8000       0
                idataBANK1                        12311    12311       29     8000       0
                idataBANK0                        122E8    122E8       29     8000       0
                idataCOMRAM                       12442    12442        3     8000       0

TOTAL           Name                               Link     Load   Length     Space
        CLASS   STACK          

        CLASS   CODE           
                end_init                             F6       F6        4         0
                intcodelo                            18       18       DE         0
                intcode                               8        8       10         0
                reset_vec                             0        0        4         0
                text46                            12434    12434        E         0
                intcode_body                      119B0    119B0       D0         0
                text43                            123E6    123E6       12         0
                text42                            11C5E    11C5E       8C         0
                text41                            1225E    1225E       32         0
                text40                            106A0    106A0      34E         0
                text39                            11FD8    11FD8       68         0
                text38                            12040    12040       66         0
                text37                            111F4    111F4      1B4         0
                text36                            120A6    120A6       60         0
                text35                            10000    10000      6A0         0
                text34                            123B8    123B8       18         0
                text33                            11B34    11B34       9C         0
                text32                            11EFA    11EFA       70         0
                text31                            12106    12106       44         0
                text30                            10FBA    10FBA      23A         0
                text29                            113A8    113A8      17A         0
                text28                            121C2    121C2       36         0
                text27                            12188    12188       3A         0
                text26                            1214A    1214A       3E         0
                text25                            118E0    118E0       D0         0
                text24                            1233A    1233A       28         0
                text23                            10D20    10D20      29A         0
                text22                            11696    11696      140         0
                text21                            1239C    1239C       1C         0
                text20                            12446    12446        2         0
                text19                            1222C    1222C       32         0
                text18                            109EE    109EE      332         0
                text17                            117D6    117D6      10A         0
                text16                            123D0    123D0       16         0
                text15                            122BE    122BE       2A         0
                text14                            11F6A    11F6A       6E         0
                text13                            11E7C    11E7C       7E         0
                text12                            11CEA    11CEA       88         0
                text11                            11D72    11D72       86         0
                text10                            11BD0    11BD0       8E         0
                text9                             11DF8    11DF8       84         0
                text8                             12290    12290       2E         0
                text7                             12362    12362       1E         0
                text6                             12408    12408       10         0
                text5                             121F8    121F8       34         0
                text4                             123F8    123F8       10         0
                text3                             12426    12426        E         0
                text2                             12418    12418        E         0
                text1                             12380    12380       1C         0
                text0                             11522    11522      174         0
                cinit                             11A80    11A80       B4         0
                idataBANK1                        12311    12311       29         0
                idataBANK0                        122E8    122E8       29         0
                idataCOMRAM                       12442    12442        3         0

        CLASS   CONST          

        CLASS   SMALLCONST     

        CLASS   MEDIUMCONST    
                mediumconst                        F8D2     F8D2      72E         0

        CLASS   COMRAM         
                cstackCOMRAM                          1        1       25         1
                dataCOMRAM                           3E       3E        3         1
                bssCOMRAM                            26       26       18         1

        CLASS   ABS1           

        CLASS   BIGRAM         
                bssBIGRAM                           3C8      3C8      3E8         1

        CLASS   RAM            

        CLASS   BANK0          
                cstackBANK0                          60       60       4C         1
                dataBANK0                            D7       D7       29         1
                bssBANK0                             AC       AC       2B         1

        CLASS   BANK1          
                cstackBANK1                         1EF      1EF        7         1
                dataBANK1                           1C6      1C6       29         1
                bssBANK1                            100      100       C6         1

        CLASS   BANK2          
                cstackBANK2                         2B2      2B2       33         1
                bssBANK2                            200      200       B2         1

        CLASS   BANK3          
                bssBANK3                            300      300       C8         1

        CLASS   BANK4          

        CLASS   BANK5          

        CLASS   BANK6          

        CLASS   BANK7          

        CLASS   BANK8          

        CLASS   BANK9          

        CLASS   BANK10         

        CLASS   BANK11         

        CLASS   BANK12         

        CLASS   BANK13         

        CLASS   SFR            

        CLASS   FARRAM         

        CLASS   CONFIG         
                config                            1FFF0    1FFF0       10         0

        CLASS   IDLOC          



SEGMENTS        Name                           Load    Length   Top    Selector   Space  Class

                reset_vec                      000000  000004  000004         0       0  CODE    
                cstackCOMRAM                   000001  000040  000041         1       1  COMRAM  
                intcode                        000008  000010  000018         4       0  CODE    
                intcodelo                      000018  0000E2  0000FA         C       0  CODE    
                cstackBANK0                    000060  0000A0  000100        60       1  BANK0   
                bssBANK1                       000100  0000F6  0001F6       100       1  BANK1   
                bssBANK2                       000200  0000E5  0002E5       200       1  BANK2   
                bssBANK3                       000300  0000C8  0003C8       300       1  BANK3   
                bssBIGRAM                      0003C8  0003E8  0007B0       3C8       1  BIGRAM  
                mediumconst                    00F8D2  00072E  010000      7C69       0  MEDIUMCO
                text35                         010000  002445  012445      8000       0  CODE    
                text20                         012446  000002  012448      9223       0  CODE    
                config                         01FFF0  000010  020000     1FFF0       0  CONFIG  


UNUSED ADDRESS RANGES

        Name                Unused          Largest block    Delta
        BANK1            001F6-001FF               A
        BANK10           00A00-00AFF             100
        BANK11           00B00-00BFF             100
        BANK12           00C00-00CFF             100
        BANK13           00D00-00DF9              FA
        BANK2            002E5-002FF              1B
        BANK7            007B0-007FF              50
        BANK8            00800-008FF             100
        BANK9            00900-009FF             100
        BIGRAM           00041-0005F              1F
                         001F6-001FF               A
                         002E5-002FF              1B
                         007B0-00DF9             64A
        CODE             00004-00007               4
                         000FA-0F8D1            F7D8
                         12445-12445               1
                         12448-1FFEF            DBA8
        COMRAM           00041-0005F              1F
        CONST            00004-00007               4
                         000FA-0F8D1            F7D8
                         12445-12445               1
                         12448-1FFEF            DBA8
        MEDIUMCONST      00E00-0F8D1            EAD2
                         12445-12445               1
                         12448-1FFEF            DBA8
        RAM              001F6-001FF               A
                         002E5-002FF              1B
                         007B0-00DF9             100
        SFR              00DFA-00FFF             100
        SMALLCONST       00E00-0F8D1             100
                         12445-12445               1
                         12448-1FFEF             100
        STACK            007B0-00DF9             64A

                                  Symbol Table

?_LCD_printString                       cstackBANK0   00076
?___awdiv                               cstackBANK0   00060
?___lwdiv                               cstackCOMRAM  00020
?___lwmod                               cstackBANK0   00063
?___wmul                                cstackCOMRAM  00020
?_millis                                cstackCOMRAM  00020
?_sprintf                               cstackBANK0   00067
FONA_CheckStrength@F16408               dataBANK1     001C6
FONA_init@F16396                        dataBANK1     001DB
LCD_placeCursor@address                 cstackBANK0   00075
LCD_placeCursor@x                       cstackBANK0   00074
LCD_placeCursor@y                       cstackCOMRAM  00024
LCD_printString@F16347                  bssBANK1      00132
LCD_printString@aptr                    cstackBANK2   002DD
LCD_printString@i                       cstackBANK2   002E1
LCD_printString@i_591                   cstackBANK2   002E3
LCD_printString@input                   cstackBANK0   00077
LCD_printString@string                  cstackBANK2   002C6
LCD_printString@tempString              cstackBANK2   002B2
LCD_printString@tempString_590          cstackBANK2   002DF
LCD_printString@val                     cstackBANK2   002DB
LCD_printString@x                       cstackBANK2   002DA
LCD_printString@y                       cstackBANK0   00076
LCD_printVal@F16365                     dataCOMRAM    0003E
OpenEPWM1@period                        cstackCOMRAM  00022
OpenEPWM1@timer_source                  cstackCOMRAM  00020
OpenEPWM3@period                        cstackCOMRAM  00022
OpenEPWM3@timer_source                  cstackCOMRAM  00020
PS2_analog@button                       cstackCOMRAM  00020
PS2_init@i                              cstackBANK0   000A5
PS2_init@temp                           cstackBANK0   0009A
PS2_init@y                              cstackBANK0   000A3
PS2_readGamepad@F16091                  dataBANK0     000D7
PS2_readGamepad@F16093                  bssBANK0      000C1
PS2_readGamepad@dword                   cstackBANK0   00089
PS2_readGamepad@dword2                  cstackBANK0   0007D
PS2_readGamepad@i                       cstackBANK0   00096
PS2_readGamepad@i_2532                  cstackBANK0   00098
PS2_readGamepad@temp                    cstackBANK0   00092
PS2_sendCommandString@len               cstackBANK0   00072
PS2_sendCommandString@string            cstackBANK0   00070
PS2_sendCommandString@y                 cstackBANK0   00076
PS2_shiftInOut@byte                     cstackBANK0   00060
PS2_shiftInOut@i                        cstackBANK0   00062
PS2_shiftInOut@tmp                      cstackBANK0   00061
RCMode@done                             cstackBANK1   001F4
RCMode@left_speed                       cstackBANK1   001EF
RCMode@right_speed                      cstackBANK1   001F1
RCMode@type                             cstackBANK1   001F3
SetDCEPWM1@DCycle                       cstackCOMRAM  00024
SetDCEPWM1@dutycycle                    cstackCOMRAM  00020
SetDCEPWM3@DCycle                       cstackCOMRAM  00024
SetDCEPWM3@dutycycle                    cstackCOMRAM  00020
SetOutputEPWM1@eccpmx                   cstackCOMRAM  00021
SetOutputEPWM1@outputconfig             cstackCOMRAM  00022
SetOutputEPWM1@outputmode               cstackCOMRAM  00020
SetOutputEPWM3@eccpmx                   cstackCOMRAM  00021
SetOutputEPWM3@outputconfig             cstackCOMRAM  00022
SetOutputEPWM3@outputmode               cstackCOMRAM  00020
UART_transmitString@F16323              bssBANK3      00300
_ADCBUF0                                (abs)         00FC2
_ADCBUF0Hbits                           (abs)         00FC3
_ADCBUF0Lbits                           (abs)         00FC2
_ADCHS0H                                (abs)         00E87
_ADCHS0L                                (abs)         00E86
_ADCON1Hbits                            (abs)         00FC1
_ADCON3L                                (abs)         00E8A
_ADON                                   (abs)         07E0F
_ANCON1                                 (abs)         00E47
_ANCON2                                 (abs)         00E46
_ANCON3                                 (abs)         00E45
_ANSEL10                                (abs)         07232
_ANSEL11                                (abs)         07233
_ANSEL14                                (abs)         07236
_ANSEL16                                (abs)         07228
_ANSEL17                                (abs)         07229
_ANSEL18                                (abs)         0722A
_ANSEL19                                (abs)         0722B
_ANSEL21                                (abs)         0722D
_ANSEL6                                 (abs)         0723E
_ANSEL9                                 (abs)         07231
_BAUDCON1bits                           (abs)         00F67
_BAUDCON2bits                           (abs)         00F31
_BAUDCON3bits                           (abs)         00F2D
_BAUDCON4bits                           (abs)         00EFD
_CCP1CON                                (abs)         00FB9
_CCP3CON                                (abs)         00F49
_CCPR1L                                 (abs)         00FBA
_CCPR3L                                 (abs)         00F4A
_CCPTMRS0                               (abs)         00F36
_CM1CONbits                             (abs)         00F53
_CPEN                                   (abs)         076C7
_DONE                                   (abs)         07E00
_FONA_BUFF                              bssBANK1      00100
_FONA_INDEX                             bssCOMRAM     00038
_INT1IF                                 (abs)         07F80
_INT3IF                                 (abs)         07F82
_INTCON2bits                            (abs)         00FF1
_INTCON3bits                            (abs)         00FF0
_INTCONbits                             (abs)         00FF2
_IOLOCK                                 (abs)         07B36
_IPEN                                   (abs)         07E87
_LCDA                                   (abs)         076D5
_LCDCONbits                             (abs)         00ED9
_LCDMD                                  (abs)         0778B
_LCD_init4bit                           text18        109EE
_LCD_placeCursor                        text40        106A0
_LCD_printString                        text35        10000
_MEMCONbits                             (abs)         00EE3
_NVCFG0                                 (abs)         0746D
_OpenEPWM1                              text13        11E7C
_OpenEPWM3                              text12        11CEA
_PADCFG1                                (abs)         00F54
_PADCFG1bits                            (abs)         00F54
_PIR1bits                               (abs)         00F9E
_PIR3bits                               (abs)         00FA4
_PIR6bits                               (abs)         00FA6
_PIXY_BUFF                              bssBIGRAM     003C8
_PIXY_INDEX                             bssCOMRAM     00039
_PORTBbits                              (abs)         00F81
_PORTDbits                              (abs)         00F83
_PORTEbits                              (abs)         00F84
_PORTFbits                              (abs)         00F85
_PORTGbits                              (abs)         00F86
_PORTHbits                              (abs)         00F87
_PORTJbits                              (abs)         00F88
_PORTKbits                              (abs)         00EE7
_PORTLbits                              (abs)         00EE4
_PR2                                    (abs)         00FCB
_PR4                                    (abs)         00F05
_PR6                                    (abs)         00F3E
_PR8                                    (abs)         00F3B
_PS2_analog                             text34        123B8
_PS2_init                               text29        113A8
_PS2_readGamepad                        text30        10FBA
_PS2_readType                           text28        121C2
_PS2_reconfig                           text31        12106
_PS2_sendCommandString                  text32        11EFA
_PS2_shiftInOut                         text33        11B34
_PS2data                                bssBANK0      000AC
_PSPCONbits                             (abs)         00FA7
_PVCFG0                                 (abs)         0746E
_PVCFG1                                 (abs)         0746F
_RC1IE                                  (abs)         07CED
_RC2IE                                  (abs)         07D1D
_RC3IE                                  (abs)         07B0D
_RC4IE                                  (abs)         07B0F
_RCMode                                 text22        11696
_RCREG1                                 (abs)         00FAE
_RCREG3                                 (abs)         00F2A
_RCREG4                                 (abs)         00EFA
_RCSTA1bits                             (abs)         00FAB
_RCSTA2bits                             (abs)         00F33
_RCSTA3bits                             (abs)         00F2F
_RCSTA4bits                             (abs)         00EFF
_RD163                                  (abs)         07D8F
_RG0                                    (abs)         07C30
_RG1                                    (abs)         07C31
_RG2                                    (abs)         07C32
_RG3                                    (abs)         07C33
_RG4                                    (abs)         07C34
_RL1                                    (abs)         07721
_RL2                                    (abs)         07722
_RL3                                    (abs)         07723
_RPINR0_1                               (abs)         00E2A
_RPINR26_27                             (abs)         00E37
_RPINR28_29                             (abs)         00E38
_RPINR4_5                               (abs)         00E2C
_RPINR6_7                               (abs)         00E2D
_RPOR10_11                              (abs)         00E17
_RPOR12_13                              (abs)         00E18
_RPOR22_23                              (abs)         00E1D
_RPOR30_31                              (abs)         00E21
_RPOR34_35                              (abs)         00E23
_SAMP                                   (abs)         07E01
_SPBRG1                                 (abs)         00FAF
_SPBRG2                                 (abs)         00F1F
_SPBRG3                                 (abs)         00F2B
_SPBRG4                                 (abs)         00EFB
_SPBRGH1                                (abs)         00F30
_SPBRGH2                                (abs)         00F20
_SPBRGH3                                (abs)         00F2C
_SPBRGH4                                (abs)         00EFC
_SSP1ADD                                (abs)         00FC8
_SSP1BUF                                (abs)         00FC9
_SSP1CON1                               (abs)         00FC6
_SSP1CON1bits                           (abs)         00FC6
_SSP1CON2                               (abs)         00FC5
_SSP1CON2bits                           (abs)         00FC5
_SSP1CON3                               (abs)         00F69
_SSP1STAT                               (abs)         00FC7
_SSP1STATbits                           (abs)         00FC7
_SSP2ADD                                (abs)         00F02
_SSP2BUF                                (abs)         00F03
_SSP2CON1                               (abs)         00F19
_SSP2CON1bits                           (abs)         00F19
_SSP2CON2bits                           (abs)         00F18
_SSP2CON3                               (abs)         00F39
_SSP2STAT                               (abs)         00F1A
_SSP2STATbits                           (abs)         00F1A
_SetDCEPWM1                             text27        12188
_SetDCEPWM3                             text26        1214A
_SetOutputEPWM1                         text11        11D72
_SetOutputEPWM3                         text10        11BD0
_SineWave                               mediumconst   0F8D3
_T0CON                                  (abs)         00FD5
_T2CONbits                              (abs)         00FCA
_T3CKPS0                                (abs)         07D8C
_T3CKPS1                                (abs)         07D8D
_T4CKPS1                                (abs)         07821
_T4CONbits                              (abs)         00F04
_T6CKPS1                                (abs)         079E9
_T6CONbits                              (abs)         00F3D
_T8CONbits                              (abs)         00F3A
_TMR0IE                                 (abs)         07F95
_TMR0IF                                 (abs)         07F92
_TMR0IP                                 (abs)         07F8A
_TMR0L                                  (abs)         00FD6
_TMR3CS0                                (abs)         07D8E
_TMR3CS1                                (abs)         07D8F
_TMR3H                                  (abs)         00FB3
_TMR3IE                                 (abs)         07D01
_TMR3L                                  (abs)         00FB2
_TMR3ON                                 (abs)         07D88
_TMR4ON                                 (abs)         07822
_TMR6ON                                 (abs)         079EA
_TRISBbits                              (abs)         00F93
_TRISCbits                              (abs)         00F94
_TRISDbits                              (abs)         00F95
_TRISE0                                 (abs)         07CB0
_TRISE1                                 (abs)         07CB1
_TRISE2                                 (abs)         07CB2
_TRISE3                                 (abs)         07CB3
_TRISE4                                 (abs)         07CB4
_TRISE5                                 (abs)         07CB5
_TRISE6                                 (abs)         07CB6
_TRISE7                                 (abs)         07CB7
_TRISEbits                              (abs)         00F96
_TRISFbits                              (abs)         00F97
_TRISG7                                 (abs)         07CC7
_TRISGbits                              (abs)         00F98
_TRISH0                                 (abs)         07CC8
_TRISH1                                 (abs)         07CC9
_TRISH2                                 (abs)         07CCA
_TRISH3                                 (abs)         07CCB
_TRISHbits                              (abs)         00F99
_TRISJbits                              (abs)         00F9A
_TRISK1                                 (abs)         07749
_TRISL0                                 (abs)         07730
_TRISLbits                              (abs)         00EE6
_TX1IE                                  (abs)         07CEC
_TX2IE                                  (abs)         07D1C
_TX3IE                                  (abs)         07B0C
_TX4IE                                  (abs)         07B0E
_TXREG1                                 (abs)         00FAD
_TXREG2                                 (abs)         00F1D
_TXREG4                                 (abs)         00EF9
_TXSTA1bits                             (abs)         00FAC
_TXSTA2bits                             (abs)         00F32
_TXSTA3bits                             (abs)         00F2E
_TXSTA4bits                             (abs)         00EFE
_UART4_INDEX                            bssCOMRAM     0003A
_UART_init                              text17        117D6
_USART4_BUFF                            bssBANK2      00200
_USB_BUFF                               bssBIGRAM     005BC
_USB_INDEX                              bssCOMRAM     0003B
__CFG_ABW$MM                            (abs)         00000
__CFG_BOREN$ON                          (abs)         00000
__CFG_BORV$1                            (abs)         00000
__CFG_BW$16                             (abs)         00000
__CFG_CINASEL$DEFAULT                   (abs)         00000
__CFG_CLKOEN$OFF                        (abs)         00000
__CFG_CP0$OFF                           (abs)         00000
__CFG_DSBITEN$ON                        (abs)         00000
__CFG_DSBOREN$ON                        (abs)         00000
__CFG_DSWDTEN$ON                        (abs)         00000
__CFG_DSWDTOSC$LPRC                     (abs)         00000
__CFG_DSWDTPS$DSWDTPS1F                 (abs)         00000
__CFG_EASHFT$ON                         (abs)         00000
__CFG_FOSC$FRCPLL                       (abs)         00000
__CFG_FSCM$CSDCMD                       (abs)         00000
__CFG_IESO$OFF                          (abs)         00000
__CFG_IOL1WAY$ON                        (abs)         00000
__CFG_LS48MHZ$SYSX2                     (abs)         00000
__CFG_MSSPMSK1$MSK7                     (abs)         00000
__CFG_MSSPMSK2$MSK7                     (abs)         00000
__CFG_PLLDIV$NODIV                      (abs)         00000
__CFG_POSCMD$NONE                       (abs)         00000
__CFG_RETEN$OFF                         (abs)         00000
__CFG_SOSCSEL$DIG                       (abs)         00000
__CFG_STVREN$ON                         (abs)         00000
__CFG_T5GSEL$T5G                        (abs)         00000
__CFG_VBTBOR$ON                         (abs)         00000
__CFG_WAIT$OFF                          (abs)         00000
__CFG_WDTCLK$FRC                        (abs)         00000
__CFG_WDTEN$OFF                         (abs)         00000
__CFG_WDTPS$32768                       (abs)         00000
__CFG_WDTWIN$PS25_0                     (abs)         00000
__CFG_WINDIS$WDTSTD                     (abs)         00000
__CFG_WPCFG$WPCFGDIS                    (abs)         00000
__CFG_WPDIS$WPDIS                       (abs)         00000
__CFG_WPEND$WPENDMEM                    (abs)         00000
__CFG_WPFP$WPFP255                      (abs)         00000
__CFG_WPSA$128                          (abs)         00000
__CFG_XINST$OFF                         (abs)         00000
__HRAM                                  (abs)         00000
__Habs1                                 abs1          00000
__Hbank0                                bank0         00000
__Hbank1                                bank1         00000
__Hbank10                               bank10        00000
__Hbank11                               bank11        00000
__Hbank12                               bank12        00000
__Hbank13                               bank13        00000
__Hbank2                                bank2         00000
__Hbank3                                bank3         00000
__Hbank4                                bank4         00000
__Hbank5                                bank5         00000
__Hbank6                                bank6         00000
__Hbank7                                bank7         00000
__Hbank8                                bank8         00000
__Hbank9                                bank9         00000
__Hbigbss                               bigbss        00000
__Hbigdata                              bigdata       00000
__Hbigram                               bigram        00000
__Hbss                                  bss           00000
__HbssBANK0                             bssBANK0      00000
__HbssBANK1                             bssBANK1      00000
__HbssBANK2                             bssBANK2      00000
__HbssBANK3                             bssBANK3      00000
__HbssBIGRAM                            bssBIGRAM     00000
__HbssCOMRAM                            bssCOMRAM     00000
__Hcinit                                cinit         00000
__Hclrtext                              clrtext       00000
__Hcomram                               comram        00000
__Hconfig                               config        20000
__Hconst                                const         00000
__HcstackBANK0                          cstackBANK0   00000
__HcstackBANK1                          cstackBANK1   00000
__HcstackBANK2                          cstackBANK2   00000
__HcstackCOMRAM                         cstackCOMRAM  00000
__Hdata                                 data          00000
__HdataBANK0                            dataBANK0     00000
__HdataBANK1                            dataBANK1     00000
__HdataCOMRAM                           dataCOMRAM    00000
__Hend_init                             end_init      000FA
__Hfarbss                               farbss        00000
__Hfardata                              fardata       00000
__Hibigdata                             ibigdata      00000
__Hidata                                idata         00000
__HidataBANK0                           idataBANK0    00000
__HidataBANK1                           idataBANK1    00000
__HidataCOMRAM                          idataCOMRAM   00000
__Hidloc                                idloc         00000
__Hifardata                             ifardata      00000
__Hinit                                 init          000F6
__Hintcode                              intcode       00018
__Hintcode_body                         intcode_body  00000
__Hintcodelo                            intcodelo     000F6
__Hintentry                             intentry      00000
__Hintret                               intret        00000
__Hintsave_regs                         intsave_regs  00000
__Hirdata                               irdata        00000
__Hjflash_buffer                        jflash_buffer 1FBF8
__Hmediumconst                          mediumconst   10000
__HnvFARRAM                             nvFARRAM      00000
__Hnvbit                                nvbit         00000
__Hnvrram                               nvrram        00000
__Hparam                                rparam        00000
__Hpowerup                              powerup       000F6
__Hram                                  ram           00000
__Hramtop                               ramtop        00E00
__Hrbit                                 rbit          00000
__Hrbss                                 rbss          00000
__Hrdata                                rdata         00000
__Hreset_vec                            reset_vec     00004
__Hrparam                               rparam        00000
__Hsfr                                  sfr           00000
__Hsmallconst                           smallconst    00000
__Hspace_0                              (abs)         20000
__Hspace_1                              (abs)         007B0
__Hspace_2                              (abs)         00000
__Hstack                                stack         00000
__Hstruct                               struct        00000
__Htemp                                 temp          00000
__Htext                                 text          00000
__Htext0                                text0         00000
__Htext1                                text1         00000
__Htext10                               text10        00000
__Htext11                               text11        00000
__Htext12                               text12        00000
__Htext13                               text13        00000
__Htext14                               text14        00000
__Htext15                               text15        00000
__Htext16                               text16        00000
__Htext17                               text17        00000
__Htext18                               text18        00000
__Htext19                               text19        00000
__Htext2                                text2         00000
__Htext20                               text20        00000
__Htext21                               text21        00000
__Htext22                               text22        00000
__Htext23                               text23        00000
__Htext24                               text24        00000
__Htext25                               text25        00000
__Htext26                               text26        00000
__Htext27                               text27        00000
__Htext28                               text28        00000
__Htext29                               text29        00000
__Htext3                                text3         00000
__Htext30                               text30        00000
__Htext31                               text31        00000
__Htext32                               text32        00000
__Htext33                               text33        00000
__Htext34                               text34        00000
__Htext35                               text35        00000
__Htext36                               text36        00000
__Htext37                               text37        00000
__Htext38                               text38        00000
__Htext39                               text39        00000
__Htext4                                text4         00000
__Htext40                               text40        00000
__Htext41                               text41        00000
__Htext42                               text42        00000
__Htext43                               text43        00000
__Htext46                               text46        00000
__Htext5                                text5         00000
__Htext6                                text6         00000
__Htext7                                text7         00000
__Htext8                                text8         00000
__Htext9                                text9         00000
__LRAM                                  (abs)         00001
__Labs1                                 abs1          00000
__Lbank0                                bank0         00000
__Lbank1                                bank1         00000
__Lbank10                               bank10        00000
__Lbank11                               bank11        00000
__Lbank12                               bank12        00000
__Lbank13                               bank13        00000
__Lbank2                                bank2         00000
__Lbank3                                bank3         00000
__Lbank4                                bank4         00000
__Lbank5                                bank5         00000
__Lbank6                                bank6         00000
__Lbank7                                bank7         00000
__Lbank8                                bank8         00000
__Lbank9                                bank9         00000
__Lbigbss                               bigbss        00000
__Lbigdata                              bigdata       00000
__Lbigram                               bigram        00000
__Lbss                                  bss           00000
__LbssBANK0                             bssBANK0      00000
__LbssBANK1                             bssBANK1      00000
__LbssBANK2                             bssBANK2      00000
__LbssBANK3                             bssBANK3      00000
__LbssBIGRAM                            bssBIGRAM     00000
__LbssCOMRAM                            bssCOMRAM     00000
__Lcinit                                cinit         00000
__Lclrtext                              clrtext       00000
__Lcomram                               comram        00000
__Lconfig                               config        1FFF0
__Lconst                                const         00000
__LcstackBANK0                          cstackBANK0   00000
__LcstackBANK1                          cstackBANK1   00000
__LcstackBANK2                          cstackBANK2   00000
__LcstackCOMRAM                         cstackCOMRAM  00000
__Ldata                                 data          00000
__LdataBANK0                            dataBANK0     00000
__LdataBANK1                            dataBANK1     00000
__LdataCOMRAM                           dataCOMRAM    00000
__Lend_init                             end_init      000F6
__Lfarbss                               farbss        00000
__Lfardata                              fardata       00000
__Libigdata                             ibigdata      00000
__Lidata                                idata         00000
__LidataBANK0                           idataBANK0    00000
__LidataBANK1                           idataBANK1    00000
__LidataCOMRAM                          idataCOMRAM   00000
__Lidloc                                idloc         00000
__Lifardata                             ifardata      00000
__Linit                                 init          000F6
__Lintcode                              intcode       00008
__Lintcode_body                         intcode_body  00000
__Lintcodelo                            intcodelo     00018
__Lintentry                             intentry      00000
__Lintret                               intret        00000
__Lintsave_regs                         intsave_regs  00000
__Lirdata                               irdata        00000
__Ljflash_buffer                        jflash_buffer 1FBF8
__Lmediumconst                          mediumconst   0F8D2
__LnvFARRAM                             nvFARRAM      00000
__Lnvbit                                nvbit         00000
__Lnvrram                               nvrram        00000
__Lparam                                rparam        00000
__Lpowerup                              powerup       000F6
__Lram                                  ram           00000
__Lramtop                               ramtop        00E00
__Lrbit                                 rbit          00000
__Lrbss                                 rbss          00000
__Lrdata                                rdata         00000
__Lreset_vec                            reset_vec     00000
__Lrparam                               rparam        00000
__Lsfr                                  sfr           00000
__Lsmallconst                           smallconst    00000
__Lspace_0                              (abs)         00000
__Lspace_1                              (abs)         00000
__Lspace_2                              (abs)         00000
__Lstack                                stack         00000
__Lstruct                               struct        00000
__Ltemp                                 temp          00000
__Ltext                                 text          00000
__Ltext0                                text0         00000
__Ltext1                                text1         00000
__Ltext10                               text10        00000
__Ltext11                               text11        00000
__Ltext12                               text12        00000
__Ltext13                               text13        00000
__Ltext14                               text14        00000
__Ltext15                               text15        00000
__Ltext16                               text16        00000
__Ltext17                               text17        00000
__Ltext18                               text18        00000
__Ltext19                               text19        00000
__Ltext2                                text2         00000
__Ltext20                               text20        00000
__Ltext21                               text21        00000
__Ltext22                               text22        00000
__Ltext23                               text23        00000
__Ltext24                               text24        00000
__Ltext25                               text25        00000
__Ltext26                               text26        00000
__Ltext27                               text27        00000
__Ltext28                               text28        00000
__Ltext29                               text29        00000
__Ltext3                                text3         00000
__Ltext30                               text30        00000
__Ltext31                               text31        00000
__Ltext32                               text32        00000
__Ltext33                               text33        00000
__Ltext34                               text34        00000
__Ltext35                               text35        00000
__Ltext36                               text36        00000
__Ltext37                               text37        00000
__Ltext38                               text38        00000
__Ltext39                               text39        00000
__Ltext4                                text4         00000
__Ltext40                               text40        00000
__Ltext41                               text41        00000
__Ltext42                               text42        00000
__Ltext43                               text43        00000
__Ltext46                               text46        00000
__Ltext5                                text5         00000
__Ltext6                                text6         00000
__Ltext7                                text7         00000
__Ltext8                                text8         00000
__Ltext9                                text9         00000
__S0                                    (abs)         20000
__S1                                    (abs)         007B0
__S2                                    (abs)         00000
___awdiv                                text25        118E0
___awdiv@counter                        cstackBANK0   00064
___awdiv@dividend                       cstackBANK0   00060
___awdiv@divisor                        cstackBANK0   00062
___awdiv@quotient                       cstackBANK0   00066
___awdiv@sign                           cstackBANK0   00065
___extmem_base                          (abs)         20000
___inthi_sp                             stack         00000
___intlo_sp                             stack         00000
___lwdiv                                text39        11FD8
___lwdiv@counter                        cstackBANK0   00060
___lwdiv@dividend                       cstackCOMRAM  00020
___lwdiv@divisor                        cstackCOMRAM  00022
___lwdiv@quotient                       cstackBANK0   00061
___lwmod                                text38        12040
___lwmod@counter                        cstackCOMRAM  00024
___lwmod@dividend                       cstackBANK0   00063
___lwmod@divisor                        cstackBANK0   00065
___param_bank                           (abs)         00010
___rparam_used                          (abs)         00001
___sp                                   stack         00000
___wmul                                 text24        1233A
___wmul@multiplicand                    cstackCOMRAM  00022
___wmul@multiplier                      cstackCOMRAM  00020
___wmul@product                         cstackCOMRAM  00024
__accesstop                             (abs)         00060
__activetblptr                          (abs)         00003
__end_of_LCD_init4bit                   text18        10D20
__end_of_LCD_placeCursor                text40        109EE
__end_of_LCD_printString                text35        106A0
__end_of_OpenEPWM1                      text13        11EFA
__end_of_OpenEPWM3                      text12        11D72
__end_of_PS2_analog                     text34        123D0
__end_of_PS2_init                       text29        11522
__end_of_PS2_readGamepad                text30        111F4
__end_of_PS2_readType                   text28        121F8
__end_of_PS2_reconfig                   text31        1214A
__end_of_PS2_sendCommandString          text32        11F6A
__end_of_PS2_shiftInOut                 text33        11BD0
__end_of_RCMode                         text22        117D6
__end_of_SetDCEPWM1                     text27        121C2
__end_of_SetDCEPWM3                     text26        12188
__end_of_SetOutputEPWM1                 text11        11DF8
__end_of_SetOutputEPWM3                 text10        11C5E
__end_of_SineWave                       mediumconst   0FED3
__end_of_UART_init                      text17        118E0
__end_of___awdiv                        text25        119B0
__end_of___lwdiv                        text39        12040
__end_of___lwmod                        text38        120A6
__end_of___wmul                         text24        12362
__end_of__initialization                cinit         11B2E
__end_of_clearMillis                    text16        123E6
__end_of_communicationInterruptHandler  intcode_body  11A80
__end_of_competitionMode                text21        123B8
__end_of_debug                          text20        12448
__end_of_delay_init                     text19        1225E
__end_of_delay_ms                       text42        11CEA
__end_of_delay_us                       text41        12290
__end_of_dpowers                        mediumconst   0FEDD
__end_of_encoderInterrupt               intcodelo     000F6
__end_of_encoders_init                  text15        122E8
__end_of_fft_init                       text14        11FD8
__end_of_init                           text7         12380
__end_of_main                           text0         11696
__end_of_millis                         text43        123F8
__end_of_motorDrive_init                text9         11E7C
__end_of_motorDrive_setSpeeds           text23        10FBA
__end_of_selfTest                       text5         1222C
__end_of_settings_auto                  text4         12408
__end_of_settings_init                  text8         122BE
__end_of_settings_readButton            text6         12418
__end_of_settings_selfTest              text3         12434
__end_of_settings_wander                text2         12426
__end_of_sprintf                        text37        113A8
__end_of_strcat                         text36        12106
__end_of_tickMillis                     text46        12442
__end_of_wanderMode                     text1         1239C
__end_ofatan@coeff_a                    mediumconst   0FEEF
__end_ofatan@coeff_b                    mediumconst   0FEFE
__initialization                        cinit         11A80
__mediumconst                           mediumconst   0F8D2
__pbssBANK0                             bssBANK0      000AC
__pbssBANK1                             bssBANK1      00100
__pbssBANK2                             bssBANK2      00200
__pbssBANK3                             bssBANK3      00300
__pbssBIGRAM                            bssBIGRAM     003C8
__pbssCOMRAM                            bssCOMRAM     00026
__pcinit                                cinit         11A80
__pcstackBANK0                          cstackBANK0   00060
__pcstackBANK1                          cstackBANK1   001EF
__pcstackBANK2                          cstackBANK2   002B2
__pcstackCOMRAM                         cstackCOMRAM  00001
__pdataBANK0                            dataBANK0     000D7
__pdataBANK1                            dataBANK1     001C6
__pdataCOMRAM                           dataCOMRAM    0003E
__pidataBANK0                           idataBANK0    122E8
__pidataBANK1                           idataBANK1    12311
__pidataCOMRAM                          idataCOMRAM   12442
__pintcode                              intcode       00008
__pintcode_body                         intcode_body  119B0
__pintcodelo                            intcodelo     00018
__pmediumconst                          mediumconst   0F8D2
__ptext0                                text0         11522
__ptext1                                text1         12380
__ptext10                               text10        11BD0
__ptext11                               text11        11D72
__ptext12                               text12        11CEA
__ptext13                               text13        11E7C
__ptext14                               text14        11F6A
__ptext15                               text15        122BE
__ptext16                               text16        123D0
__ptext17                               text17        117D6
__ptext18                               text18        109EE
__ptext19                               text19        1222C
__ptext2                                text2         12418
__ptext20                               text20        12446
__ptext21                               text21        1239C
__ptext22                               text22        11696
__ptext23                               text23        10D20
__ptext24                               text24        1233A
__ptext25                               text25        118E0
__ptext26                               text26        1214A
__ptext27                               text27        12188
__ptext28                               text28        121C2
__ptext29                               text29        113A8
__ptext3                                text3         12426
__ptext30                               text30        10FBA
__ptext31                               text31        12106
__ptext32                               text32        11EFA
__ptext33                               text33        11B34
__ptext34                               text34        123B8
__ptext35                               text35        10000
__ptext36                               text36        120A6
__ptext37                               text37        111F4
__ptext38                               text38        12040
__ptext39                               text39        11FD8
__ptext4                                text4         123F8
__ptext40                               text40        106A0
__ptext41                               text41        1225E
__ptext42                               text42        11C5E
__ptext43                               text43        123E6
__ptext46                               text46        12434
__ptext5                                text5         121F8
__ptext6                                text6         12408
__ptext7                                text7         12362
__ptext8                                text8         12290
__ptext9                                text9         11DF8
__ramtop                                ramtop        00E00
__size_of_LCD_init4bit                  (abs)         00000
__size_of_LCD_placeCursor               (abs)         00000
__size_of_LCD_printString               (abs)         00000
__size_of_OpenEPWM1                     (abs)         00000
__size_of_OpenEPWM3                     (abs)         00000
__size_of_PS2_analog                    (abs)         00000
__size_of_PS2_init                      (abs)         00000
__size_of_PS2_readGamepad               (abs)         00000
__size_of_PS2_readType                  (abs)         00000
__size_of_PS2_reconfig                  (abs)         00000
__size_of_PS2_sendCommandString         (abs)         00000
__size_of_PS2_shiftInOut                (abs)         00000
__size_of_RCMode                        (abs)         00000
__size_of_SetDCEPWM1                    (abs)         00000
__size_of_SetDCEPWM3                    (abs)         00000
__size_of_SetOutputEPWM1                (abs)         00000
__size_of_SetOutputEPWM3                (abs)         00000
__size_of_UART_init                     (abs)         00000
__size_of___awdiv                       (abs)         00000
__size_of___lwdiv                       (abs)         00000
__size_of___lwmod                       (abs)         00000
__size_of___wmul                        (abs)         00000
__size_of_clearMillis                   (abs)         00000
__size_of_communicationInterruptHandler (abs)         00000
__size_of_competitionMode               (abs)         00000
__size_of_debug                         (abs)         00000
__size_of_delay_init                    (abs)         00000
__size_of_delay_ms                      (abs)         00000
__size_of_delay_us                      (abs)         00000
__size_of_encoderInterrupt              (abs)         00000
__size_of_encoders_init                 (abs)         00000
__size_of_fft_init                      (abs)         00000
__size_of_init                          (abs)         00000
__size_of_main                          (abs)         00000
__size_of_millis                        (abs)         00000
__size_of_motorDrive_init               (abs)         00000
__size_of_motorDrive_setSpeeds          (abs)         00000
__size_of_selfTest                      (abs)         00000
__size_of_settings_auto                 (abs)         00000
__size_of_settings_init                 (abs)         00000
__size_of_settings_readButton           (abs)         00000
__size_of_settings_selfTest             (abs)         00000
__size_of_settings_wander               (abs)         00000
__size_of_sprintf                       (abs)         00000
__size_of_strcat                        (abs)         00000
__size_of_tickMillis                    (abs)         00000
__size_of_wanderMode                    (abs)         00000
__smallconst                            smallconst    00000
_buttons                                bssBANK0      000D1
_clearMillis                            text16        123D0
_communicationInterruptHandler          intcode       00008
_competitionMode                        text21        1239C
_config                                 bssCOMRAM     0003C
_controller_type                        bssBANK0      000D5
_debug                                  text20        12446
_delay_init                             text19        1222C
_delay_ms                               text42        11C5E
_delay_us                               text41        1225E
_dpowers                                mediumconst   0FED3
_encoderInterrupt                       intcodelo     00018
_encoders_init                          text15        122BE
_enter_config                           dataBANK0     000FB
_errno                                  bssCOMRAM     00032
_exit_config                            dataBANK0     000E9
_fft_init                               text14        11F6A
_imaginaryNumbers                       bssBANK2      00232
_init                                   text7         12362
_last_buttons                           bssBANK0      000D3
_last_read                              bssBANK0      000CD
_left_count                             bssCOMRAM     00026
_main                                   text0         11522
_millis                                 text43        123E6
_millisCount                            bssCOMRAM     0002A
_mode                                   bssCOMRAM     0003D
_motorDrive_init                        text9         11DF8
_motorDrive_setSpeeds                   text23        10D20
_motorDrive_setSpeeds$2400              cstackBANK0   00071
_motorDrive_setSpeeds$2401              cstackBANK0   00073
_motorDrive_setSpeeds$2402              cstackBANK0   00075
_motorDrive_setSpeeds$2403              cstackBANK0   00077
_motorDrive_setSpeeds$2404              cstackBANK0   00079
_motorDrive_setSpeeds$2405              cstackBANK0   0007B
_motorDrive_setSpeeds$2406              cstackBANK0   0007D
_read_delay                             bssBANK0      000D6
_realNumbers                            bssBANK1      00146
_right_count                            bssCOMRAM     0002E
_selfTest                               text5         121F8
_set_mode                               dataBANK0     000F2
_settings_auto                          text4         123F8
_settings_init                          text8         12290
_settings_readButton                    text6         12408
_settings_selfTest                      text3         12426
_settings_wander                        text2         12418
_spbrg                                  bssCOMRAM     00034
_sprintf                                text37        111F4
_strcat                                 text36        120A6
_tickMillis                             text46        12434
_type_read                              dataBANK0     000E0
_wanderMode                             text1         12380
delay_init@config                       bssCOMRAM     00036
delay_ms@time                           cstackBANK0   0006C
delay_ms@x                              cstackBANK0   00060
delay_us@x                              cstackCOMRAM  00020
end_of_initialization                   cinit         11B2E
int_func                                intcode_body  119B0
intlevel0                               text          00000
intlevel1                               text          00000
intlevel2                               text          00000
intlevel3                               text          00000
main@mode                               cstackBANK1   001F5
motorDrive_setSpeeds@lSpeed             cstackBANK0   0007F
motorDrive_setSpeeds@rSpeed             cstackBANK0   00068
motorDrive_setSpeeds@templ              cstackBANK0   0006D
motorDrive_setSpeeds@tempr              cstackBANK0   0006F
settings_auto@t                         cstackCOMRAM  00020
settings_readButton@t                   cstackCOMRAM  00020
settings_selfTest@t                     cstackCOMRAM  00020
settings_wander@t                       cstackCOMRAM  00020
sprintf@ap                              cstackBANK0   0006D
sprintf@c                               cstackBANK0   00073
sprintf@f                               cstackBANK0   00069
sprintf@flag                            cstackBANK0   0006F
sprintf@prec                            cstackBANK0   00070
sprintf@sp                              cstackBANK0   00067
sprintf@val                             cstackBANK0   00071
stackhi                                 (abs)         00DF9
stacklo                                 (abs)         007B0
start                                   init          000F6
start_initialization                    cinit         11A80
strcat@cp                               cstackCOMRAM  00024
strcat@from                             cstackCOMRAM  00022
strcat@to                               cstackCOMRAM  00020


FUNCTION INFORMATION:

 *************** function _main *****************
 Defined at:
		line 108 in file "main.c"
 Parameters:    Size  Location     Type
		None
 Auto vars:     Size  Location     Type
  mode            1    6[BANK1 ] unsigned char 
 Return value:  Size  Location     Type
		None               void
 Registers used:
		wreg, fsr0l, fsr0h, fsr1l, fsr1h, fsr2l, fsr2h, status,2, status,0, tblptrl, tblptrh, tblptru, prodl, prodh, cstack
 Tracked objects:
		On entry : 
		On exit  : 
		Unchanged: 
 Data sizes:     COMRAM   BANK0   BANK1   BANK2   BANK3   BANK4   BANK5   BANK6   BANK7   BANK8   BANK9  BANK10  BANK11  BANK12  BANK13
      Params:         0       0       0       0       0       0       0       0       0       0       0       0       0       0       0
      Locals:         0       0       1       0       0       0       0       0       0       0       0       0       0       0       0
      Temps:          0       4       0       0       0       0       0       0       0       0       0       0       0       0       0
      Totals:         0       4       1       0       0       0       0       0       0       0       0       0       0       0       0
Total ram usage:        5 bytes
 Hardware stack levels required when called:   10
 This function calls:
		_LCD_printString
		_RCMode
		_competitionMode
		_debug
		_delay_ms
		_init
		_selfTest
		_settings_auto
		_settings_readButton
		_settings_selfTest
		_settings_wander
		_wanderMode
 This function is called by:
		Startup code after reset
 This function uses a non-reentrant model


 *************** function _wanderMode *****************
 Defined at:
		line 59 in file "main.c"
 Parameters:    Size  Location     Type
		None
 Auto vars:     Size  Location     Type
		None
 Return value:  Size  Location     Type
		None               void
 Registers used:
		wreg, fsr0l, fsr0h, fsr1l, fsr1h, fsr2l, fsr2h, status,2, status,0, tblptrl, tblptrh, tblptru, prodl, prodh, cstack
 Tracked objects:
		On entry : 
		On exit  : 
		Unchanged: 
 Data sizes:     COMRAM   BANK0   BANK1   BANK2   BANK3   BANK4   BANK5   BANK6   BANK7   BANK8   BANK9  BANK10  BANK11  BANK12  BANK13
      Params:         0       0       0       0       0       0       0       0       0       0       0       0       0       0       0
      Locals:         0       0       0       0       0       0       0       0       0       0       0       0       0       0       0
      Temps:          0       0       0       0       0       0       0       0       0       0       0       0       0       0       0
      Totals:         0       0       0       0       0       0       0       0       0       0       0       0       0       0       0
Total ram usage:        0 bytes
 Hardware stack levels used:    1
 Hardware stack levels required when called:    7
 This function calls:
		_LCD_printString
 This function is called by:
		_main
 This function uses a non-reentrant model


 *************** function _settings_wander *****************
 Defined at:
		line 80 in file "settings.c"
 Parameters:    Size  Location     Type
		None
 Auto vars:     Size  Location     Type
  t               1   31[COMRAM] unsigned char 
 Return value:  Size  Location     Type
                  1    wreg      unsigned char 
 Registers used:
		wreg, status,2
 Tracked objects:
		On entry : 
		On exit  : 
		Unchanged: 
 Data sizes:     COMRAM   BANK0   BANK1   BANK2   BANK3   BANK4   BANK5   BANK6   BANK7   BANK8   BANK9  BANK10  BANK11  BANK12  BANK13
      Params:         0       0       0       0       0       0       0       0       0       0       0       0       0       0       0
      Locals:         1       0       0       0       0       0       0       0       0       0       0       0       0       0       0
      Temps:          0       0       0       0       0       0       0       0       0       0       0       0       0       0       0
      Totals:         1       0       0       0       0       0       0       0       0       0       0       0       0       0       0
Total ram usage:        1 bytes
 Hardware stack levels used:    1
 Hardware stack levels required when called:    3
 This function calls:
		Nothing
 This function is called by:
		_main
 This function uses a non-reentrant model


 *************** function _settings_selfTest *****************
 Defined at:
		line 94 in file "settings.c"
 Parameters:    Size  Location     Type
		None
 Auto vars:     Size  Location     Type
  t               1   31[COMRAM] unsigned char 
 Return value:  Size  Location     Type
                  1    wreg      unsigned char 
 Registers used:
		wreg, status,2
 Tracked objects:
		On entry : 
		On exit  : 
		Unchanged: 
 Data sizes:     COMRAM   BANK0   BANK1   BANK2   BANK3   BANK4   BANK5   BANK6   BANK7   BANK8   BANK9  BANK10  BANK11  BANK12  BANK13
      Params:         0       0       0       0       0       0       0       0       0       0       0       0       0       0       0
      Locals:         1       0       0       0       0       0       0       0       0       0       0       0       0       0       0
      Temps:          0       0       0       0       0       0       0       0       0       0       0       0       0       0       0
      Totals:         1       0       0       0       0       0       0       0       0       0       0       0       0       0       0
Total ram usage:        1 bytes
 Hardware stack levels used:    1
 Hardware stack levels required when called:    3
 This function calls:
		Nothing
 This function is called by:
		_main
 This function uses a non-reentrant model


 *************** function _settings_auto *****************
 Defined at:
		line 66 in file "settings.c"
 Parameters:    Size  Location     Type
		None
 Auto vars:     Size  Location     Type
  t               1   31[COMRAM] unsigned char 
 Return value:  Size  Location     Type
                  1    wreg      unsigned char 
 Registers used:
		wreg, status,2
 Tracked objects:
		On entry : 
		On exit  : 
		Unchanged: 
 Data sizes:     COMRAM   BANK0   BANK1   BANK2   BANK3   BANK4   BANK5   BANK6   BANK7   BANK8   BANK9  BANK10  BANK11  BANK12  BANK13
      Params:         0       0       0       0       0       0       0       0       0       0       0       0       0       0       0
      Locals:         1       0       0       0       0       0       0       0       0       0       0       0       0       0       0
      Temps:          0       0       0       0       0       0       0       0       0       0       0       0       0       0       0
      Totals:         1       0       0       0       0       0       0       0       0       0       0       0       0       0       0
Total ram usage:        1 bytes
 Hardware stack levels used:    1
 Hardware stack levels required when called:    3
 This function calls:
		Nothing
 This function is called by:
		_main
 This function uses a non-reentrant model


 *************** function _selfTest *****************
 Defined at:
		line 49 in file "main.c"
 Parameters:    Size  Location     Type
		None
 Auto vars:     Size  Location     Type
		None
 Return value:  Size  Location     Type
		None               void
 Registers used:
		wreg, fsr0l, fsr0h, fsr1l, fsr1h, fsr2l, fsr2h, status,2, status,0, tblptrl, tblptrh, tblptru, prodl, prodh, cstack
 Tracked objects:
		On entry : 
		On exit  : 
		Unchanged: 
 Data sizes:     COMRAM   BANK0   BANK1   BANK2   BANK3   BANK4   BANK5   BANK6   BANK7   BANK8   BANK9  BANK10  BANK11  BANK12  BANK13
      Params:         0       0       0       0       0       0       0       0       0       0       0       0       0       0       0
      Locals:         0       0       0       0       0       0       0       0       0       0       0       0       0       0       0
      Temps:          0       0       0       0       0       0       0       0       0       0       0       0       0       0       0
      Totals:         0       0       0       0       0       0       0       0       0       0       0       0       0       0       0
Total ram usage:        0 bytes
 Hardware stack levels used:    1
 Hardware stack levels required when called:    7
 This function calls:
		_LCD_printString
		_settings_readButton
 This function is called by:
		_main
 This function uses a non-reentrant model


 *************** function _settings_readButton *****************
 Defined at:
		line 45 in file "settings.c"
 Parameters:    Size  Location     Type
		None
 Auto vars:     Size  Location     Type
  t               1   31[COMRAM] unsigned char 
 Return value:  Size  Location     Type
                  1    wreg      unsigned char 
 Registers used:
		wreg, status,2
 Tracked objects:
		On entry : 
		On exit  : 
		Unchanged: 
 Data sizes:     COMRAM   BANK0   BANK1   BANK2   BANK3   BANK4   BANK5   BANK6   BANK7   BANK8   BANK9  BANK10  BANK11  BANK12  BANK13
      Params:         0       0       0       0       0       0       0       0       0       0       0       0       0       0       0
      Locals:         1       0       0       0       0       0       0       0       0       0       0       0       0       0       0
      Temps:          0       0       0       0       0       0       0       0       0       0       0       0       0       0       0
      Totals:         1       0       0       0       0       0       0       0       0       0       0       0       0       0       0
Total ram usage:        1 bytes
 Hardware stack levels used:    1
 Hardware stack levels required when called:    3
 This function calls:
		Nothing
 This function is called by:
		_selfTest
		_main
 This function uses a non-reentrant model


 *************** function _init *****************
 Defined at:
		line 30 in file "main.c"
 Parameters:    Size  Location     Type
		None
 Auto vars:     Size  Location     Type
		None
 Return value:  Size  Location     Type
		None               void
 Registers used:
		wreg, fsr0l, fsr0h, fsr1l, fsr1h, fsr2l, fsr2h, status,2, status,0, tblptrl, tblptrh, tblptru, prodl, prodh, cstack
 Tracked objects:
		On entry : 
		On exit  : 
		Unchanged: 
 Data sizes:     COMRAM   BANK0   BANK1   BANK2   BANK3   BANK4   BANK5   BANK6   BANK7   BANK8   BANK9  BANK10  BANK11  BANK12  BANK13
      Params:         0       0       0       0       0       0       0       0       0       0       0       0       0       0       0
      Locals:         0       0       0       0       0       0       0       0       0       0       0       0       0       0       0
      Temps:          0       0       0       0       0       0       0       0       0       0       0       0       0       0       0
      Totals:         0       0       0       0       0       0       0       0       0       0       0       0       0       0       0
Total ram usage:        0 bytes
 Hardware stack levels used:    1
 Hardware stack levels required when called:    8
 This function calls:
		_LCD_init4bit
		_UART_init
		_clearMillis
		_encoders_init
		_fft_init
		_motorDrive_init
		_settings_init
 This function is called by:
		_main
 This function uses a non-reentrant model


 *************** function _settings_init *****************
 Defined at:
		line 16 in file "settings.c"
 Parameters:    Size  Location     Type
		None
 Auto vars:     Size  Location     Type
		None
 Return value:  Size  Location     Type
		None               void
 Registers used:
		wreg, status,2
 Tracked objects:
		On entry : 
		On exit  : 
		Unchanged: 
[...]
Total ram usage:        6 bytes
 Hardware stack levels used:    1
 Hardware stack levels required when called:    3
 This function calls:
		Nothing
 This function is called by:
		_LCD_printString
		_UART_transmitString
 This function uses a non-reentrant model


 *************** function _sprintf *****************
 Defined at:
		line 492 in file "C:\Program Files (x86)\Microchip\xc8\v1.34\sources\common\doprnt.c"
 Parameters:    Size  Location     Type
  sp              2    7[BANK0 ] PTR unsigned char 
		 -> UART_transmitString@tempString(20), LCD_printString@tempString(20), 
  f               2    9[BANK0 ] PTR const unsigned char 
		 -> STR_16(3), STR_2(3), 
 Auto vars:     Size  Location     Type
  tmpval          4    0        struct .
  cp              3    0        PTR const unsigned char 
  val             2   17[BANK0 ] unsigned int 
  ap              2   13[BANK0 ] PTR void [1]
		 -> ?_sprintf(2), 
  len             2    0        unsigned int 
  c               1   19[BANK0 ] char 
  prec            1   16[BANK0 ] char 
  flag            1   15[BANK0 ] unsigned char 
 Return value:  Size  Location     Type
                  2    7[BANK0 ] int 
 Registers used:
		wreg, fsr2l, fsr2h, status,2, status,0, tblptrl, tblptrh, tblptru, prodl, prodh, cstack
 Tracked objects:
		On entry : 
		On exit  : 
		Unchanged: 
 Data sizes:     COMRAM   BANK0   BANK1   BANK2   BANK3   BANK4   BANK5   BANK6   BANK7   BANK8   BANK9  BANK10  BANK11  BANK12  BANK13
      Params:         0       6       0       0       0       0       0       0       0       0       0       0       0       0       0
      Locals:         0       7       0       0       0       0       0       0       0       0       0       0       0       0       0
      Temps:          1       0       0       0       0       0       0       0       0       0       0       0       0       0       0
      Totals:         1      13       0       0       0       0       0       0       0       0       0       0       0       0       0
Total ram usage:       14 bytes
 Hardware stack levels used:    1
 Hardware stack levels required when called:    4
 This function calls:
		___lwdiv
		___lwmod
 This function is called by:
		_LCD_printString
		_UART_transmitString
 This function uses a non-reentrant model


 *************** function ___lwmod *****************
 Defined at:
		line 8 in file "C:\Program Files (x86)\Microchip\xc8\v1.34\sources\common\lwmod.c"
 Parameters:    Size  Location     Type
  dividend        2    3[BANK0 ] unsigned int 
  divisor         2    5[BANK0 ] unsigned int 
 Auto vars:     Size  Location     Type
  counter         1   35[COMRAM] unsigned char 
 Return value:  Size  Location     Type
                  2    3[BANK0 ] unsigned int 
 Registers used:
		wreg, status,2, status,0
 Tracked objects:
		On entry : 
		On exit  : 
		Unchanged: 
 Data sizes:     COMRAM   BANK0   BANK1   BANK2   BANK3   BANK4   BANK5   BANK6   BANK7   BANK8   BANK9  BANK10  BANK11  BANK12  BANK13
      Params:         0       4       0       0       0       0       0       0       0       0       0       0       0       0       0
      Locals:         1       0       0       0       0       0       0       0       0       0       0       0       0       0       0
      Temps:          0       0       0       0       0       0       0       0       0       0       0       0       0       0       0
      Totals:         1       4       0       0       0       0       0       0       0       0       0       0       0       0       0
Total ram usage:        5 bytes
 Hardware stack levels used:    1
 Hardware stack levels required when called:    3
 This function calls:
		Nothing
 This function is called by:
		_sprintf
 This function uses a non-reentrant model


 *************** function ___lwdiv *****************
 Defined at:
		line 8 in file "C:\Program Files (x86)\Microchip\xc8\v1.34\sources\common\lwdiv.c"
 Parameters:    Size  Location     Type
  dividend        2   31[COMRAM] unsigned int 
  divisor         2   33[COMRAM] unsigned int 
 Auto vars:     Size  Location     Type
  quotient        2    1[BANK0 ] unsigned int 
  counter         1    0[BANK0 ] unsigned char 
 Return value:  Size  Location     Type
                  2   31[COMRAM] unsigned int 
 Registers used:
		wreg, status,2, status,0
 Tracked objects:
		On entry : 
		On exit  : 
		Unchanged: 
 Data sizes:     COMRAM   BANK0   BANK1   BANK2   BANK3   BANK4   BANK5   BANK6   BANK7   BANK8   BANK9  BANK10  BANK11  BANK12  BANK13
      Params:         4       0       0       0       0       0       0       0       0       0       0       0       0       0       0
      Locals:         0       3       0       0       0       0       0       0       0       0       0       0       0       0       0
      Temps:          0       0       0       0       0       0       0       0       0       0       0       0       0       0       0
      Totals:         4       3       0       0       0       0       0       0       0       0       0       0       0       0       0
Total ram usage:        7 bytes
 Hardware stack levels used:    1
 Hardware stack levels required when called:    3
 This function calls:
		Nothing
 This function is called by:
		_sprintf
 This function uses a non-reentrant model


 *************** function _LCD_placeCursor *****************
 Defined at:
		line 279 in file "LCD.c"
 Parameters:    Size  Location     Type
  x               1    wreg     unsigned char 
  y               1   35[COMRAM] unsigned char 
 Auto vars:     Size  Location     Type
  x               1   20[BANK0 ] unsigned char 
  address         1   21[BANK0 ] unsigned char 
 Return value:  Size  Location     Type
		None               void
 Registers used:
		wreg, status,2, status,0, prodl, prodh, cstack
 Tracked objects:
		On entry : 
		On exit  : 
		Unchanged: 
 Data sizes:     COMRAM   BANK0   BANK1   BANK2   BANK3   BANK4   BANK5   BANK6   BANK7   BANK8   BANK9  BANK10  BANK11  BANK12  BANK13
      Params:         1       0       0       0       0       0       0       0       0       0       0       0       0       0       0
      Locals:         0       2       0       0       0       0       0       0       0       0       0       0       0       0       0
      Temps:          0       4       0       0       0       0       0       0       0       0       0       0       0       0       0
      Totals:         1       6       0       0       0       0       0       0       0       0       0       0       0       0       0
Total ram usage:        7 bytes
 Hardware stack levels used:    1
 Hardware stack levels required when called:    5
 This function calls:
		_delay_ms
		_delay_us
 This function is called by:
		_LCD_printString
 This function uses a non-reentrant model


 *************** function _delay_us *****************
 Defined at:
		line 51 in file "delays.c"
 Parameters:    Size  Location     Type
  x               4   31[COMRAM] long 
 Auto vars:     Size  Location     Type
		None
 Return value:  Size  Location     Type
		None               void
 Registers used:
		wreg, status,2, status,0
 Tracked objects:
		On entry : 
		On exit  : 
		Unchanged: 
 Data sizes:     COMRAM   BANK0   BANK1   BANK2   BANK3   BANK4   BANK5   BANK6   BANK7   BANK8   BANK9  BANK10  BANK11  BANK12  BANK13
      Params:         4       0       0       0       0       0       0       0       0       0       0       0       0       0       0
      Locals:         0       0       0       0       0       0       0       0       0       0       0       0       0       0       0
      Temps:          0       0       0       0       0       0       0       0       0       0       0       0       0       0       0
      Totals:         4       0       0       0       0       0       0       0       0       0       0       0       0       0       0
Total ram usage:        4 bytes
 Hardware stack levels used:    1
 Hardware stack levels required when called:    3
 This function calls:
		Nothing
 This function is called by:
		_LCD_init4bit
		_LCD_placeCursor
		_LCD_printString
		_fft_init
		_PS2_init
		_PS2_readGamepad
		_PS2_shiftInOut
		_LCD_init8bit
		_LCD_clearDisplay
 This function uses a non-reentrant model


 *************** function _delay_ms *****************
 Defined at:
		line 62 in file "delays.c"
 Parameters:    Size  Location     Type
  x               4    0[BANK0 ] long 
 Auto vars:     Size  Location     Type
  time            4   12[BANK0 ] unsigned long 
 Return value:  Size  Location     Type
		None               void
 Registers used:
		wreg, status,2, status,0, cstack
 Tracked objects:
		On entry : 
		On exit  : 
		Unchanged: 
 Data sizes:     COMRAM   BANK0   BANK1   BANK2   BANK3   BANK4   BANK5   BANK6   BANK7   BANK8   BANK9  BANK10  BANK11  BANK12  BANK13
      Params:         0       4       0       0       0       0       0       0       0       0       0       0       0       0       0
      Locals:         0       4       0       0       0       0       0       0       0       0       0       0       0       0       0
      Temps:          0       8       0       0       0       0       0       0       0       0       0       0       0       0       0
      Totals:         0      16       0       0       0       0       0       0       0       0       0       0       0       0       0
Total ram usage:       16 bytes
 Hardware stack levels used:    1
 Hardware stack levels required when called:    4
 This function calls:
		_millis
 This function is called by:
		_LCD_init4bit
		_LCD_placeCursor
		_LCD_printString
		_RCMode
		_main
		_PS2_readGamepad
		_PS2_sendCommandString
		_LCD_init8bit
		_FONA_init
		_FONA_Text
		_FONA_CheckStrength
 This function uses a non-reentrant model


 *************** function _millis *****************
 Defined at:
		line 110 in file "delays.c"
 Parameters:    Size  Location     Type
		None
 Auto vars:     Size  Location     Type
		None
 Return value:  Size  Location     Type
                  4   31[COMRAM] unsigned long 
 Registers used:
		None
 Tracked objects:
		On entry : 
		On exit  : 
		Unchanged: 
 Data sizes:     COMRAM   BANK0   BANK1   BANK2   BANK3   BANK4   BANK5   BANK6   BANK7   BANK8   BANK9  BANK10  BANK11  BANK12  BANK13
      Params:         4       0       0       0       0       0       0       0       0       0       0       0       0       0       0
      Locals:         0       0       0       0       0       0       0       0       0       0       0       0       0       0       0
      Temps:          0       0       0       0       0       0       0       0       0       0       0       0       0       0       0
      Totals:         4       0       0       0       0       0       0       0       0       0       0       0       0       0       0
Total ram usage:        4 bytes
 Hardware stack levels used:    1
 Hardware stack levels required when called:    3
 This function calls:
		Nothing
 This function is called by:
		_delay_ms
		_PS2_readGamepad
		_delay_s
 This function uses a non-reentrant model


 *************** function _encoderInterrupt *****************
 Defined at:
		line 40 in file "encoders.c"
 Parameters:    Size  Location     Type
		None
 Auto vars:     Size  Location     Type
		None
 Return value:  Size  Location     Type
		None               void
 Registers used:
		wreg, status,2, status,0
 Tracked objects:
		On entry : 
		On exit  : 
		Unchanged: 
 Data sizes:     COMRAM   BANK0   BANK1   BANK2   BANK3   BANK4   BANK5   BANK6   BANK7   BANK8   BANK9  BANK10  BANK11  BANK12  BANK13
      Params:         0       0       0       0       0       0       0       0       0       0       0       0       0       0       0
      Locals:         0       0       0       0       0       0       0       0       0       0       0       0       0       0       0
      Temps:         17       0       0       0       0       0       0       0       0       0       0       0       0       0       0
      Totals:        17       0       0       0       0       0       0       0       0       0       0       0       0       0       0
Total ram usage:       17 bytes
 Hardware stack levels used:    1
 Hardware stack levels required when called:    2
 This function calls:
		Nothing
 This function is called by:
		Interrupt level 1
 This function uses a non-reentrant model


 *************** function _communicationInterruptHandler *****************
 Defined at:
		line 203 in file "main.c"
 Parameters:    Size  Location     Type
		None
 Auto vars:     Size  Location     Type
		None
 Return value:  Size  Location     Type
		None               void
 Registers used:
		wreg, fsr2l, fsr2h, status,2, status,0, prodl, prodh, cstack
 Tracked objects:
		On entry : 
		On exit  : 
		Unchanged: 
 Data sizes:     COMRAM   BANK0   BANK1   BANK2   BANK3   BANK4   BANK5   BANK6   BANK7   BANK8   BANK9  BANK10  BANK11  BANK12  BANK13
      Params:         0       0       0       0       0       0       0       0       0       0       0       0       0       0       0
      Locals:         0       0       0       0       0       0       0       0       0       0       0       0       0       0       0
      Temps:         14       0       0       0       0       0       0       0       0       0       0       0       0       0       0
      Totals:        14       0       0       0       0       0       0       0       0       0       0       0       0       0       0
Total ram usage:       14 bytes
 Hardware stack levels used:    1
 Hardware stack levels required when called:    1
 This function calls:
		_tickMillis
 This function is called by:
		Interrupt level 2
 This function uses a non-reentrant model


 *************** function _tickMillis *****************
 Defined at:
		line 121 in file "delays.c"
 Parameters:    Size  Location     Type
		None
 Auto vars:     Size  Location     Type
		None
 Return value:  Size  Location     Type
		None               void
 Registers used:
		wreg, status,2, status,0
 Tracked objects:
		On entry : 
		On exit  : 
		Unchanged: 
 Data sizes:     COMRAM   BANK0   BANK1   BANK2   BANK3   BANK4   BANK5   BANK6   BANK7   BANK8   BANK9  BANK10  BANK11  BANK12  BANK13
      Params:         0       0       0       0       0       0       0       0       0       0       0       0       0       0       0
      Locals:         0       0       0       0       0       0       0       0       0       0       0       0       0       0       0
      Temps:          0       0       0       0       0       0       0       0       0       0       0       0       0       0       0
      Totals:         0       0       0       0       0       0       0       0       0       0       0       0       0       0       0
Total ram usage:        0 bytes
 Hardware stack levels used:    1
 This function calls:
		Nothing
 This function is called by:
		_communicationInterruptHandler
 This function uses a non-reentrant model



MODULE INFORMATION

Module		Function		Class		Link	Load	Size
C:\Program Files (x86)\Microchip\xc8\v1.34\sources\pic18\plib\PWM\ew3setoc.c
		_SetOutputEPWM3		CODE           	11BD0	0000	143

C:\Program Files (x86)\Microchip\xc8\v1.34\sources\pic18\plib\PWM\ew3setoc.c estimated size: 143

UART.c
		_UART_init     		CODE           	117D6	0000	267

UART.c estimated size: 267

C:\Program Files (x86)\Microchip\xc8\v1.34\sources\pic18\plib\PWM\ew3open.c
		_OpenEPWM3     		CODE           	11CEA	0000	137

C:\Program Files (x86)\Microchip\xc8\v1.34\sources\pic18\plib\PWM\ew3open.c estimated size: 137

C:\Program Files (x86)\Microchip\xc8\v1.34\sources\pic18\plib\PWM\ew1setdc.c
		_SetDCEPWM1    		CODE           	12188	0000	59

C:\Program Files (x86)\Microchip\xc8\v1.34\sources\pic18\plib\PWM\ew1setdc.c estimated size: 59

settings.c
		_settings_init 		CODE           	12290	0000	47
		_settings_auto 		CODE           	123F8	0000	17
		_settings_selfT		CODE           	12426	0000	15
		_settings_readB		CODE           	12408	0000	17
		_settings_wande		CODE           	12418	0000	15

settings.c estimated size: 111

C:\Program Files (x86)\Microchip\xc8\v1.34\sources\common\lwmod.c
		___lwmod       		CODE           	12040	0000	103

C:\Program Files (x86)\Microchip\xc8\v1.34\sources\common\lwmod.c estimated size: 103

C:\Program Files (x86)\Microchip\xc8\v1.34\sources\common\strcat.c
		_strcat        		CODE           	120A6	0000	97

C:\Program Files (x86)\Microchip\xc8\v1.34\sources\common\strcat.c estimated size: 97

PS2.c
		_PS2_shiftInOut		CODE           	11B34	0000	157
		_PS2_init      		CODE           	113A8	0000	379
		_PS2_readType  		CODE           	121C2	0000	55
		_PS2_analog    		CODE           	123B8	0000	25
		_PS2_reconfig  		CODE           	12106	0000	69
		_PS2_sendComman		CODE           	11EFA	0000	113
		_PS2_readGamepa		CODE           	10FBA	0000	571

PS2.c estimated size: 1369

motorDrive.c
		_motorDrive_set		CODE           	10D20	0000	667
		_motorDrive_ini		CODE           	11DF8	0000	133

motorDrive.c estimated size: 800

encoders.c
		_encoders_init 		CODE           	122BE	0000	43
		_encoderInterru		CODE           	0018	0000	223

encoders.c estimated size: 266

delays.c
		_delay_init    		CODE           	1222C	0000	51
		_millis        		CODE           	123E6	0000	19
		_delay_us      		CODE           	1225E	0000	51
		_clearMillis   		CODE           	123D0	0000	23
		_tickMillis    		CODE           	12434	0000	15
		_delay_ms      		CODE           	11C5E	0000	141

delays.c estimated size: 300

C:\Program Files (x86)\Microchip\xc8\v1.34\sources\pic18\plib\PWM\ew3setdc.c
		_SetDCEPWM3    		CODE           	1214A	0000	63

C:\Program Files (x86)\Microchip\xc8\v1.34\sources\pic18\plib\PWM\ew3setdc.c estimated size: 63

C:\Program Files (x86)\Microchip\xc8\v1.34\sources\pic18\plib\PWM\ew1setoc.c
		_SetOutputEPWM1		CODE           	11D72	0000	135

C:\Program Files (x86)\Microchip\xc8\v1.34\sources\pic18\plib\PWM\ew1setoc.c estimated size: 135

shared
		_SineWave      		MEDIUMCONST    	F8D3	0000	1537
		_dpowers       		MEDIUMCONST    	FED3	0000	11
		atan@coeff_a   		MEDIUMCONST    	0000	0000	0
		atan@coeff_b   		MEDIUMCONST    	0000	0000	0
		__initializatio		CODE           	11A80	0000	175

shared estimated size: 1723

fft.c
		_fft_init      		CODE           	11F6A	0000	111

fft.c estimated size: 111

C:\Program Files (x86)\Microchip\xc8\v1.34\sources\common\lwdiv.c
		___lwdiv       		CODE           	11FD8	0000	105

C:\Program Files (x86)\Microchip\xc8\v1.34\sources\common\lwdiv.c estimated size: 105

C:\Program Files (x86)\Microchip\xc8\v1.34\sources\common\awdiv.c
		___awdiv       		CODE           	118E0	0000	209

C:\Program Files (x86)\Microchip\xc8\v1.34\sources\common\awdiv.c estimated size: 209

C:\Program Files (x86)\Microchip\xc8\v1.34\sources\pic18\plib\PWM\ew1open.c
		_OpenEPWM1     		CODE           	11E7C	0000	127

C:\Program Files (x86)\Microchip\xc8\v1.34\sources\pic18\plib\PWM\ew1open.c estimated size: 127

C:\Program Files (x86)\Microchip\xc8\v1.34\sources\common\doprnt.c
		_sprintf       		CODE           	111F4	0000	437

C:\Program Files (x86)\Microchip\xc8\v1.34\sources\common\doprnt.c estimated size: 437

main.c
		_init          		CODE           	12362	0000	31
		_RCMode        		CODE           	11696	0000	321
		_selfTest      		CODE           	121F8	0000	53
		_communicationI		CODE           	0008	0000	225
		_main          		CODE           	11522	0000	373
		_debug         		CODE           	12446	0000	3
		_wanderMode    		CODE           	12380	0000	29
		_competitionMod		CODE           	1239C	0000	29

main.c estimated size: 1064

C:\Program Files (x86)\Microchip\xc8\v1.34\sources\common\Umul16.c
		___wmul        		CODE           	1233A	0000	41

C:\Program Files (x86)\Microchip\xc8\v1.34\sources\common\Umul16.c estimated size: 41

LCD.c
		_LCD_placeCurso		CODE           	106A0	0000	847
		_LCD_init4bit  		CODE           	109EE	0000	819
		_LCD_printStrin		CODE           	10000	0000	1697

LCD.c estimated size: 3363

