<html>
<body>
<pre>
<h1>µVision Build Log</h1>
<h2>Tool Versions:</h2>
IDE-Version: µVision V5.14.0.0
Copyright (C) 2015 ARM Ltd and ARM Germany GmbH. All rights reserved.
License Information: Tyler Holmes, University of Saint Thomas, LIC=V8556-DKRRP-PFWIX-H8F0P-3FT8P-IDIZI
 
Tool Versions:
Toolchain:       MDK-ARM Professional  Version: 5.14.0.0
Toolchain Path:  C:\Keil_v5\ARM\ARMCC\Bin
C Compiler:      Armcc.exe V5.05 update 1 (build 106)
Assembler:       Armasm.exe V5.05 update 1 (build 106)
Linker/Locator:  ArmLink.exe V5.05 update 1 (build 106)
Library Manager: ArmAr.exe V5.05 update 1 (build 106)
Hex Converter:   FromElf.exe V5.05 update 1 (build 106)
CPU DLL:         SARMCM3.DLL V5.14.0.0
Dialog DLL:      DARMCM1.DLL V1.12.0.0
Target DLL:      UL2CM3.DLL V1.155.0.0
Dialog DLL:      TARMCM1.DLL V1.9.0.0
 
<h2>Project:</h2>
C:\Users\Tyler\Google_Drive\Micro II Final Project\pixy-MAIN\src\device\video\m0.uvproj
Project File Date:  04/30/2015

<h2>Output:</h2>
Rebuild Project 'm0' - Target 'm0'
compiling main_m0.c...
assembling startup_LPC43xx_m0.s...
compiling qqueue.c...
compiling exec_m0.c...
compiling frame_m0.c...
compiling rls_m0.c...
linking...
Program Size: Code=5480 RO-data=216 RW-data=60 ZI-data=2052  
FromELF: creating hex file...
After Build - User command #1: fromelf --cadcombined --output="m0_image.c" ".\m0\m0.axf"
".\m0\m0.axf" - 0 Error(s), 0 Warning(s).
</pre>
</body>
</html>
