<html>
<body>
<pre>
<h1>µVision Build Log</h1>
<h2>Tool Versions:</h2>
IDE-Version: µVision V5.14.0.0
Copyright (C) 2015 ARM Ltd and ARM Germany GmbH. All rights reserved.
License Information: Tyler Holmes, University of Saint Thomas, LIC=V8556-DKRRP-PFWIX-H8F0P-3FT8P-IDIZI
 
Tool Versions:
Toolchain:       MDK-ARM Professional  Version: 5.14.0.0
Toolchain Path:  C:\Keil_v5\ARM\ARMCC\Bin
C Compiler:      Armcc.exe V5.05 update 1 (build 106)
Assembler:       Armasm.exe V5.05 update 1 (build 106)
Linker/Locator:  ArmLink.exe V5.05 update 1 (build 106)
Library Manager: ArmAr.exe V5.05 update 1 (build 106)
Hex Converter:   FromElf.exe V5.05 update 1 (build 106)
CPU DLL:         SARMCM3.DLL V5.14.0.0
Dialog DLL:      DLM.DLL V1.24.0.0
Target DLL:      UL2CM3.DLL V1.155.0.0
Dialog DLL:      DLM.DLL V1.24.0.0
 
<h2>Project:</h2>
C:\Users\Tyler\Google_Drive\Micro II Final Project\pixy-MAIN\src\device\video\video.uvproj
Project File Date:  04/30/2015

<h2>Output:</h2>
Build Project 'video' - Target 'Flash'
compiling edgedetect.cpp...
C:\Users\Tyler\Google_Drive\Micro II Final Project\pixy-MAIN\src\device\video\edgedetect.cpp(163): warning:  #550-D: variable "xPos" was set but never used
                        float xPos;
edgedetect.cpp: 1 warning, 0 errors
linking...
Program Size: Code=78506 RO-data=21334 RW-data=444 ZI-data=30772  
FromELF: creating hex file...
".\spifi\pixy_firmware.axf" - 0 Error(s), 1 Warning(s).
</pre>
</body>
</html>
